<html>
<body>
<pre>
<h1>礦ision Build Log</h1>
<h2>Tool Versions:</h2>
IDE-Version: μVision V5.27.1.0
Copyright (C) 2019 ARM Ltd and ARM Germany GmbH. All rights reserved.
License Information: Sok Sok, sok, LIC=LJWPC-73Z5W-24HSS-LK44V-6WJZV-3E21A
 
Tool Versions:
Toolchain:       MDK-ARM Professional  Version: 5.27.1.0
Toolchain Path:  C:\Keil_v5\ARM\ARMCC\Bin
C Compiler:      Armcc.exe V5.06 update 6 (build 750)
Assembler:       Armasm.exe V5.06 update 6 (build 750)
Linker/Locator:  ArmLink.exe V5.06 update 6 (build 750)
Library Manager: ArmAr.exe V5.06 update 6 (build 750)
Hex Converter:   FromElf.exe V5.06 update 6 (build 750)
CPU DLL:         
Dialog DLL:      
Target DLL:      Segger\JL2CM3.dll V2.99.35.0
Dialog DLL:      TCM.DLL V1.36.1.0
 
<h2>Project:</h2>
D:\ProGram_LiWang\LVGL_nrf52840\实验16：蓝牙串口透传\examples\ble_peripheral\ble_app_uart\pca10056\s140\arm5_no_packs\ble_app_uart_pca10056_s140.uvprojx
Project File Date:  10/25/2022

<h2>Output:</h2>
*** Using Compiler 'V5.06 update 6 (build 750)', folder: 'C:\Keil_v5\ARM\ARMCC\Bin'
Build target 'nrf52840_xxaa'
compiling Lcd_Driver.c...
compiling main.c...
..\..\..\main.c(516): warning:  #177-D: function "idle_state_handle"  was declared but never referenced
  static void idle_state_handle(void)
..\..\..\main.c: 1 warning, 0 errors
linking...
Program Size: Code=26592 RO-data=3720 RW-data=424 ZI-data=12744  
FromELF: creating hex file...
".\_build\nrf52840_xxaa.axf" - 0 Error(s), 1 Warning(s).

<h2>Software Packages used:</h2>

Package Vendor: ARM
                http://www.keil.com/pack/ARM.CMSIS.4.5.0.pack
                ARM.CMSIS.4.5.0
                CMSIS (Cortex Microcontroller Software Interface Standard)
   * Component: CORE Version: 4.3.0

Package Vendor: NordicSemiconductor
                http://developer.nordicsemi.com/nRF5_SDK/pieces/nRF_DeviceFamilyPack/NordicSemiconductor.nRF_DeviceFamilyPack.8.16.0.pack
                NordicSemiconductor.nRF_DeviceFamilyPack.8.16.0
                Nordic Semiconductor nRF ARM devices Device Family Pack.
   * Component: Startup Version: 8.16.0

<h2>Collection of Component include folders:</h2>
  .\RTE\_nrf52840_xxaa
  C:\Users\Sok\AppData\Local\Arm\Packs\ARM\CMSIS\4.5.0\CMSIS\Include
  C:\Users\Sok\AppData\Local\Arm\Packs\NordicSemiconductor\nRF_DeviceFamilyPack\8.16.0\Device\Include

<h2>Collection of Component Files used:</h2>

   * Component: ARM::CMSIS:CORE:4.3.0

   * Component: NordicSemiconductor::Device:Startup:8.16.0
      Source file:   Device\Source\system_nrf52840.c
      Include file:  Device\Include\system_nrf52840.h
      Source file:   Device\Source\arm\arm_startup_nrf52840.s
Build Time Elapsed:  00:00:02
</pre>
</body>
</html>
