Component: ARM Compiler 5.06 update 6 (build 750) Tool: armlink [4d35ed]

==============================================================================

Section Cross References

    main.o(i.assert_nrf_callback) refers to app_error_handler_keil.o(.emb_text) for app_error_handler
    main.o(i.ble_evt_handler) refers to nrf_log_frontend.o(i.nrf_log_frontend_std_0) for nrf_log_frontend_std_0
    main.o(i.ble_evt_handler) refers to bsp.o(i.bsp_indication_set) for bsp_indication_set
    main.o(i.ble_evt_handler) refers to app_error.o(i.app_error_handler_bare) for app_error_handler_bare
    main.o(i.ble_evt_handler) refers to nrf_ble_qwr.o(i.nrf_ble_qwr_conn_handle_assign) for nrf_ble_qwr_conn_handle_assign
    main.o(i.ble_evt_handler) refers to main.o(.data) for .data
    main.o(i.ble_evt_handler) refers to nrf_log_frontend.o(log_dynamic_data) for m_nrf_log_app_logs_data_dynamic
    main.o(i.ble_evt_handler) refers to main.o(.bss) for .bss
    main.o(i.bsp_event_handler) refers to main.o(i.sleep_mode_enter) for sleep_mode_enter
    main.o(i.bsp_event_handler) refers to app_error.o(i.app_error_handler_bare) for app_error_handler_bare
    main.o(i.bsp_event_handler) refers to ble_advertising.o(i.ble_advertising_restart_without_whitelist) for ble_advertising_restart_without_whitelist
    main.o(i.bsp_event_handler) refers to main.o(.data) for .data
    main.o(i.bsp_event_handler) refers to main.o(.bss) for .bss
    main.o(i.conn_params_error_handler) refers to app_error.o(i.app_error_handler_bare) for app_error_handler_bare
    main.o(i.gatt_evt_handler) refers to nrf_log_frontend.o(i.nrf_log_frontend_std_2) for nrf_log_frontend_std_2
    main.o(i.gatt_evt_handler) refers to main.o(.data) for .data
    main.o(i.gatt_evt_handler) refers to nrf_log_frontend.o(log_dynamic_data) for m_nrf_log_app_logs_data_dynamic
    main.o(i.gatt_init) refers to nrf_ble_gatt.o(i.nrf_ble_gatt_init) for nrf_ble_gatt_init
    main.o(i.gatt_init) refers to app_error.o(i.app_error_handler_bare) for app_error_handler_bare
    main.o(i.gatt_init) refers to nrf_ble_gatt.o(i.nrf_ble_gatt_att_mtu_periph_set) for nrf_ble_gatt_att_mtu_periph_set
    main.o(i.gatt_init) refers to main.o(i.gatt_evt_handler) for gatt_evt_handler
    main.o(i.gatt_init) refers to main.o(.bss) for .bss
    main.o(i.main) refers to memcpya.o(.text) for __aeabi_memcpy4
    main.o(i.main) refers to app_uart_fifo.o(i.app_uart_init) for app_uart_init
    main.o(i.main) refers to app_error.o(i.app_error_handler_bare) for app_error_handler_bare
    main.o(i.main) refers to nrf_log_frontend.o(i.nrf_log_init) for nrf_log_init
    main.o(i.main) refers to nrf_log_default_backends.o(i.nrf_log_default_backends_init) for nrf_log_default_backends_init
    main.o(i.main) refers to app_timer.o(i.app_timer_init) for app_timer_init
    main.o(i.main) refers to bsp.o(i.bsp_init) for bsp_init
    main.o(i.main) refers to bsp_btn_ble.o(i.bsp_btn_ble_init) for bsp_btn_ble_init
    main.o(i.main) refers to nrf_pwr_mgmt.o(i.nrf_pwr_mgmt_init) for nrf_pwr_mgmt_init
    main.o(i.main) refers to nrf_sdh.o(i.nrf_sdh_enable_request) for nrf_sdh_enable_request
    main.o(i.main) refers to nrf_sdh_ble.o(i.nrf_sdh_ble_default_cfg_set) for nrf_sdh_ble_default_cfg_set
    main.o(i.main) refers to nrf_sdh_ble.o(i.nrf_sdh_ble_enable) for nrf_sdh_ble_enable
    main.o(i.main) refers to main.o(i.gatt_init) for gatt_init
    main.o(i.main) refers to nrf_ble_qwr.o(i.nrf_ble_qwr_init) for nrf_ble_qwr_init
    main.o(i.main) refers to ble_nus.o(i.ble_nus_init) for ble_nus_init
    main.o(i.main) refers to memseta.o(.text) for __aeabi_memclr4
    main.o(i.main) refers to ble_advertising.o(i.ble_advertising_init) for ble_advertising_init
    main.o(i.main) refers to ble_advertising.o(i.ble_advertising_conn_cfg_tag_set) for ble_advertising_conn_cfg_tag_set
    main.o(i.main) refers to ble_conn_params.o(i.ble_conn_params_init) for ble_conn_params_init
    main.o(i.main) refers to printfb.o(i.__0printf$bare) for __2printf
    main.o(i.main) refers to nrf_log_frontend.o(i.nrf_log_frontend_std_0) for nrf_log_frontend_std_0
    main.o(i.main) refers to ble_advertising.o(i.ble_advertising_start) for ble_advertising_start
    main.o(i.main) refers to main.o(i.nrf_gpio_cfg_output) for nrf_gpio_cfg_output
    main.o(i.main) refers to lcd_driver.o(i.LCD_Init) for LCD_Init
    main.o(i.main) refers to main.o(.constdata) for .constdata
    main.o(i.main) refers to main.o(.bss) for .bss
    main.o(i.main) refers to main.o(i.uart_event_handle) for uart_event_handle
    main.o(i.main) refers to main.o(i.bsp_event_handler) for bsp_event_handler
    main.o(i.main) refers to main.o(i.nrf_qwr_error_handler) for nrf_qwr_error_handler
    main.o(i.main) refers to main.o(i.nus_data_handler) for nus_data_handler
    main.o(i.main) refers to main.o(.data) for .data
    main.o(i.main) refers to main.o(i.on_adv_evt) for on_adv_evt
    main.o(i.main) refers to main.o(i.on_conn_params_evt) for on_conn_params_evt
[...]
    SWI4_EGU4_IRQHandler                     0x000263db   Thumb Code     0  arm_startup_nrf52840.o(.text)
    SWI5_EGU5_IRQHandler                     0x000263db   Thumb Code     0  arm_startup_nrf52840.o(.text)
    TEMP_IRQHandler                          0x000263db   Thumb Code     0  arm_startup_nrf52840.o(.text)
    TIMER0_IRQHandler                        0x000263db   Thumb Code     0  arm_startup_nrf52840.o(.text)
    TIMER1_IRQHandler                        0x000263db   Thumb Code     0  arm_startup_nrf52840.o(.text)
    TIMER2_IRQHandler                        0x000263db   Thumb Code     0  arm_startup_nrf52840.o(.text)
    TIMER3_IRQHandler                        0x000263db   Thumb Code     0  arm_startup_nrf52840.o(.text)
    TIMER4_IRQHandler                        0x000263db   Thumb Code     0  arm_startup_nrf52840.o(.text)
    UARTE1_IRQHandler                        0x000263db   Thumb Code     0  arm_startup_nrf52840.o(.text)
    USBD_IRQHandler                          0x000263db   Thumb Code     0  arm_startup_nrf52840.o(.text)
    WDT_IRQHandler                           0x000263db   Thumb Code     0  arm_startup_nrf52840.o(.text)
    __aeabi_uldivmod                         0x000263e5   Thumb Code    98  uldiv.o(.text)
    __aeabi_llsl                             0x00026447   Thumb Code    30  llshl.o(.text)
    _ll_shift_l                              0x00026447   Thumb Code     0  llshl.o(.text)
    __rt_ctype_table                         0x00026465   Thumb Code     4  ctype_o.o(.text)
    __aeabi_memcpy                           0x0002646d   Thumb Code    36  memcpya.o(.text)
    __aeabi_memcpy4                          0x0002646d   Thumb Code     0  memcpya.o(.text)
    __aeabi_memcpy8                          0x0002646d   Thumb Code     0  memcpya.o(.text)
    __aeabi_memset                           0x00026491   Thumb Code    14  memseta.o(.text)
    __aeabi_memset4                          0x00026491   Thumb Code     0  memseta.o(.text)
    __aeabi_memset8                          0x00026491   Thumb Code     0  memseta.o(.text)
    __aeabi_memclr                           0x0002649f   Thumb Code     4  memseta.o(.text)
    __aeabi_memclr4                          0x0002649f   Thumb Code     0  memseta.o(.text)
    __aeabi_memclr8                          0x0002649f   Thumb Code     0  memseta.o(.text)
    _memset$wrapper                          0x000264a3   Thumb Code    18  memseta.o(.text)
    strlen                                   0x000264b5   Thumb Code    14  strlen.o(.text)
    strcpy                                   0x000264c3   Thumb Code    18  strcpy.o(.text)
    __aeabi_llsr                             0x000264d5   Thumb Code    32  llushr.o(.text)
    _ll_ushift_r                             0x000264d5   Thumb Code     0  llushr.o(.text)
    __scatterload                            0x000264f5   Thumb Code    28  init.o(.text)
    __scatterload_rt2                        0x000264f5   Thumb Code     0  init.o(.text)
    __decompress                             0x00026519   Thumb Code     0  __dczerorl2.o(.text)
    __decompress1                            0x00026519   Thumb Code    86  __dczerorl2.o(.text)
    GPIOTE_IRQHandler                        0x00026571   Thumb Code   428  nrfx_gpiote.o(i.GPIOTE_IRQHandler)
    LCD_Clear                                0x00026725   Thumb Code    42  lcd_driver.o(i.LCD_Clear)
    LCD_Init                                 0x00026755   Thumb Code   518  lcd_driver.o(i.LCD_Init)
    LCD_SetCursor                            0x00026961   Thumb Code    48  lcd_driver.o(i.LCD_SetCursor)
    LCD_WR_DATA                              0x00026995   Thumb Code    54  lcd_driver.o(i.LCD_WR_DATA)
    LCD_WR_DATA8                             0x000269dd   Thumb Code    50  lcd_driver.o(i.LCD_WR_DATA8)
    LCD_WR_REG                               0x00026a21   Thumb Code    50  lcd_driver.o(i.LCD_WR_REG)
    LCD_WriteRAM_Prepare                     0x00026a65   Thumb Code     8  lcd_driver.o(i.LCD_WriteRAM_Prepare)
    POWER_CLOCK_IRQHandler                   0x00026ad5   Thumb Code    82  nrfx_clock.o(i.POWER_CLOCK_IRQHandler)
    RTC1_IRQHandler                          0x00026b2d   Thumb Code    32  app_timer.o(i.RTC1_IRQHandler)
    SEGGER_RTT_Init                          0x00026b51   Thumb Code     4  segger_rtt.o(i.SEGGER_RTT_Init)
    SEGGER_RTT_WriteNoLock                   0x00026b55   Thumb Code    86  segger_rtt.o(i.SEGGER_RTT_WriteNoLock)
    SPIM0_SPIS0_TWIM0_TWIS0_SPI0_TWI0_IRQHandler 0x00026bb1   Thumb Code    76  nrfx_spim.o(i.SPIM0_SPIS0_TWIM0_TWIS0_SPI0_TWI0_IRQHandler)
    SWI0_EGU0_IRQHandler                     0x00026c05   Thumb Code     4  app_timer.o(i.SWI0_EGU0_IRQHandler)
    SWI2_EGU2_IRQHandler                     0x00026c09   Thumb Code     4  nrf_sdh.o(i.SWI2_EGU2_IRQHandler)
    SystemInit                               0x00026c0d   Thumb Code   416  system_nrf52840.o(i.SystemInit)
    UARTE0_UART0_IRQHandler                  0x00026de9   Thumb Code     6  nrfx_prs.o(i.UARTE0_UART0_IRQHandler)
    __0printf$bare                           0x00026f11   Thumb Code     8  printfb.o(i.__0printf$bare)
    __1printf$bare                           0x00026f11   Thumb Code     0  printfb.o(i.__0printf$bare)
    __2printf                                0x00026f11   Thumb Code     0  printfb.o(i.__0printf$bare)
    __scatterload_copy                       0x00026f21   Thumb Code    14  handlers.o(i.__scatterload_copy)
    __scatterload_null                       0x00026f2f   Thumb Code     2  handlers.o(i.__scatterload_null)
    __scatterload_zeroinit                   0x00026f31   Thumb Code    14  handlers.o(i.__scatterload_zeroinit)
    app_button_enable                        0x00026fd5   Thumb Code    32  app_button.o(i.app_button_enable)
    app_button_init                          0x00026ff9   Thumb Code   102  app_button.o(i.app_button_init)
    app_error_fault_handler                  0x00027071   Thumb Code    84  app_error_weak.o(i.app_error_fault_handler)
    app_error_handler_bare                   0x000270ed   Thumb Code    22  app_error.o(i.app_error_handler_bare)
    app_fifo_get                             0x00027103   Thumb Code    22  app_fifo.o(i.app_fifo_get)
    app_fifo_init                            0x00027119   Thumb Code    32  app_fifo.o(i.app_fifo_init)
    app_fifo_put                             0x00027139   Thumb Code    26  app_fifo.o(i.app_fifo_put)
    app_timer_create                         0x00027155   Thumb Code    36  app_timer.o(i.app_timer_create)
    app_timer_init                           0x0002717d   Thumb Code    70  app_timer.o(i.app_timer_init)
    app_timer_start                          0x000271d1   Thumb Code   128  app_timer.o(i.app_timer_start)
    app_timer_stop                           0x00027259   Thumb Code    26  app_timer.o(i.app_timer_stop)
    app_uart_get                             0x00027279   Thumb Code    42  app_uart_fifo.o(i.app_uart_get)
    app_uart_init                            0x000272ad   Thumb Code   148  app_uart_fifo.o(i.app_uart_init)
    app_uart_put                             0x00027351   Thumb Code    70  app_uart_fifo.o(i.app_uart_put)
    app_util_critical_region_enter           0x000273a5   Thumb Code    64  app_util_platform.o(i.app_util_critical_region_enter)
    app_util_critical_region_exit            0x000273ed   Thumb Code    46  app_util_platform.o(i.app_util_critical_region_exit)
    blcm_link_ctx_get                        0x0002750d   Thumb Code    72  ble_link_ctx_manager.o(i.blcm_link_ctx_get)
    ble_advdata_encode                       0x00027555   Thumb Code   386  ble_advdata.o(i.ble_advdata_encode)
    ble_advdata_parse                        0x000276d7   Thumb Code    32  ble_advdata.o(i.ble_advdata_parse)
    ble_advdata_search                       0x000276f7   Thumb Code    56  ble_advdata.o(i.ble_advdata_search)
    ble_advertising_conn_cfg_tag_set         0x0002772f   Thumb Code     6  ble_advertising.o(i.ble_advertising_conn_cfg_tag_set)
    ble_advertising_init                     0x00027735   Thumb Code   234  ble_advertising.o(i.ble_advertising_init)
    ble_advertising_on_ble_evt               0x0002781f   Thumb Code   106  ble_advertising.o(i.ble_advertising_on_ble_evt)
    ble_advertising_on_sys_evt               0x00027889   Thumb Code    48  ble_advertising.o(i.ble_advertising_on_sys_evt)
    ble_advertising_restart_without_whitelist 0x000278b9   Thumb Code    58  ble_advertising.o(i.ble_advertising_restart_without_whitelist)
    ble_advertising_start                    0x000278f3   Thumb Code   566  ble_advertising.o(i.ble_advertising_start)
    ble_conn_params_init                     0x00027b29   Thumb Code    90  ble_conn_params.o(i.ble_conn_params_init)
    ble_conn_state_conn_idx                  0x00027b91   Thumb Code    18  ble_conn_state.o(i.ble_conn_state_conn_idx)
    ble_conn_state_valid                     0x00027ba5   Thumb Code    16  ble_conn_state.o(i.ble_conn_state_valid)
    ble_nus_data_send                        0x00027f59   Thumb Code   102  ble_nus.o(i.ble_nus_data_send)
    ble_nus_init                             0x00027fc1   Thumb Code    82  ble_nus.o(i.ble_nus_init)
    ble_nus_on_ble_evt                       0x00028019   Thumb Code   112  ble_nus.o(i.ble_nus_on_ble_evt)
    ble_srv_is_notification_enabled          0x00028089   Thumb Code     8  ble_srv_common.o(i.ble_srv_is_notification_enabled)
    bsp_board_button_idx_to_pin              0x00028091   Thumb Code     6  boards.o(i.bsp_board_button_idx_to_pin)
    bsp_board_button_state_get               0x0002809d   Thumb Code    36  boards.o(i.bsp_board_button_state_get)
    bsp_board_init                           0x000280c5   Thumb Code    80  boards.o(i.bsp_board_init)
    bsp_board_led_invert                     0x00028119   Thumb Code    40  boards.o(i.bsp_board_led_invert)
    bsp_board_led_off                        0x00028145   Thumb Code    10  boards.o(i.bsp_board_led_off)
    bsp_board_led_on                         0x00028155   Thumb Code    10  boards.o(i.bsp_board_led_on)
    bsp_board_led_state_get                  0x00028165   Thumb Code    36  boards.o(i.bsp_board_led_state_get)
    bsp_board_leds_off                       0x0002818d   Thumb Code    18  boards.o(i.bsp_board_leds_off)
    bsp_board_leds_on                        0x0002819f   Thumb Code    18  boards.o(i.bsp_board_leds_on)
    bsp_board_pin_to_button_idx              0x000281b1   Thumb Code    30  boards.o(i.bsp_board_pin_to_button_idx)
    bsp_btn_ble_init                         0x000281d5   Thumb Code    40  bsp_btn_ble.o(i.bsp_btn_ble_init)
    bsp_btn_ble_sleep_mode_prepare           0x00028201   Thumb Code    30  bsp_btn_ble.o(i.bsp_btn_ble_sleep_mode_prepare)
    bsp_button_is_pressed                    0x000282b1   Thumb Code    12  bsp.o(i.bsp_button_is_pressed)
    bsp_event_handler                        0x000282bd   Thumb Code    66  main.o(i.bsp_event_handler)
    bsp_event_to_button_action_assign        0x00028309   Thumb Code    64  bsp.o(i.bsp_event_to_button_action_assign)
    bsp_indication_set                       0x0002834d   Thumb Code    20  bsp.o(i.bsp_indication_set)
    bsp_init                                 0x00028365   Thumb Code   128  bsp.o(i.bsp_init)
    bsp_wakeup_button_enable                 0x000285b1   Thumb Code     6  bsp.o(i.bsp_wakeup_button_enable)
    buffer_is_empty                          0x00028669   Thumb Code    16  nrf_log_frontend.o(i.buffer_is_empty)
    conn_handle_list_get                     0x000287e9   Thumb Code    62  ble_conn_state.o(i.conn_handle_list_get)
    fputc                                    0x00028b47   Thumb Code    14  retarget.o(i.fputc)
    gatt_evt_handler                         0x00028b55   Thumb Code    48  main.o(i.gatt_evt_handler)
    gatt_init                                0x00028ba9   Thumb Code    38  main.o(i.gatt_init)
    hal_spi_init                             0x00028c5d   Thumb Code    70  lcd_driver.o(i.hal_spi_init)
    main                                     0x00029069   Thumb Code   504  main.o(i.main)
    nrf_atfifo_item_free                     0x0002948d   Thumb Code    22  nrf_atfifo.o(i.nrf_atfifo_item_free)
    nrf_atfifo_item_get                      0x000294a3   Thumb Code    22  nrf_atfifo.o(i.nrf_atfifo_item_get)
    nrf_atflags_clear                        0x000294b9   Thumb Code    22  nrf_atflags.o(i.nrf_atflags_clear)
    nrf_atflags_get                          0x000294cf   Thumb Code    22  nrf_atflags.o(i.nrf_atflags_get)
    nrf_atflags_set                          0x000294e5   Thumb Code    20  nrf_atflags.o(i.nrf_atflags_set)
    nrf_atomic_flag_clear_fetch              0x000294f9   Thumb Code     6  nrf_atomic.o(i.nrf_atomic_flag_clear_fetch)
    nrf_atomic_flag_set                      0x000294ff   Thumb Code     6  nrf_atomic.o(i.nrf_atomic_flag_set)
    nrf_atomic_u32_add                       0x00029505   Thumb Code    12  nrf_atomic.o(i.nrf_atomic_u32_add)
    nrf_atomic_u32_and                       0x00029511   Thumb Code    12  nrf_atomic.o(i.nrf_atomic_u32_and)
    nrf_atomic_u32_fetch_and                 0x0002951d   Thumb Code    10  nrf_atomic.o(i.nrf_atomic_u32_fetch_and)
    nrf_atomic_u32_fetch_store               0x00029527   Thumb Code    10  nrf_atomic.o(i.nrf_atomic_u32_fetch_store)
    nrf_atomic_u32_or                        0x00029531   Thumb Code    12  nrf_atomic.o(i.nrf_atomic_u32_or)
    nrf_atomic_u32_sub                       0x0002953d   Thumb Code    12  nrf_atomic.o(i.nrf_atomic_u32_sub)
    nrf_balloc_alloc                         0x00029549   Thumb Code    68  nrf_balloc.o(i.nrf_balloc_alloc)
    nrf_balloc_free                          0x0002958d   Thumb Code    48  nrf_balloc.o(i.nrf_balloc_free)
    nrf_balloc_init                          0x000295bd   Thumb Code    48  nrf_balloc.o(i.nrf_balloc_init)
    nrf_ble_gatt_att_mtu_periph_set          0x00029611   Thumb Code    24  nrf_ble_gatt.o(i.nrf_ble_gatt_att_mtu_periph_set)
    nrf_ble_gatt_init                        0x00029629   Thumb Code    34  nrf_ble_gatt.o(i.nrf_ble_gatt_init)
    nrf_ble_gatt_on_ble_evt                  0x0002964d   Thumb Code   266  nrf_ble_gatt.o(i.nrf_ble_gatt_on_ble_evt)
    nrf_ble_qwr_conn_handle_assign           0x00029795   Thumb Code    22  nrf_ble_qwr.o(i.nrf_ble_qwr_conn_handle_assign)
    nrf_ble_qwr_init                         0x000297ab   Thumb Code    36  nrf_ble_qwr.o(i.nrf_ble_qwr_init)
    nrf_ble_qwr_on_ble_evt                   0x000297cf   Thumb Code   182  nrf_ble_qwr.o(i.nrf_ble_qwr_on_ble_evt)
    nrf_drv_clock_init                       0x000298c5   Thumb Code    48  nrf_drv_clock.o(i.nrf_drv_clock_init)
    nrf_drv_clock_lfclk_release              0x000298fd   Thumb Code    42  nrf_drv_clock.o(i.nrf_drv_clock_lfclk_release)
    nrf_drv_spi_init                         0x0002992d   Thumb Code    98  nrf_drv_spi.o(i.nrf_drv_spi_init)
    nrf_drv_uart_init                        0x000299b5   Thumb Code    90  nrf_drv_uart.o(i.nrf_drv_uart_init)
    nrf_fprintf                              0x00029a5d   Thumb Code    26  nrf_fprintf.o(i.nrf_fprintf)
    nrf_fprintf_buffer_flush                 0x00029a77   Thumb Code    24  nrf_fprintf.o(i.nrf_fprintf_buffer_flush)
    nrf_fprintf_fmt                          0x00029a8f   Thumb Code   474  nrf_fprintf_format.o(i.nrf_fprintf_fmt)
    nrf_fstorage_is_busy                     0x00029c69   Thumb Code    70  nrf_fstorage.o(i.nrf_fstorage_is_busy)
    nrf_fstorage_sdh_req_handler             0x00029cb9   Thumb Code    18  nrf_fstorage_sd.o(i.nrf_fstorage_sdh_req_handler)
    nrf_fstorage_sdh_state_handler           0x00029cd1   Thumb Code    28  nrf_fstorage_sd.o(i.nrf_fstorage_sdh_state_handler)
    nrf_fstorage_sys_evt_handler             0x00029cf1   Thumb Code   154  nrf_fstorage_sd.o(i.nrf_fstorage_sys_evt_handler)
    nrf_log_backend_add                      0x0002a0ed   Thumb Code    74  nrf_log_frontend.o(i.nrf_log_backend_add)
    nrf_log_backend_rtt_init                 0x0002a13f   Thumb Code     4  nrf_log_backend_rtt.o(i.nrf_log_backend_rtt_init)
    nrf_log_backend_serial_put               0x0002a15d   Thumb Code   200  nrf_log_backend_serial.o(i.nrf_log_backend_serial_put)
    nrf_log_color_id_get                     0x0002a225   Thumb Code    42  nrf_log_frontend.o(i.nrf_log_color_id_get)
    nrf_log_default_backends_init            0x0002a255   Thumb Code    22  nrf_log_default_backends.o(i.nrf_log_default_backends_init)
    nrf_log_frontend_dequeue                 0x0002a271   Thumb Code   510  nrf_log_frontend.o(i.nrf_log_frontend_dequeue)
    nrf_log_frontend_std_0                   0x0002a491   Thumb Code     8  nrf_log_frontend.o(i.nrf_log_frontend_std_0)
    nrf_log_frontend_std_1                   0x0002a499   Thumb Code    14  nrf_log_frontend.o(i.nrf_log_frontend_std_1)
    nrf_log_frontend_std_2                   0x0002a4a7   Thumb Code    16  nrf_log_frontend.o(i.nrf_log_frontend_std_2)
    nrf_log_hexdump_entry_process            0x0002a4b9   Thumb Code   146  nrf_log_str_formatter.o(i.nrf_log_hexdump_entry_process)
    nrf_log_init                             0x0002a565   Thumb Code    66  nrf_log_frontend.o(i.nrf_log_init)
    nrf_log_module_cnt_get                   0x0002a5bd   Thumb Code    10  nrf_log_frontend.o(i.nrf_log_module_cnt_get)
    nrf_log_module_name_get                  0x0002a5d1   Thumb Code    24  nrf_log_frontend.o(i.nrf_log_module_name_get)
    nrf_log_panic                            0x0002a5ed   Thumb Code    34  nrf_log_frontend.o(i.nrf_log_panic)
    nrf_log_std_entry_process                0x0002a615   Thumb Code   182  nrf_log_str_formatter.o(i.nrf_log_std_entry_process)
    nrf_memobj_alloc                         0x0002a6cb   Thumb Code    96  nrf_memobj.o(i.nrf_memobj_alloc)
    nrf_memobj_free                          0x0002a72b   Thumb Code    50  nrf_memobj.o(i.nrf_memobj_free)
    nrf_memobj_get                           0x0002a75d   Thumb Code     8  nrf_memobj.o(i.nrf_memobj_get)
    nrf_memobj_pool_init                     0x0002a765   Thumb Code     4  nrf_memobj.o(i.nrf_memobj_pool_init)
    nrf_memobj_put                           0x0002a769   Thumb Code    30  nrf_memobj.o(i.nrf_memobj_put)
    nrf_memobj_read                          0x0002a787   Thumb Code    12  nrf_memobj.o(i.nrf_memobj_read)
    nrf_memobj_write                         0x0002a793   Thumb Code    12  nrf_memobj.o(i.nrf_memobj_write)
    nrf_pwr_mgmt_init                        0x0002a7a1   Thumb Code    28  nrf_pwr_mgmt.o(i.nrf_pwr_mgmt_init)
    nrf_sdh_ble_app_ram_start_get            0x0002a7cd   Thumb Code    16  nrf_sdh_ble.o(i.nrf_sdh_ble_app_ram_start_get)
    nrf_sdh_ble_default_cfg_set              0x0002a7e1   Thumb Code   312  nrf_sdh_ble.o(i.nrf_sdh_ble_default_cfg_set)
    nrf_sdh_ble_enable                       0x0002a935   Thumb Code   116  nrf_sdh_ble.o(i.nrf_sdh_ble_enable)
    nrf_sdh_disable_request                  0x0002aac1   Thumb Code    80  nrf_sdh.o(i.nrf_sdh_disable_request)
    nrf_sdh_enable_request                   0x0002ab15   Thumb Code   102  nrf_sdh.o(i.nrf_sdh_enable_request)
    nrf_sdh_evts_poll                        0x0002ab89   Thumb Code    32  nrf_sdh.o(i.nrf_sdh_evts_poll)
    nrf_sdh_is_enabled                       0x0002abad   Thumb Code     6  nrf_sdh.o(i.nrf_sdh_is_enabled)
    nrf_sdh_request_continue                 0x0002abb9   Thumb Code    22  nrf_sdh.o(i.nrf_sdh_request_continue)
    nrf_section_iter_init                    0x0002ac11   Thumb Code    10  nrf_section_iter.o(i.nrf_section_iter_init)
    nrf_section_iter_next                    0x0002ac3f   Thumb Code    32  nrf_section_iter.o(i.nrf_section_iter_next)
    nrf_strerror_find                        0x0002ac69   Thumb Code    52  nrf_strerror.o(i.nrf_strerror_find)
    nrf_strerror_get                         0x0002aca1   Thumb Code    14  nrf_strerror.o(i.nrf_strerror_get)
    nrfx_clock_enable                        0x0002aced   Thumb Code    36  nrfx_clock.o(i.nrfx_clock_enable)
    nrfx_clock_init                          0x0002ad19   Thumb Code    26  nrfx_clock.o(i.nrfx_clock_init)
    nrfx_clock_lfclk_stop                    0x0002ad39   Thumb Code    20  nrfx_clock.o(i.nrfx_clock_lfclk_stop)
    nrfx_gpiote_in_event_enable              0x0002ad65   Thumb Code   144  nrfx_gpiote.o(i.nrfx_gpiote_in_event_enable)
    nrfx_gpiote_in_init                      0x0002adfd   Thumb Code   200  nrfx_gpiote.o(i.nrfx_gpiote_in_init)
    nrfx_gpiote_in_is_set                    0x0002aed1   Thumb Code    14  nrfx_gpiote.o(i.nrfx_gpiote_in_is_set)
    nrfx_gpiote_init                         0x0002aee1   Thumb Code   104  nrfx_gpiote.o(i.nrfx_gpiote_init)
    nrfx_gpiote_is_init                      0x0002af55   Thumb Code    14  nrfx_gpiote.o(i.nrfx_gpiote_is_init)
    nrfx_prs_acquire                         0x0002af89   Thumb Code    58  nrfx_prs.o(i.nrfx_prs_acquire)
    nrfx_spim_init                           0x0002afc5   Thumb Code   392  nrfx_spim.o(i.nrfx_spim_init)
    nrfx_spim_xfer                           0x0002b155   Thumb Code    94  nrfx_spim.o(i.nrfx_spim_xfer)
    nrfx_uart_0_irq_handler                  0x0002b1b9   Thumb Code     8  nrfx_uart.o(i.nrfx_uart_0_irq_handler)
    nrfx_uart_init                           0x0002b1c9   Thumb Code   200  nrfx_uart.o(i.nrfx_uart_init)
    nrfx_uart_rx                             0x0002b29d   Thumb Code   230  nrfx_uart.o(i.nrfx_uart_rx)
    nrfx_uart_tx                             0x0002b389   Thumb Code   160  nrfx_uart.o(i.nrfx_uart_tx)
    nrfx_uart_tx_in_progress                 0x0002b42d   Thumb Code    26  nrfx_uart.o(i.nrfx_uart_tx_in_progress)
    nrfx_uarte_0_irq_handler                 0x0002b44d   Thumb Code     8  nrfx_uarte.o(i.nrfx_uarte_0_irq_handler)
    nrfx_uarte_init                          0x0002b45d   Thumb Code   100  nrfx_uarte.o(i.nrfx_uarte_init)
    nrfx_uarte_rx                            0x0002b4c9   Thumb Code   256  nrfx_uarte.o(i.nrfx_uarte_rx)
    nrfx_uarte_tx                            0x0002b5cd   Thumb Code   138  nrfx_uarte.o(i.nrfx_uarte_tx)
    nrfx_uarte_tx_in_progress                0x0002b65d   Thumb Code    22  nrfx_uarte.o(i.nrfx_uarte_tx_in_progress)
    spi_event_handler                        0x0002bf29   Thumb Code     8  lcd_driver.o(i.spi_event_handler)
    uart_event_handle                        0x0002c3a1   Thumb Code   104  main.o(i.uart_event_handle)
    nrf_log_backend_rtt_api                  0x0002cc28   Data          12  nrf_log_backend_rtt.o(.constdata)
    m_ram_start                              0x0002ccc0   Data           4  nrf_sdh_ble.o(.constdata)
    __ctype_table                            0x0002cd28   Data         129  ctype_o.o(.constdata)
    Region$$Table$$Base                      0x0002d528   Number         0  anon$$obj.o(Region$$Table)
    Region$$Table$$Limit                     0x0002d548   Number         0  anon$$obj.o(Region$$Table)
    log_const_data$$Base                     0x0002d548   Number         0  nrf_ble_gatt.o(log_const_data)
    m_nrf_log_nrf_ble_gatt_logs_data_const   0x0002d548   Data           8  nrf_ble_gatt.o(log_const_data)
    m_nrf_log_ble_nus_logs_data_const        0x0002d550   Data           8  ble_nus.o(log_const_data)
    m_nrf_log_clock_logs_data_const          0x0002d558   Data           8  nrf_drv_clock.o(log_const_data)
    m_nrf_log_CLOCK_logs_data_const          0x0002d560   Data           8  nrfx_clock.o(log_const_data)
    m_nrf_log_GPIOTE_logs_data_const         0x0002d568   Data           8  nrfx_gpiote.o(log_const_data)
    m_nrf_log_PRS_logs_data_const            0x0002d570   Data           8  nrfx_prs.o(log_const_data)
    m_nrf_log_UART_logs_data_const           0x0002d578   Data           8  nrfx_uart.o(log_const_data)
    m_nrf_log_UARTE_logs_data_const          0x0002d580   Data           8  nrfx_uarte.o(log_const_data)
    m_nrf_log_nrf_fstorage_logs_data_const   0x0002d588   Data           8  nrf_fstorage.o(log_const_data)
    m_nrf_log_atfifo_m_fifo_logs_data_const  0x0002d590   Data           8  nrf_fstorage_sd.o(log_const_data)
    m_nrf_log_pwr_mgmt_logs_data_const       0x0002d598   Data           8  nrf_pwr_mgmt.o(log_const_data)
    m_nrf_log_balloc_log_mempool_logs_data_const 0x0002d5a0   Data           8  nrf_log_frontend.o(log_const_data)
    m_nrf_log_app_logs_data_const            0x0002d5a8   Data           8  nrf_log_frontend.o(log_const_data)
    m_nrf_log_nrf_sdh_logs_data_const        0x0002d5b0   Data           8  nrf_sdh.o(log_const_data)
    m_nrf_log_nrf_sdh_ble_logs_data_const    0x0002d5b8   Data           8  nrf_sdh_ble.o(log_const_data)
    m_nrf_log_nrf_sdh_soc_logs_data_const    0x0002d5c0   Data           8  nrf_sdh_soc.o(log_const_data)
    m_nrf_log_SPIM_logs_data_const           0x0002d5c8   Data           8  nrfx_spim.o(log_const_data)
    log_const_data$$Limit                    0x0002d5d0   Number         0  nrfx_spim.o(log_const_data)
    log_mempool                              0x0002d5d0   Data          24  nrf_log_frontend.o(nrf_balloc)
    sdh_ble_observers0$$Base                 0x0002d5e8   Number         0  ble_conn_state.o(sdh_ble_observers0)
    sdh_ble_observers0$$Limit                0x0002d5f0   Number         0  ble_conn_state.o(sdh_ble_observers0)
    sdh_ble_observers1$$Base                 0x0002d5f0   Number         0  main.o(sdh_ble_observers1)
    sdh_ble_observers1$$Limit                0x0002d610   Number         0  ble_conn_params.o(sdh_ble_observers1)
    sdh_ble_observers2$$Base                 0x0002d610   Number         0  main.o(sdh_ble_observers2)
    sdh_ble_observers2$$Limit                0x0002d620   Number         0  main.o(sdh_ble_observers2)
    sdh_ble_observers3$$Base                 0x0002d620   Number         0  main.o(sdh_ble_observers3)
    m_req_obs                                0x0002d628   Data           8  nrf_fstorage_sd.o(sdh_req_observers0)
    sdh_ble_observers3$$Limit                0x0002d628   Number         0  main.o(sdh_ble_observers3)
    sdh_req_observers0$$Base                 0x0002d628   Number         0  nrf_fstorage_sd.o(sdh_req_observers0)
    sdh_req_observers0$$Limit                0x0002d630   Number         0  nrf_fstorage_sd.o(sdh_req_observers0)
    sdh_soc_observers0$$Base                 0x0002d630   Number         0  nrf_drv_clock.o(sdh_soc_observers0)
    sdh_soc_observers0$$Limit                0x0002d640   Number         0  nrf_fstorage_sd.o(sdh_soc_observers0)
    sdh_soc_observers1$$Base                 0x0002d640   Number         0  main.o(sdh_soc_observers1)
    sdh_soc_observers1$$Limit                0x0002d648   Number         0  main.o(sdh_soc_observers1)
    sdh_stack_observers0$$Base               0x0002d648   Number         0  nrf_sdh_ble.o(sdh_stack_observers0)
    sdh_stack_observers0$$Limit              0x0002d658   Number         0  nrf_sdh_soc.o(sdh_stack_observers0)
    sdh_state_observers0$$Base               0x0002d658   Number         0  nrf_drv_clock.o(sdh_state_observers0)
    sdh_state_observers0$$Limit              0x0002d668   Number         0  nrf_fstorage_sd.o(sdh_state_observers0)
    Image$$RW_IRAM1$$Base                    0x20002a98   Number         0  anon$$obj.o ABSOLUTE
    nrf_drv_uart_use_easy_dma                0x20002aec   Data           2  nrf_drv_uart.o(.data)
    __stdout                                 0x20002b84   Data           4  retarget.o(.data)
    POINT_COLOR                              0x20002bee   Data           2  lcd_driver.o(.data)
    lcddev                                   0x20002bf0   Data           8  lcd_driver.o(.data)
    SystemCoreClock                          0x20002bf8   Data           4  system_nrf52840.o(.data)
    log_dynamic_data$$Base                   0x20002bfc   Number         0  nrf_ble_gatt.o(log_dynamic_data)
    m_nrf_log_nrf_ble_gatt_logs_data_dynamic 0x20002bfc   Data           4  nrf_ble_gatt.o(log_dynamic_data)
    m_nrf_log_ble_nus_logs_data_dynamic      0x20002c00   Data           4  ble_nus.o(log_dynamic_data)
    m_nrf_log_clock_logs_data_dynamic        0x20002c04   Data           4  nrf_drv_clock.o(log_dynamic_data)
    m_nrf_log_CLOCK_logs_data_dynamic        0x20002c08   Data           4  nrfx_clock.o(log_dynamic_data)
    m_nrf_log_GPIOTE_logs_data_dynamic       0x20002c0c   Data           4  nrfx_gpiote.o(log_dynamic_data)
    m_nrf_log_PRS_logs_data_dynamic          0x20002c10   Data           4  nrfx_prs.o(log_dynamic_data)
    m_nrf_log_UART_logs_data_dynamic         0x20002c14   Data           4  nrfx_uart.o(log_dynamic_data)
    m_nrf_log_UARTE_logs_data_dynamic        0x20002c18   Data           4  nrfx_uarte.o(log_dynamic_data)
    m_nrf_log_nrf_fstorage_logs_data_dynamic 0x20002c1c   Data           4  nrf_fstorage.o(log_dynamic_data)
    m_nrf_log_atfifo_m_fifo_logs_data_dynamic 0x20002c20   Data           4  nrf_fstorage_sd.o(log_dynamic_data)
    m_nrf_log_pwr_mgmt_logs_data_dynamic     0x20002c24   Data           4  nrf_pwr_mgmt.o(log_dynamic_data)
    m_nrf_log_balloc_log_mempool_logs_data_dynamic 0x20002c28   Data           4  nrf_log_frontend.o(log_dynamic_data)
    m_nrf_log_app_logs_data_dynamic          0x20002c2c   Data           4  nrf_log_frontend.o(log_dynamic_data)
    m_nrf_log_nrf_sdh_logs_data_dynamic      0x20002c30   Data           4  nrf_sdh.o(log_dynamic_data)
    m_nrf_log_nrf_sdh_ble_logs_data_dynamic  0x20002c34   Data           4  nrf_sdh_ble.o(log_dynamic_data)
    m_nrf_log_nrf_sdh_soc_logs_data_dynamic  0x20002c38   Data           4  nrf_sdh_soc.o(log_dynamic_data)
    m_nrf_log_SPIM_logs_data_dynamic         0x20002c3c   Data           4  nrfx_spim.o(log_dynamic_data)
    nrf_nvic_state                           0x2000335c   Data          12  app_util_platform.o(.bss)
    _SEGGER_RTT                              0x20003938   Data         120  segger_rtt.o(.bss)
    __initial_sp                             0x20005e08   Data           0  arm_startup_nrf52840.o(STACK)



==============================================================================

Memory Map of the image

  Image Entry point : 0x00026201

  Load Region LR_IROM1 (Base: 0x00026000, Size: 0x00007810, Max: 0x000da000, ABSOLUTE, COMPRESSED[0x000076c0])

    Execution Region ER_IROM1 (Exec base: 0x00026000, Load base: 0x00026000, Size: 0x00007668, Max: 0x000da000, ABSOLUTE)

    Exec Addr    Load Addr    Size         Type   Attr      Idx    E Section Name        Object

    0x00026000   0x00026000   0x00000200   Data   RO         5217    RESET               arm_startup_nrf52840.o
    0x00026200   0x00026200   0x00000000   Code   RO         5258  * .ARM.Collect$$$$00000000  mc_w.l(entry.o)
    0x00026200   0x00026200   0x00000004   Code   RO         5565    .ARM.Collect$$$$00000001  mc_w.l(entry2.o)
    0x00026204   0x00026204   0x00000004   Code   RO         5568    .ARM.Collect$$$$00000004  mc_w.l(entry5.o)
    0x00026208   0x00026208   0x00000000   Code   RO         5570    .ARM.Collect$$$$00000008  mc_w.l(entry7b.o)
    0x00026208   0x00026208   0x00000000   Code   RO         5572    .ARM.Collect$$$$0000000A  mc_w.l(entry8b.o)
    0x00026208   0x00026208   0x00000008   Code   RO         5573    .ARM.Collect$$$$0000000B  mc_w.l(entry9a.o)
    0x00026210   0x00026210   0x00000000   Code   RO         5575    .ARM.Collect$$$$0000000D  mc_w.l(entry10a.o)
    0x00026210   0x00026210   0x00000000   Code   RO         5577    .ARM.Collect$$$$0000000F  mc_w.l(entry11a.o)
    0x00026210   0x00026210   0x00000004   Code   RO         5566    .ARM.Collect$$$$00002712  mc_w.l(entry2.o)
    0x00026214   0x00026214   0x000000c8   Code   RO         3182    .emb_text           nrf_atfifo.o
    0x000262dc   0x000262dc   0x000000e2   Code   RO         3321    .emb_text           nrf_atomic.o
    0x000263be   0x000263be   0x00000002   PAD
    0x000263c0   0x000263c0   0x00000024   Code   RO         5218    .text               arm_startup_nrf52840.o
    0x000263e4   0x000263e4   0x00000062   Code   RO         5261    .text               mc_w.l(uldiv.o)
    0x00026446   0x00026446   0x0000001e   Code   RO         5263    .text               mc_w.l(llshl.o)
    0x00026464   0x00026464   0x00000008   Code   RO         5265    .text               mc_w.l(ctype_o.o)
    0x0002646c   0x0002646c   0x00000024   Code   RO         5293    .text               mc_w.l(memcpya.o)
    0x00026490   0x00026490   0x00000024   Code   RO         5295    .text               mc_w.l(memseta.o)
    0x000264b4   0x000264b4   0x0000000e   Code   RO         5297    .text               mc_w.l(strlen.o)
    0x000264c2   0x000264c2   0x00000012   Code   RO         5301    .text               mc_w.l(strcpy.o)
    0x000264d4   0x000264d4   0x00000020   Code   RO         5581    .text               mc_w.l(llushr.o)
    0x000264f4   0x000264f4   0x00000024   Code   RO         5594    .text               mc_w.l(init.o)
    0x00026518   0x00026518   0x00000056   Code   RO         5608    .text               mc_w.l(__dczerorl2.o)
    0x0002656e   0x0002656e   0x00000002   PAD
    0x00026570   0x00026570   0x000001b4   Code   RO         1791    i.GPIOTE_IRQHandler  nrfx_gpiote.o
    0x00026724   0x00026724   0x00000030   Code   RO         5045    i.LCD_Clear         lcd_driver.o
    0x00026754   0x00026754   0x0000020c   Code   RO         5051    i.LCD_Init          lcd_driver.o
    0x00026960   0x00026960   0x00000034   Code   RO         5053    i.LCD_SetCursor     lcd_driver.o
    0x00026994   0x00026994   0x00000048   Code   RO         5054    i.LCD_WR_DATA       lcd_driver.o
    0x000269dc   0x000269dc   0x00000044   Code   RO         5055    i.LCD_WR_DATA8      lcd_driver.o
    0x00026a20   0x00026a20   0x00000044   Code   RO         5056    i.LCD_WR_REG        lcd_driver.o
    0x00026a64   0x00026a64   0x0000000c   Code   RO         5058    i.LCD_WriteRAM_Prepare  lcd_driver.o
    0x00026a70   0x00026a70   0x00000016   Code   RO         2813    i.NVIC_ClearPendingIRQ  app_timer.o
    0x00026a86   0x00026a86   0x00000016   Code   RO         2814    i.NVIC_EnableIRQ    app_timer.o
    0x00026a9c   0x00026a9c   0x00000016   Code   RO         2815    i.NVIC_SetPendingIRQ  app_timer.o
    0x00026ab2   0x00026ab2   0x00000020   Code   RO         2816    i.NVIC_SetPriority  app_timer.o
    0x00026ad2   0x00026ad2   0x00000002   PAD
    0x00026ad4   0x00026ad4   0x00000058   Code   RO         1659    i.POWER_CLOCK_IRQHandler  nrfx_clock.o
    0x00026b2c   0x00026b2c   0x00000024   Code   RO         2817    i.RTC1_IRQHandler   app_timer.o
    0x00026b50   0x00026b50   0x00000004   Code   RO         4405    i.SEGGER_RTT_Init   segger_rtt.o
    0x00026b54   0x00026b54   0x0000005c   Code   RO         4419    i.SEGGER_RTT_WriteNoLock  segger_rtt.o
    0x00026bb0   0x00026bb0   0x00000054   Code   RO         4925    i.SPIM0_SPIS0_TWIM0_TWIS0_SPI0_TWI0_IRQHandler  nrfx_spim.o
    0x00026c04   0x00026c04   0x00000004   Code   RO         2818    i.SWI0_EGU0_IRQHandler  app_timer.o
    0x00026c08   0x00026c08   0x00000004   Code   RO         4656    i.SWI2_EGU2_IRQHandler  nrf_sdh.o
    0x00026c0c   0x00026c0c   0x000001dc   Code   RO         5226    i.SystemInit        system_nrf52840.o
    0x00026de8   0x00026de8   0x0000000c   Code   RO         2110    i.UARTE0_UART0_IRQHandler  nrfx_prs.o
    0x00026df4   0x00026df4   0x00000068   Code   RO         4423    i._DoInit           segger_rtt.o
    0x00026e5c   0x00026e5c   0x00000016   Code   RO         4424    i._GetAvailWriteSpace  segger_rtt.o
    0x00026e72   0x00026e72   0x0000005a   Code   RO         4426    i._WriteBlocking    segger_rtt.o
    0x00026ecc   0x00026ecc   0x00000042   Code   RO         4427    i._WriteNoCheck     segger_rtt.o
    0x00026f0e   0x00026f0e   0x00000002   PAD
    0x00026f10   0x00026f10   0x00000010   Code   RO         5306    i.__0printf$bare    mc_w.l(printfb.o)
    0x00026f20   0x00026f20   0x0000000e   Code   RO         5602    i.__scatterload_copy  mc_w.l(handlers.o)
    0x00026f2e   0x00026f2e   0x00000002   Code   RO         5603    i.__scatterload_null  mc_w.l(handlers.o)
    0x00026f30   0x00026f30   0x0000000e   Code   RO         5604    i.__scatterload_zeroinit  mc_w.l(handlers.o)
    0x00026f3e   0x00026f3e   0x00000002   PAD
    0x00026f40   0x00026f40   0x00000024   Code   RO         4657    i.__sd_nvic_app_accessible_irq  nrf_sdh.o
    0x00026f64   0x00026f64   0x00000022   Code   RO         5313    i._printf_core      mc_w.l(printfb.o)
    0x00026f86   0x00026f86   0x00000046   Code   RO          685    i.advertising_buttons_configure  bsp_btn_ble.o
    0x00026fcc   0x00026fcc   0x00000006   Code   RO          568    i.alert_timer_handler  bsp.o
    0x00026fd2   0x00026fd2   0x00000002   PAD
    0x00026fd4   0x00026fd4   0x00000024   Code   RO         2522    i.app_button_enable  app_button.o
    0x00026ff8   0x00026ff8   0x00000078   Code   RO         2523    i.app_button_init   app_button.o
    0x00027070   0x00027070   0x0000007c   Code   RO         2646    i.app_error_fault_handler  app_error_weak.o
    0x000270ec   0x000270ec   0x00000016   Code   RO         2586    i.app_error_handler_bare  app_error.o
    0x00027102   0x00027102   0x00000016   Code   RO         2690    i.app_fifo_get      app_fifo.o
    0x00027118   0x00027118   0x00000020   Code   RO         2691    i.app_fifo_init     app_fifo.o
    0x00027138   0x00027138   0x0000001a   Code   RO         2693    i.app_fifo_put      app_fifo.o
    0x00027152   0x00027152   0x00000002   PAD
    0x00027154   0x00027154   0x00000028   Code   RO         2821    i.app_timer_create  app_timer.o
    0x0002717c   0x0002717c   0x00000054   Code   RO         2822    i.app_timer_init    app_timer.o
    0x000271d0   0x000271d0   0x00000088   Code   RO         2825    i.app_timer_start   app_timer.o
    0x00027258   0x00027258   0x00000020   Code   RO         2826    i.app_timer_stop    app_timer.o
    0x00027278   0x00027278   0x00000034   Code   RO         2988    i.app_uart_get      app_uart_fifo.o
    0x000272ac   0x000272ac   0x000000a4   Code   RO         2989    i.app_uart_init     app_uart_fifo.o
    0x00027350   0x00027350   0x00000054   Code   RO         2990    i.app_uart_put      app_uart_fifo.o
    0x000273a4   0x000273a4   0x00000048   Code   RO         3069    i.app_util_critical_region_enter  app_util_platform.o
    0x000273ec   0x000273ec   0x00000034   Code   RO         3070    i.app_util_critical_region_exit  app_util_platform.o
    0x00027420   0x00027420   0x00000076   Code   RO         2161    i.apply_config      nrfx_uart.o
    0x00027496   0x00027496   0x00000076   Code   RO         2359    i.apply_config      nrfx_uarte.o
    0x0002750c   0x0002750c   0x00000048   Code   RO         1170    i.blcm_link_ctx_get  ble_link_ctx_manager.o
    0x00027554   0x00027554   0x00000182   Code   RO          738    i.ble_advdata_encode  ble_advdata.o
    0x000276d6   0x000276d6   0x00000020   Code   RO          740    i.ble_advdata_parse  ble_advdata.o
    0x000276f6   0x000276f6   0x00000038   Code   RO          741    i.ble_advdata_search  ble_advdata.o
    0x0002772e   0x0002772e   0x00000006   Code   RO          844    i.ble_advertising_conn_cfg_tag_set  ble_advertising.o
    0x00027734   0x00027734   0x000000ea   Code   RO          845    i.ble_advertising_init  ble_advertising.o
    0x0002781e   0x0002781e   0x0000006a   Code   RO          847    i.ble_advertising_on_ble_evt  ble_advertising.o
    0x00027888   0x00027888   0x00000030   Code   RO          848    i.ble_advertising_on_sys_evt  ble_advertising.o
    0x000278b8   0x000278b8   0x0000003a   Code   RO          850    i.ble_advertising_restart_without_whitelist  ble_advertising.o
    0x000278f2   0x000278f2   0x00000236   Code   RO          851    i.ble_advertising_start  ble_advertising.o
    0x00027b28   0x00027b28   0x00000068   Code   RO          938    i.ble_conn_params_init  ble_conn_params.o
    0x00027b90   0x00027b90   0x00000012   Code   RO         1013    i.ble_conn_state_conn_idx  ble_conn_state.o
    0x00027ba2   0x00027ba2   0x00000002   PAD
    0x00027ba4   0x00027ba4   0x00000014   Code   RO         1026    i.ble_conn_state_valid  ble_conn_state.o
    0x00027bb8   0x00027bb8   0x00000060   Code   RO          744    i.ble_device_addr_encode  ble_advdata.o
    0x00027c18   0x00027c18   0x000000d0   Code   RO            5    i.ble_evt_handler   main.o
    0x00027ce8   0x00027ce8   0x00000070   Code   RO          686    i.ble_evt_handler   bsp_btn_ble.o
    0x00027d58   0x00027d58   0x000000fc   Code   RO          940    i.ble_evt_handler   ble_conn_params.o
    0x00027e54   0x00027e54   0x00000104   Code   RO         1027    i.ble_evt_handler   ble_conn_state.o
    0x00027f58   0x00027f58   0x00000066   Code   RO         1399    i.ble_nus_data_send  ble_nus.o
    0x00027fbe   0x00027fbe   0x00000002   PAD
    0x00027fc0   0x00027fc0   0x00000058   Code   RO         1400    i.ble_nus_init      ble_nus.o
    0x00028018   0x00028018   0x00000070   Code   RO         1401    i.ble_nus_on_ble_evt  ble_nus.o
    0x00028088   0x00028088   0x00000008   Code   RO         1196    i.ble_srv_is_notification_enabled  ble_srv_common.o
    0x00028090   0x00028090   0x0000000c   Code   RO          427    i.bsp_board_button_idx_to_pin  boards.o
    0x0002809c   0x0002809c   0x00000028   Code   RO          428    i.bsp_board_button_state_get  boards.o
    0x000280c4   0x000280c4   0x00000054   Code   RO          429    i.bsp_board_init    boards.o
    0x00028118   0x00028118   0x0000002c   Code   RO          431    i.bsp_board_led_invert  boards.o
    0x00028144   0x00028144   0x00000010   Code   RO          432    i.bsp_board_led_off  boards.o
    0x00028154   0x00028154   0x00000010   Code   RO          433    i.bsp_board_led_on  boards.o
    0x00028164   0x00028164   0x00000028   Code   RO          434    i.bsp_board_led_state_get  boards.o
    0x0002818c   0x0002818c   0x00000012   Code   RO          435    i.bsp_board_leds_off  boards.o
    0x0002819e   0x0002819e   0x00000012   Code   RO          436    i.bsp_board_leds_on  boards.o
    0x000281b0   0x000281b0   0x00000024   Code   RO          437    i.bsp_board_pin_to_button_idx  boards.o
    0x000281d4   0x000281d4   0x0000002c   Code   RO          687    i.bsp_btn_ble_init  bsp_btn_ble.o
    0x00028200   0x00028200   0x0000001e   Code   RO          688    i.bsp_btn_ble_sleep_mode_prepare  bsp_btn_ble.o
    0x0002821e   0x0002821e   0x00000002   PAD
    0x00028220   0x00028220   0x00000090   Code   RO          569    i.bsp_button_event_handler  bsp.o
    0x000282b0   0x000282b0   0x0000000c   Code   RO          570    i.bsp_button_is_pressed  bsp.o
    0x000282bc   0x000282bc   0x0000004c   Code   RO            6    i.bsp_event_handler  main.o
    0x00028308   0x00028308   0x00000044   Code   RO          573    i.bsp_event_to_button_action_assign  bsp.o
    0x0002834c   0x0002834c   0x00000018   Code   RO          574    i.bsp_indication_set  bsp.o
    0x00028364   0x00028364   0x00000094   Code   RO          575    i.bsp_init          bsp.o
    0x000283f8   0x000283f8   0x000001b8   Code   RO          576    i.bsp_led_indication  bsp.o
    0x000285b0   0x000285b0   0x00000006   Code   RO          578    i.bsp_wakeup_button_enable  bsp.o
    0x000285b6   0x000285b6   0x00000002   PAD
    0x000285b8   0x000285b8   0x00000090   Code   RO         4159    i.buf_prealloc      nrf_log_frontend.o
    0x00028648   0x00028648   0x0000001e   Code   RO         3533    i.buffer_add        nrf_fprintf_format.o
    0x00028666   0x00028666   0x00000002   PAD
    0x00028668   0x00028668   0x00000014   Code   RO         4160    i.buffer_is_empty   nrf_log_frontend.o
    0x0002867c   0x0002867c   0x00000008   Code   RO          579    i.button_timer_handler  bsp.o
    0x00028684   0x00028684   0x0000001c   Code   RO         1792    i.channel_free      nrfx_gpiote.o
    0x000286a0   0x000286a0   0x00000048   Code   RO         1793    i.channel_port_alloc  nrfx_gpiote.o
    0x000286e8   0x000286e8   0x00000010   Code   RO         1794    i.channel_port_get  nrfx_gpiote.o
    0x000286f8   0x000286f8   0x00000028   Code   RO         1464    i.clock_clk_started_notify  nrf_drv_clock.o
    0x00028720   0x00028720   0x0000001c   Code   RO         1465    i.clock_irq_handler  nrf_drv_clock.o
    0x0002873c   0x0002873c   0x000000ac   Code   RO         2828    i.compare_reg_update  app_timer.o
    0x000287e8   0x000287e8   0x0000003e   Code   RO         1028    i.conn_handle_list_get  ble_conn_state.o
    0x00028826   0x00028826   0x00000088   Code   RO          745    i.conn_int_encode   ble_advdata.o
    0x000288ae   0x000288ae   0x00000004   Code   RO            7    i.conn_params_error_handler  main.o
    0x000288b2   0x000288b2   0x00000002   PAD
    0x000288b4   0x000288b4   0x00000048   Code   RO          941    i.conn_params_negotiation  ble_conn_params.o
    0x000288fc   0x000288fc   0x000000bc   Code   RO         1256    i.data_length_update  nrf_ble_gatt.o
    0x000289b8   0x000289b8   0x00000098   Code   RO         2525    i.detection_delay_timeout_handler  app_button.o
    0x00028a50   0x00028a50   0x00000014   Code   RO         4162    i.dropped_sat16_get  nrf_log_frontend.o
    0x00028a64   0x00028a64   0x00000040   Code   RO         2829    i.elapsed_ticks_acquire  app_timer.o
    0x00028aa4   0x00028aa4   0x00000054   Code   RO         3658    i.event_send        nrf_fstorage_sd.o
    0x00028af8   0x00028af8   0x00000014   Code   RO         2696    i.fifo_get          app_fifo.o
    0x00028b0c   0x00028b0c   0x00000012   Code   RO         2697    i.fifo_put          app_fifo.o
    0x00028b1e   0x00028b1e   0x00000028   Code   RO          853    i.flags_set         ble_advertising.o
    0x00028b46   0x00028b46   0x0000000e   Code   RO         3989    i.fputc             retarget.o
    0x00028b54   0x00028b54   0x00000054   Code   RO            8    i.gatt_evt_handler  main.o
    0x00028ba8   0x00028ba8   0x00000030   Code   RO            9    i.gatt_init         main.o
    0x00028bd8   0x00028bd8   0x00000084   Code   RO         2526    i.gpiote_event_handler  app_button.o
    0x00028c5c   0x00028c5c   0x00000050   Code   RO         5059    i.hal_spi_init      lcd_driver.o
    0x00028cac   0x00028cac   0x00000014   Code   RO          942    i.instance_get      ble_conn_params.o
    0x00028cc0   0x00028cc0   0x000000a6   Code   RO         3534    i.int_print         nrf_fprintf_format.o
    0x00028d66   0x00028d66   0x00000002   PAD
    0x00028d68   0x00028d68   0x00000080   Code   RO         2360    i.interrupts_enable  nrfx_uarte.o
    0x00028de8   0x00028de8   0x0000004c   Code   RO         4163    i.invalid_packets_pushed_str_omit  nrf_log_frontend.o
    0x00028e34   0x00028e34   0x00000044   Code   RO          943    i.is_conn_params_ok  ble_conn_params.o
    0x00028e78   0x00028e78   0x00000030   Code   RO          580    i.leds_off          bsp.o
    0x00028ea8   0x00028ea8   0x00000014   Code   RO          581    i.leds_timer_handler  bsp.o
    0x00028ebc   0x00028ebc   0x00000018   Code   RO         1257    i.link_init         nrf_ble_gatt.o
    0x00028ed4   0x00028ed4   0x000000f8   Code   RO         2830    i.list_insertions_handler  app_timer.o
    0x00028fcc   0x00028fcc   0x0000009c   Code   RO         4164    i.log_skip          nrf_log_frontend.o
    0x00029068   0x00029068   0x0000027c   Code   RO           10    i.main              main.o
    0x000292e4   0x000292e4   0x00000064   Code   RO          746    i.manuf_specific_data_encode  ble_advdata.o
    0x00029348   0x00029348   0x00000076   Code   RO         3772    i.memobj_op         nrf_memobj.o
    0x000293be   0x000293be   0x00000002   PAD
    0x000293c0   0x000293c0   0x00000030   Code   RO         4165    i.module_idx_get    nrf_log_frontend.o
    0x000293f0   0x000293f0   0x0000009c   Code   RO          747    i.name_encode       ble_advdata.o
    0x0002948c   0x0002948c   0x00000016   Code   RO         3188    i.nrf_atfifo_item_free  nrf_atfifo.o
    0x000294a2   0x000294a2   0x00000016   Code   RO         3189    i.nrf_atfifo_item_get  nrf_atfifo.o
    0x000294b8   0x000294b8   0x00000016   Code   RO         3255    i.nrf_atflags_clear  nrf_atflags.o
    0x000294ce   0x000294ce   0x00000016   Code   RO         3260    i.nrf_atflags_get   nrf_atflags.o
    0x000294e4   0x000294e4   0x00000014   Code   RO         3262    i.nrf_atflags_set   nrf_atflags.o
    0x000294f8   0x000294f8   0x00000006   Code   RO         3323    i.nrf_atomic_flag_clear_fetch  nrf_atomic.o
    0x000294fe   0x000294fe   0x00000006   Code   RO         3324    i.nrf_atomic_flag_set  nrf_atomic.o
    0x00029504   0x00029504   0x0000000c   Code   RO         3326    i.nrf_atomic_u32_add  nrf_atomic.o
    0x00029510   0x00029510   0x0000000c   Code   RO         3327    i.nrf_atomic_u32_and  nrf_atomic.o
    0x0002951c   0x0002951c   0x0000000a   Code   RO         3330    i.nrf_atomic_u32_fetch_and  nrf_atomic.o
    0x00029526   0x00029526   0x0000000a   Code   RO         3332    i.nrf_atomic_u32_fetch_store  nrf_atomic.o
    0x00029530   0x00029530   0x0000000c   Code   RO         3336    i.nrf_atomic_u32_or  nrf_atomic.o
    0x0002953c   0x0002953c   0x0000000c   Code   RO         3338    i.nrf_atomic_u32_sub  nrf_atomic.o
    0x00029548   0x00029548   0x00000044   Code   RO         3457    i.nrf_balloc_alloc  nrf_balloc.o
    0x0002958c   0x0002958c   0x00000030   Code   RO         3458    i.nrf_balloc_free   nrf_balloc.o
    0x000295bc   0x000295bc   0x00000030   Code   RO         3459    i.nrf_balloc_init   nrf_balloc.o
    0x000295ec   0x000295ec   0x00000010   Code   RO         1795    i.nrf_bitmask_bit_is_set  nrfx_gpiote.o
    0x000295fc   0x000295fc   0x00000014   Code   RO         1796    i.nrf_bitmask_bit_set  nrfx_gpiote.o
    0x00029610   0x00029610   0x00000018   Code   RO         1259    i.nrf_ble_gatt_att_mtu_periph_set  nrf_ble_gatt.o
    0x00029628   0x00029628   0x00000022   Code   RO         1263    i.nrf_ble_gatt_init  nrf_ble_gatt.o
    0x0002964a   0x0002964a   0x00000002   PAD
    0x0002964c   0x0002964c   0x00000148   Code   RO         1264    i.nrf_ble_gatt_on_ble_evt  nrf_ble_gatt.o
    0x00029794   0x00029794   0x00000016   Code   RO         1358    i.nrf_ble_qwr_conn_handle_assign  nrf_ble_qwr.o
    0x000297aa   0x000297aa   0x00000024   Code   RO         1359    i.nrf_ble_qwr_init  nrf_ble_qwr.o
    0x000297ce   0x000297ce   0x000000b6   Code   RO         1360    i.nrf_ble_qwr_on_ble_evt  nrf_ble_qwr.o
    0x00029884   0x00029884   0x0000000e   Code   RO         1660    i.nrf_clock_event_check  nrfx_clock.o
    0x00029892   0x00029892   0x00000010   Code   RO         1661    i.nrf_clock_event_clear  nrfx_clock.o
    0x000298a2   0x000298a2   0x00000002   PAD
    0x000298a4   0x000298a4   0x00000020   Code   RO         5060    i.nrf_delay_ms      lcd_driver.o
    0x000298c4   0x000298c4   0x00000038   Code   RO         1472    i.nrf_drv_clock_init  nrf_drv_clock.o
    0x000298fc   0x000298fc   0x00000030   Code   RO         1476    i.nrf_drv_clock_lfclk_release  nrf_drv_clock.o
    0x0002992c   0x0002992c   0x00000070   Code   RO         4860    i.nrf_drv_spi_init  nrf_drv_spi.o
    0x0002999c   0x0002999c   0x00000016   Code   RO         5061    i.nrf_drv_spi_transfer  lcd_driver.o
    0x000299b2   0x000299b2   0x00000002   PAD
    0x000299b4   0x000299b4   0x00000068   Code   RO         1607    i.nrf_drv_uart_init  nrf_drv_uart.o
    0x00029a1c   0x00029a1c   0x00000020   Code   RO         2991    i.nrf_drv_uart_rx   app_uart_fifo.o
    0x00029a3c   0x00029a3c   0x00000020   Code   RO         2992    i.nrf_drv_uart_tx   app_uart_fifo.o
    0x00029a5c   0x00029a5c   0x0000001a   Code   RO         3494    i.nrf_fprintf       nrf_fprintf.o
    0x00029a76   0x00029a76   0x00000018   Code   RO         3495    i.nrf_fprintf_buffer_flush  nrf_fprintf.o
    0x00029a8e   0x00029a8e   0x000001da   Code   RO         3535    i.nrf_fprintf_fmt   nrf_fprintf_format.o
    0x00029c68   0x00029c68   0x00000050   Code   RO         3577    i.nrf_fstorage_is_busy  nrf_fstorage.o
    0x00029cb8   0x00029cb8   0x00000018   Code   RO         3661    i.nrf_fstorage_sdh_req_handler  nrf_fstorage_sd.o
    0x00029cd0   0x00029cd0   0x00000020   Code   RO         3662    i.nrf_fstorage_sdh_state_handler  nrf_fstorage_sd.o
    0x00029cf0   0x00029cf0   0x000000a4   Code   RO         3663    i.nrf_fstorage_sys_evt_handler  nrf_fstorage_sd.o
    0x00029d94   0x00029d94   0x00000032   Code   RO          439    i.nrf_gpio_cfg      boards.o
    0x00029dc6   0x00029dc6   0x00000032   Code   RO         1797    i.nrf_gpio_cfg      nrfx_gpiote.o
    0x00029df8   0x00029df8   0x00000032   Code   RO         2162    i.nrf_gpio_cfg      nrfx_uart.o
    0x00029e2a   0x00029e2a   0x00000032   Code   RO         2361    i.nrf_gpio_cfg      nrfx_uarte.o
    0x00029e5c   0x00029e5c   0x00000032   Code   RO         4926    i.nrf_gpio_cfg      nrfx_spim.o
    0x00029e8e   0x00029e8e   0x00000012   Code   RO         2164    i.nrf_gpio_cfg_input  nrfx_uart.o
    0x00029ea0   0x00029ea0   0x00000012   Code   RO         2363    i.nrf_gpio_cfg_input  nrfx_uarte.o
    0x00029eb2   0x00029eb2   0x00000002   PAD
    0x00029eb4   0x00029eb4   0x00000020   Code   RO           11    i.nrf_gpio_cfg_output  main.o
    0x00029ed4   0x00029ed4   0x00000014   Code   RO         2165    i.nrf_gpio_cfg_output  nrfx_uart.o
    0x00029ee8   0x00029ee8   0x00000014   Code   RO         2364    i.nrf_gpio_cfg_output  nrfx_uarte.o
    0x00029efc   0x00029efc   0x00000014   Code   RO         4927    i.nrf_gpio_cfg_output  nrfx_spim.o
    0x00029f10   0x00029f10   0x00000030   Code   RO         1799    i.nrf_gpio_cfg_sense_set  nrfx_gpiote.o
    0x00029f40   0x00029f40   0x00000014   Code   RO         4928    i.nrf_gpio_pin_clear  nrfx_spim.o
    0x00029f54   0x00029f54   0x00000014   Code   RO         5062    i.nrf_gpio_pin_clear  lcd_driver.o
    0x00029f68   0x00029f68   0x0000001c   Code   RO          440    i.nrf_gpio_pin_port_decode  boards.o
    0x00029f84   0x00029f84   0x0000001c   Code   RO         1801    i.nrf_gpio_pin_port_decode  nrfx_gpiote.o
    0x00029fa0   0x00029fa0   0x0000001c   Code   RO         2166    i.nrf_gpio_pin_port_decode  nrfx_uart.o
    0x00029fbc   0x00029fbc   0x0000001c   Code   RO         2365    i.nrf_gpio_pin_port_decode  nrfx_uarte.o
    0x00029fd8   0x00029fd8   0x0000001c   Code   RO         4929    i.nrf_gpio_pin_port_decode  nrfx_spim.o
    0x00029ff4   0x00029ff4   0x0000001c   Code   RO         5063    i.nrf_gpio_pin_port_decode  lcd_driver.o
    0x0002a010   0x0002a010   0x00000016   Code   RO         1802    i.nrf_gpio_pin_read  nrfx_gpiote.o
    0x0002a026   0x0002a026   0x00000014   Code   RO         2167    i.nrf_gpio_pin_set  nrfx_uart.o
    0x0002a03a   0x0002a03a   0x00000014   Code   RO         2366    i.nrf_gpio_pin_set  nrfx_uarte.o
    0x0002a04e   0x0002a04e   0x00000014   Code   RO         4930    i.nrf_gpio_pin_set  nrfx_spim.o
    0x0002a062   0x0002a062   0x00000014   Code   RO         5064    i.nrf_gpio_pin_set  lcd_driver.o
    0x0002a076   0x0002a076   0x00000026   Code   RO          441    i.nrf_gpio_pin_write  boards.o
    0x0002a09c   0x0002a09c   0x0000002c   Code   RO         1804    i.nrf_gpio_ports_read  nrfx_gpiote.o
    0x0002a0c8   0x0002a0c8   0x00000014   Code   RO         1805    i.nrf_gpiote_event_clear  nrfx_gpiote.o
    0x0002a0dc   0x0002a0dc   0x00000010   Code   RO         1806    i.nrf_gpiote_event_is_set  nrfx_gpiote.o
    0x0002a0ec   0x0002a0ec   0x00000050   Code   RO         4166    i.nrf_log_backend_add  nrf_log_frontend.o
    0x0002a13c   0x0002a13c   0x00000002   Code   RO         4026    i.nrf_log_backend_rtt_flush  nrf_log_backend_rtt.o
    0x0002a13e   0x0002a13e   0x00000004   Code   RO         4027    i.nrf_log_backend_rtt_init  nrf_log_backend_rtt.o
    0x0002a142   0x0002a142   0x00000002   Code   RO         4028    i.nrf_log_backend_rtt_panic_set  nrf_log_backend_rtt.o
    0x0002a144   0x0002a144   0x00000018   Code   RO         4029    i.nrf_log_backend_rtt_put  nrf_log_backend_rtt.o
    0x0002a15c   0x0002a15c   0x000000c8   Code   RO         4092    i.nrf_log_backend_serial_put  nrf_log_backend_serial.o
    0x0002a224   0x0002a224   0x00000030   Code   RO         4168    i.nrf_log_color_id_get  nrf_log_frontend.o
    0x0002a254   0x0002a254   0x0000001c   Code   RO         4126    i.nrf_log_default_backends_init  nrf_log_default_backends.o
    0x0002a270   0x0002a270   0x00000220   Code   RO         4169    i.nrf_log_frontend_dequeue  nrf_log_frontend.o
    0x0002a490   0x0002a490   0x00000008   Code   RO         4171    i.nrf_log_frontend_std_0  nrf_log_frontend.o
    0x0002a498   0x0002a498   0x0000000e   Code   RO         4172    i.nrf_log_frontend_std_1  nrf_log_frontend.o
    0x0002a4a6   0x0002a4a6   0x00000010   Code   RO         4173    i.nrf_log_frontend_std_2  nrf_log_frontend.o
    0x0002a4b6   0x0002a4b6   0x00000002   PAD
    0x0002a4b8   0x0002a4b8   0x000000ac   Code   RO         4346    i.nrf_log_hexdump_entry_process  nrf_log_str_formatter.o
    0x0002a564   0x0002a564   0x00000058   Code   RO         4178    i.nrf_log_init      nrf_log_frontend.o
    0x0002a5bc   0x0002a5bc   0x00000014   Code   RO         4179    i.nrf_log_module_cnt_get  nrf_log_frontend.o
    0x0002a5d0   0x0002a5d0   0x0000001c   Code   RO         4182    i.nrf_log_module_name_get  nrf_log_frontend.o
    0x0002a5ec   0x0002a5ec   0x00000028   Code   RO         4183    i.nrf_log_panic     nrf_log_frontend.o
    0x0002a614   0x0002a614   0x000000b6   Code   RO         4347    i.nrf_log_std_entry_process  nrf_log_str_formatter.o
    0x0002a6ca   0x0002a6ca   0x00000060   Code   RO         3773    i.nrf_memobj_alloc  nrf_memobj.o
    0x0002a72a   0x0002a72a   0x00000032   Code   RO         3774    i.nrf_memobj_free   nrf_memobj.o
    0x0002a75c   0x0002a75c   0x00000008   Code   RO         3775    i.nrf_memobj_get    nrf_memobj.o
    0x0002a764   0x0002a764   0x00000004   Code   RO         3776    i.nrf_memobj_pool_init  nrf_memobj.o
    0x0002a768   0x0002a768   0x0000001e   Code   RO         3777    i.nrf_memobj_put    nrf_memobj.o
    0x0002a786   0x0002a786   0x0000000c   Code   RO         3778    i.nrf_memobj_read   nrf_memobj.o
    0x0002a792   0x0002a792   0x0000000c   Code   RO         3779    i.nrf_memobj_write  nrf_memobj.o
    0x0002a79e   0x0002a79e   0x00000002   PAD
    0x0002a7a0   0x0002a7a0   0x00000028   Code   RO         3851    i.nrf_pwr_mgmt_init  nrf_pwr_mgmt.o
    0x0002a7c8   0x0002a7c8   0x00000004   Code   RO           12    i.nrf_qwr_error_handler  main.o
    0x0002a7cc   0x0002a7cc   0x00000014   Code   RO         4777    i.nrf_sdh_ble_app_ram_start_get  nrf_sdh_ble.o
    0x0002a7e0   0x0002a7e0   0x00000154   Code   RO         4778    i.nrf_sdh_ble_default_cfg_set  nrf_sdh_ble.o
    0x0002a934   0x0002a934   0x0000012c   Code   RO         4779    i.nrf_sdh_ble_enable  nrf_sdh_ble.o
    0x0002aa60   0x0002aa60   0x00000060   Code   RO         4780    i.nrf_sdh_ble_evts_poll  nrf_sdh_ble.o
    0x0002aac0   0x0002aac0   0x00000054   Code   RO         4658    i.nrf_sdh_disable_request  nrf_sdh.o
    0x0002ab14   0x0002ab14   0x00000074   Code   RO         4659    i.nrf_sdh_enable_request  nrf_sdh.o
    0x0002ab88   0x0002ab88   0x00000024   Code   RO         4660    i.nrf_sdh_evts_poll  nrf_sdh.o
    0x0002abac   0x0002abac   0x0000000c   Code   RO         4661    i.nrf_sdh_is_enabled  nrf_sdh.o
    0x0002abb8   0x0002abb8   0x0000001c   Code   RO         4663    i.nrf_sdh_request_continue  nrf_sdh.o
    0x0002abd4   0x0002abd4   0x0000003c   Code   RO         4828    i.nrf_sdh_soc_evts_poll  nrf_sdh_soc.o
    0x0002ac10   0x0002ac10   0x0000000a   Code   RO         3920    i.nrf_section_iter_init  nrf_section_iter.o
    0x0002ac1a   0x0002ac1a   0x00000024   Code   RO         3921    i.nrf_section_iter_item_set  nrf_section_iter.o
    0x0002ac3e   0x0002ac3e   0x00000020   Code   RO         3922    i.nrf_section_iter_next  nrf_section_iter.o
    0x0002ac5e   0x0002ac5e   0x0000000a   Code   RO         4931    i.nrf_spim_event_check  nrfx_spim.o
    0x0002ac68   0x0002ac68   0x00000038   Code   RO         3955    i.nrf_strerror_find  nrf_strerror.o
    0x0002aca0   0x0002aca0   0x00000014   Code   RO         3956    i.nrf_strerror_get  nrf_strerror.o
    0x0002acb4   0x0002acb4   0x0000000a   Code   RO         2168    i.nrf_uart_event_check  nrfx_uart.o
    0x0002acbe   0x0002acbe   0x0000000c   Code   RO         2169    i.nrf_uart_event_clear  nrfx_uart.o
    0x0002acca   0x0002acca   0x0000000c   Code   RO         2170    i.nrf_uart_int_enable_check  nrfx_uart.o
    0x0002acd6   0x0002acd6   0x0000000a   Code   RO         2367    i.nrf_uarte_event_check  nrfx_uarte.o
    0x0002ace0   0x0002ace0   0x0000000c   Code   RO         2368    i.nrf_uarte_event_clear  nrfx_uarte.o
    0x0002acec   0x0002acec   0x0000002c   Code   RO         1666    i.nrfx_clock_enable  nrfx_clock.o
    0x0002ad18   0x0002ad18   0x00000020   Code   RO         1669    i.nrfx_clock_init   nrfx_clock.o
    0x0002ad38   0x0002ad38   0x0000001c   Code   RO         1672    i.nrfx_clock_lfclk_stop  nrfx_clock.o
    0x0002ad54   0x0002ad54   0x00000010   Code   RO         2831    i.nrfx_coredep_delay_us  app_timer.o
    0x0002ad64   0x0002ad64   0x00000098   Code   RO         1811    i.nrfx_gpiote_in_event_enable  nrfx_gpiote.o
    0x0002adfc   0x0002adfc   0x000000d4   Code   RO         1812    i.nrfx_gpiote_in_init  nrfx_gpiote.o
    0x0002aed0   0x0002aed0   0x0000000e   Code   RO         1813    i.nrfx_gpiote_in_is_set  nrfx_gpiote.o
    0x0002aede   0x0002aede   0x00000002   PAD
    0x0002aee0   0x0002aee0   0x00000074   Code   RO         1815    i.nrfx_gpiote_init  nrfx_gpiote.o
    0x0002af54   0x0002af54   0x00000014   Code   RO         1816    i.nrfx_gpiote_is_init  nrfx_gpiote.o
    0x0002af68   0x0002af68   0x00000010   Code   RO         2369    i.nrfx_is_in_ram    nrfx_uarte.o
    0x0002af78   0x0002af78   0x00000010   Code   RO         4932    i.nrfx_is_in_ram    nrfx_spim.o
    0x0002af88   0x0002af88   0x0000003a   Code   RO         2111    i.nrfx_prs_acquire  nrfx_prs.o
    0x0002afc2   0x0002afc2   0x00000002   PAD
    0x0002afc4   0x0002afc4   0x00000190   Code   RO         4935    i.nrfx_spim_init    nrfx_spim.o
    0x0002b154   0x0002b154   0x00000064   Code   RO         4938    i.nrfx_spim_xfer    nrfx_spim.o
    0x0002b1b8   0x0002b1b8   0x00000010   Code   RO         2171    i.nrfx_uart_0_irq_handler  nrfx_uart.o
    0x0002b1c8   0x0002b1c8   0x000000d4   Code   RO         2173    i.nrfx_uart_init    nrfx_uart.o
    0x0002b29c   0x0002b29c   0x000000ec   Code   RO         2174    i.nrfx_uart_rx      nrfx_uart.o
    0x0002b388   0x0002b388   0x000000a4   Code   RO         2179    i.nrfx_uart_tx      nrfx_uart.o
    0x0002b42c   0x0002b42c   0x00000020   Code   RO         2181    i.nrfx_uart_tx_in_progress  nrfx_uart.o
    0x0002b44c   0x0002b44c   0x00000010   Code   RO         2370    i.nrfx_uarte_0_irq_handler  nrfx_uarte.o
    0x0002b45c   0x0002b45c   0x0000006c   Code   RO         2372    i.nrfx_uarte_init   nrfx_uarte.o
    0x0002b4c8   0x0002b4c8   0x00000104   Code   RO         2373    i.nrfx_uarte_rx     nrfx_uarte.o
    0x0002b5cc   0x0002b5cc   0x00000090   Code   RO         2376    i.nrfx_uarte_tx     nrfx_uarte.o
    0x0002b65c   0x0002b65c   0x0000001c   Code   RO         2378    i.nrfx_uarte_tx_in_progress  nrfx_uarte.o
    0x0002b678   0x0002b678   0x00000090   Code   RO           13    i.nus_data_handler  main.o
    0x0002b708   0x0002b708   0x00000024   Code   RO           14    i.on_adv_evt        main.o
    0x0002b72c   0x0002b72c   0x0000001c   Code   RO           15    i.on_conn_params_evt  main.o
    0x0002b748   0x0002b748   0x0000006a   Code   RO         1402    i.on_connect        ble_nus.o
    0x0002b7b2   0x0002b7b2   0x00000002   PAD
    0x0002b7b4   0x0002b7b4   0x000000a0   Code   RO         1265    i.on_connected_evt  nrf_ble_gatt.o
    0x0002b854   0x0002b854   0x000000a4   Code   RO         1266    i.on_exchange_mtu_request_evt  nrf_ble_gatt.o
    0x0002b8f8   0x0002b8f8   0x00000084   Code   RO         1403    i.on_write          ble_nus.o
    0x0002b97c   0x0002b97c   0x00000016   Code   RO          854    i.phy_is_valid      ble_advertising.o
    0x0002b992   0x0002b992   0x00000002   PAD
    0x0002b994   0x0002b994   0x00000018   Code   RO         1832    i.pin_in_use_by_port  nrfx_gpiote.o
    0x0002b9ac   0x0002b9ac   0x00000018   Code   RO         1833    i.pin_in_use_by_te  nrfx_gpiote.o
    0x0002b9c4   0x0002b9c4   0x0000003c   Code   RO         4349    i.postfix_process   nrf_log_str_formatter.o
    0x0002ba00   0x0002ba00   0x00000098   Code   RO         4350    i.prefix_process    nrf_log_str_formatter.o
    0x0002ba98   0x0002ba98   0x00000018   Code   RO         2113    i.prs_box_get       nrfx_prs.o
    0x0002bab0   0x0002bab0   0x00000014   Code   RO         3664    i.queue_free        nrf_fstorage_sd.o
    0x0002bac4   0x0002bac4   0x000000a0   Code   RO         3665    i.queue_process     nrf_fstorage_sd.o
    0x0002bb64   0x0002bb64   0x0000003c   Code   RO         2832    i.rtc1_stop         app_timer.o
    0x0002bba0   0x0002bba0   0x00000032   Code   RO         2183    i.rx_byte           nrfx_uart.o
    0x0002bbd2   0x0002bbd2   0x000000a2   Code   RO         1404    i.rx_char_add       ble_nus.o
    0x0002bc74   0x0002bc74   0x00000016   Code   RO         2184    i.rx_done_event     nrfx_uart.o
    0x0002bc8a   0x0002bc8a   0x00000018   Code   RO         2380    i.rx_done_event     nrfx_uarte.o
    0x0002bca2   0x0002bca2   0x00000020   Code   RO         2185    i.rx_enable         nrfx_uart.o
    0x0002bcc2   0x0002bcc2   0x00000002   PAD
    0x0002bcc4   0x0002bcc4   0x00000050   Code   RO         1479    i.sd_state_evt_handler  nrf_drv_clock.o
    0x0002bd14   0x0002bd14   0x00000030   Code   RO         4666    i.sdh_request_observer_notify  nrf_sdh.o
    0x0002bd44   0x0002bd44   0x0000002c   Code   RO         4667    i.sdh_state_observer_notify  nrf_sdh.o
    0x0002bd70   0x0002bd70   0x00000010   Code   RO          944    i.send_error_evt    ble_conn_params.o
    0x0002bd80   0x0002bd80   0x00000050   Code   RO         4030    i.serial_tx         nrf_log_backend_rtt.o
    0x0002bdd0   0x0002bdd0   0x00000088   Code   RO          748    i.service_data_encode  ble_advdata.o
    0x0002be58   0x0002be58   0x00000028   Code   RO           16    i.sleep_mode_enter  main.o
    0x0002be80   0x0002be80   0x00000018   Code   RO         1480    i.soc_evt_handler   nrf_drv_clock.o
    0x0002be98   0x0002be98   0x00000038   Code   RO         4668    i.softdevice_evt_irq_disable  nrf_sdh.o
    0x0002bed0   0x0002bed0   0x00000058   Code   RO         4669    i.softdevices_evt_irq_enable  nrf_sdh.o
    0x0002bf28   0x0002bf28   0x0000000c   Code   RO         5066    i.spi_event_handler  lcd_driver.o
    0x0002bf34   0x0002bf34   0x00000038   Code   RO         4861    i.spim_evt_handler  nrf_drv_spi.o
    0x0002bf6c   0x0002bf6c   0x000000bc   Code   RO         4939    i.spim_xfer         nrfx_spim.o
    0x0002c028   0x0002c028   0x0000008c   Code   RO         4185    i.std_n             nrf_log_frontend.o
    0x0002c0b4   0x0002c0b4   0x00000080   Code   RO         2833    i.timer_list_handler  app_timer.o
    0x0002c134   0x0002c134   0x0000003c   Code   RO         2834    i.timer_list_insert  app_timer.o
    0x0002c170   0x0002c170   0x00000060   Code   RO         2835    i.timer_list_remove  app_timer.o
    0x0002c1d0   0x0002c1d0   0x00000048   Code   RO         2836    i.timer_stop_op_schedule  app_timer.o
    0x0002c218   0x0002c218   0x00000074   Code   RO         2837    i.timer_timeouts_check  app_timer.o
    0x0002c28c   0x0002c28c   0x00000020   Code   RO         2186    i.tx_byte           nrfx_uart.o
    0x0002c2ac   0x0002c2ac   0x000000da   Code   RO         1405    i.tx_char_add       ble_nus.o
    0x0002c386   0x0002c386   0x0000001a   Code   RO         2187    i.tx_done_event     nrfx_uart.o
    0x0002c3a0   0x0002c3a0   0x00000070   Code   RO           17    i.uart_event_handle  main.o
    0x0002c410   0x0002c410   0x000000a0   Code   RO         2993    i.uart_event_handler  app_uart_fifo.o
    0x0002c4b0   0x0002c4b0   0x00000030   Code   RO         1608    i.uart_evt_handler  nrf_drv_uart.o
    0x0002c4e0   0x0002c4e0   0x00000128   Code   RO         2188    i.uart_irq_handler  nrfx_uart.o
    0x0002c608   0x0002c608   0x00000030   Code   RO         1609    i.uarte_evt_handler  nrf_drv_uart.o
    0x0002c638   0x0002c638   0x000000f4   Code   RO         2381    i.uarte_irq_handler  nrfx_uarte.o
    0x0002c72c   0x0002c72c   0x0000000a   Code   RO          749    i.uint16_encode     ble_advdata.o
    0x0002c736   0x0002c736   0x00000002   PAD
    0x0002c738   0x0002c738   0x000000b4   Code   RO         3536    i.unsigned_print    nrf_fprintf_format.o
    0x0002c7ec   0x0002c7ec   0x00000068   Code   RO          945    i.update_timeout_handler  ble_conn_params.o
    0x0002c854   0x0002c854   0x00000018   Code   RO          855    i.use_whitelist     ble_advertising.o
    0x0002c86c   0x0002c86c   0x00000024   Code   RO         1361    i.user_mem_reply    nrf_ble_qwr.o
    0x0002c890   0x0002c890   0x00000030   Code   RO         2838    i.user_op_alloc     app_timer.o
    0x0002c8c0   0x0002c8c0   0x00000030   Code   RO          750    i.uuid_list_encode  ble_advdata.o
    0x0002c8f0   0x0002c8f0   0x0000009e   Code   RO          751    i.uuid_list_sized_encode  ble_advdata.o
    0x0002c98e   0x0002c98e   0x00000002   PAD
    0x0002c990   0x0002c990   0x0000004c   Code   RO          582    i.wakeup_button_cfg  bsp.o
    0x0002c9dc   0x0002c9dc   0x00000004   PAD
    0x0002c9e0   0x0002c9e0   0x00000020   Data   RO           19    .constdata          main.o
    0x0002ca00   0x0002ca00   0x00000008   Data   RO          442    .constdata          boards.o
    0x0002ca08   0x0002ca08   0x0000002c   Data   RO          587    .constdata          bsp.o
    0x0002ca34   0x0002ca34   0x00000016   Data   RO         1267    .constdata          nrf_ble_gatt.o
    0x0002ca4a   0x0002ca4a   0x00000002   PAD
    0x0002ca4c   0x0002ca4c   0x00000010   Data   RO         1406    .constdata          ble_nus.o
    0x0002ca5c   0x0002ca5c   0x00000008   Data   RO         1835    .constdata          nrfx_gpiote.o
    0x0002ca64   0x0002ca64   0x00000004   Data   RO         2191    .constdata          nrfx_uart.o
    0x0002ca68   0x0002ca68   0x00000004   Data   RO         2384    .constdata          nrfx_uarte.o
    0x0002ca6c   0x0002ca6c   0x00000008   Data   RO         2528    .constdata          app_button.o
    0x0002ca74   0x0002ca74   0x0000000c   PAD
    0x0002ca80   0x0002ca80   0x00000006   Data   RO         2840    .constdata          app_timer.o
    0x0002ca86   0x0002ca86   0x00000002   PAD
    0x0002ca88   0x0002ca88   0x00000020   Data   RO         2995    .constdata          app_uart_fifo.o
    0x0002caa8   0x0002caa8   0x00000010   Data   RO         3537    .constdata          nrf_fprintf_format.o
    0x0002cab8   0x0002cab8   0x00000010   Data   RO         3673    .constdata          nrf_fstorage_sd.o
    0x0002cac8   0x0002cac8   0x00000018   Data   RO         3856    .constdata          nrf_pwr_mgmt.o
    0x0002cae0   0x0002cae0   0x0000000c   Data   RO         3857    .constdata          nrf_pwr_mgmt.o
    0x0002caec   0x0002caec   0x0000013c   Data   RO         3957    .constdata          nrf_strerror.o
    0x0002cc28   0x0002cc28   0x0000000c   Data   RO         4032    .constdata          nrf_log_backend_rtt.o
    0x0002cc34   0x0002cc34   0x0000000c   PAD
    0x0002cc40   0x0002cc40   0x00000006   Data   RO         4033    .constdata          nrf_log_backend_rtt.o
    0x0002cc46   0x0002cc46   0x00000002   PAD
    0x0002cc48   0x0002cc48   0x00000010   Data   RO         4670    .constdata          nrf_sdh.o
    0x0002cc58   0x0002cc58   0x00000028   Data   RO         4671    .constdata          nrf_sdh.o
    0x0002cc80   0x0002cc80   0x00000010   Data   RO         4672    .constdata          nrf_sdh.o
    0x0002cc90   0x0002cc90   0x00000010   Data   RO         4673    .constdata          nrf_sdh.o
    0x0002cca0   0x0002cca0   0x00000020   Data   RO         4781    .constdata          nrf_sdh_ble.o
    0x0002ccc0   0x0002ccc0   0x00000010   Data   RO         4782    .constdata          nrf_sdh_ble.o
    0x0002ccd0   0x0002ccd0   0x00000010   Data   RO         4829    .constdata          nrf_sdh_soc.o
    0x0002cce0   0x0002cce0   0x0000000c   Data   RO         4830    .constdata          nrf_sdh_soc.o
    0x0002ccec   0x0002ccec   0x00000010   Data   RO         4863    .constdata          nrf_drv_spi.o
    0x0002ccfc   0x0002ccfc   0x00000004   Data   RO         4942    .constdata          nrfx_spim.o
    0x0002cd00   0x0002cd00   0x00000028   Data   RO         5068    .constdata          lcd_driver.o
    0x0002cd28   0x0002cd28   0x00000081   Data   RO         5266    .constdata          mc_w.l(ctype_o.o)
    0x0002cda9   0x0002cda9   0x00000003   PAD
    0x0002cdac   0x0002cdac   0x00000004   Data   RO         5267    .constdata          mc_w.l(ctype_o.o)
    0x0002cdb0   0x0002cdb0   0x000000a2   Data   RO         1268    .conststring        nrf_ble_gatt.o
    0x0002ce52   0x0002ce52   0x00000002   PAD
    0x0002ce54   0x0002ce54   0x000003eb   Data   RO         3958    .conststring        nrf_strerror.o
    0x0002d23f   0x0002d23f   0x00000001   PAD
    0x0002d240   0x0002d240   0x00000066   Data   RO         4351    .conststring        nrf_log_str_formatter.o
    0x0002d2a6   0x0002d2a6   0x00000002   PAD
    0x0002d2a8   0x0002d2a8   0x000001cf   Data   RO         4783    .conststring        nrf_sdh_ble.o
    0x0002d477   0x0002d477   0x00000001   PAD
    0x0002d478   0x0002d478   0x0000000d   Data   RO         1269    .conststrlit        nrf_ble_gatt.o
    0x0002d485   0x0002d485   0x00000003   PAD
    0x0002d488   0x0002d488   0x00000008   Data   RO         1407    .conststrlit        ble_nus.o
    0x0002d490   0x0002d490   0x00000006   Data   RO         1486    .conststrlit        nrf_drv_clock.o
    0x0002d496   0x0002d496   0x00000002   PAD
    0x0002d498   0x0002d498   0x00000006   Data   RO         1676    .conststrlit        nrfx_clock.o
    0x0002d49e   0x0002d49e   0x00000002   PAD
    0x0002d4a0   0x0002d4a0   0x00000007   Data   RO         1839    .conststrlit        nrfx_gpiote.o
    0x0002d4a7   0x0002d4a7   0x00000001   PAD
    0x0002d4a8   0x0002d4a8   0x00000004   Data   RO         2115    .conststrlit        nrfx_prs.o
    0x0002d4ac   0x0002d4ac   0x00000005   Data   RO         2194    .conststrlit        nrfx_uart.o
    0x0002d4b1   0x0002d4b1   0x00000003   PAD
    0x0002d4b4   0x0002d4b4   0x00000006   Data   RO         2387    .conststrlit        nrfx_uarte.o
    0x0002d4ba   0x0002d4ba   0x00000002   PAD
    0x0002d4bc   0x0002d4bc   0x0000000d   Data   RO         3585    .conststrlit        nrf_fstorage.o
    0x0002d4c9   0x0002d4c9   0x00000003   PAD
    0x0002d4cc   0x0002d4cc   0x0000000e   Data   RO         3675    .conststrlit        nrf_fstorage_sd.o
    0x0002d4da   0x0002d4da   0x00000002   PAD
    0x0002d4dc   0x0002d4dc   0x00000009   Data   RO         3858    .conststrlit        nrf_pwr_mgmt.o
    0x0002d4e5   0x0002d4e5   0x00000003   PAD
    0x0002d4e8   0x0002d4e8   0x00000018   Data   RO         4188    .conststrlit        nrf_log_frontend.o
    0x0002d500   0x0002d500   0x00000008   Data   RO         4674    .conststrlit        nrf_sdh.o
    0x0002d508   0x0002d508   0x0000000c   Data   RO         4784    .conststrlit        nrf_sdh_ble.o
    0x0002d514   0x0002d514   0x0000000c   Data   RO         4831    .conststrlit        nrf_sdh_soc.o
    0x0002d520   0x0002d520   0x00000005   Data   RO         4945    .conststrlit        nrfx_spim.o
    0x0002d525   0x0002d525   0x00000003   PAD
    0x0002d528   0x0002d528   0x00000020   Data   RO         5600    Region$$Table       anon$$obj.o
    0x0002d548   0x0002d548   0x00000008   Data   RO         1270    log_const_data      nrf_ble_gatt.o
    0x0002d550   0x0002d550   0x00000008   Data   RO         1408    log_const_data      ble_nus.o
    0x0002d558   0x0002d558   0x00000008   Data   RO         1487    log_const_data      nrf_drv_clock.o
    0x0002d560   0x0002d560   0x00000008   Data   RO         1678    log_const_data      nrfx_clock.o
    0x0002d568   0x0002d568   0x00000008   Data   RO         1840    log_const_data      nrfx_gpiote.o
    0x0002d570   0x0002d570   0x00000008   Data   RO         2117    log_const_data      nrfx_prs.o
    0x0002d578   0x0002d578   0x00000008   Data   RO         2195    log_const_data      nrfx_uart.o
    0x0002d580   0x0002d580   0x00000008   Data   RO         2388    log_const_data      nrfx_uarte.o
    0x0002d588   0x0002d588   0x00000008   Data   RO         3586    log_const_data      nrf_fstorage.o
    0x0002d590   0x0002d590   0x00000008   Data   RO         3678    log_const_data      nrf_fstorage_sd.o
    0x0002d598   0x0002d598   0x00000008   Data   RO         3860    log_const_data      nrf_pwr_mgmt.o
    0x0002d5a0   0x0002d5a0   0x00000010   Data   RO         4191    log_const_data      nrf_log_frontend.o
    0x0002d5b0   0x0002d5b0   0x00000008   Data   RO         4676    log_const_data      nrf_sdh.o
    0x0002d5b8   0x0002d5b8   0x00000008   Data   RO         4786    log_const_data      nrf_sdh_ble.o
    0x0002d5c0   0x0002d5c0   0x00000008   Data   RO         4832    log_const_data      nrf_sdh_soc.o
    0x0002d5c8   0x0002d5c8   0x00000008   Data   RO         4946    log_const_data      nrfx_spim.o
    0x0002d5d0   0x0002d5d0   0x00000018   Data   RO         4193    nrf_balloc          nrf_log_frontend.o
    0x0002d5e8   0x0002d5e8   0x00000008   Data   RO         1032    sdh_ble_observers0  ble_conn_state.o
    0x0002d5f0   0x0002d5f0   0x00000010   Data   RO           23    sdh_ble_observers1  main.o
    0x0002d600   0x0002d600   0x00000008   Data   RO          690    sdh_ble_observers1  bsp_btn_ble.o
    0x0002d608   0x0002d608   0x00000008   Data   RO          948    sdh_ble_observers1  ble_conn_params.o
    0x0002d610   0x0002d610   0x00000010   Data   RO           24    sdh_ble_observers2  main.o
    0x0002d620   0x0002d620   0x00000008   Data   RO           25    sdh_ble_observers3  main.o
    0x0002d628   0x0002d628   0x00000008   Data   RO         3680    sdh_req_observers0  nrf_fstorage_sd.o
    0x0002d630   0x0002d630   0x00000008   Data   RO         1489    sdh_soc_observers0  nrf_drv_clock.o
    0x0002d638   0x0002d638   0x00000008   Data   RO         3681    sdh_soc_observers0  nrf_fstorage_sd.o
    0x0002d640   0x0002d640   0x00000008   Data   RO           26    sdh_soc_observers1  main.o
    0x0002d648   0x0002d648   0x00000008   Data   RO         4788    sdh_stack_observers0  nrf_sdh_ble.o
    0x0002d650   0x0002d650   0x00000008   Data   RO         4834    sdh_stack_observers0  nrf_sdh_soc.o
    0x0002d658   0x0002d658   0x00000008   Data   RO         1490    sdh_state_observers0  nrf_drv_clock.o
    0x0002d660   0x0002d660   0x00000008   Data   RO         3682    sdh_state_observers0  nrf_fstorage_sd.o


    Execution Region RW_IRAM1 (Exec base: 0x20002a98, Load base: 0x0002d668, Size: 0x00003370, Max: 0x0003d568, ABSOLUTE, COMPRESSED[0x00000058])

    Exec Addr    Load Addr    Size         Type   Attr      Idx    E Section Name        Object

    0x20002a98   COMPRESSED   0x00000008   Data   RW           20    .data               main.o
    0x20002aa0   COMPRESSED   0x00000028   Data   RW           21    .data               main.o
    0x20002ac8   COMPRESSED   0x00000004   Data   RW           22    .data               main.o
    0x20002acc   COMPRESSED   0x00000010   Data   RW          588    .data               bsp.o
    0x20002adc   COMPRESSED   0x00000008   Data   RW          689    .data               bsp_btn_ble.o
    0x20002ae4   COMPRESSED   0x00000008   Data   RW          947    .data               ble_conn_params.o
    0x20002aec   COMPRESSED   0x00000014   Data   RW         1610    .data               nrf_drv_uart.o
    0x20002b00   COMPRESSED   0x00000008   Data   RW         1677    .data               nrfx_clock.o
    0x20002b08   COMPRESSED   0x00000008   Data   RW         2116    .data               nrfx_prs.o
    0x20002b10   COMPRESSED   0x00000020   Data   RW         2529    .data               app_button.o
    0x20002b30   COMPRESSED   0x00000014   Data   RW         2841    .data               app_timer.o
    0x20002b44   COMPRESSED   0x0000001c   Data   RW         2996    .data               app_uart_fifo.o
    0x20002b60   COMPRESSED   0x00000014   Data   RW         3676    .data               nrf_fstorage_sd.o
    0x20002b74   COMPRESSED   0x00000008   Data   RW         3677    .data               nrf_fstorage_sd.o
    0x20002b7c   COMPRESSED   0x00000008   Data   RW         3859    .data               nrf_pwr_mgmt.o
    0x20002b84   COMPRESSED   0x00000004   Data   RW         3990    .data               retarget.o
    0x20002b88   COMPRESSED   0x00000001   Data   RW         4034    .data               nrf_log_backend_rtt.o
    0x20002b89   COMPRESSED   0x00000003   PAD
    0x20002b8c   COMPRESSED   0x0000000c   Data   RW         4127    .data               nrf_log_default_backends.o
    0x20002b98   COMPRESSED   0x00000008   Data   RW         4189    .data               nrf_log_frontend.o
    0x20002ba0   COMPRESSED   0x00000008   Data   RW         4190    .data               nrf_log_frontend.o
    0x20002ba8   COMPRESSED   0x00000040   Data   RW         4352    .data               nrf_log_str_formatter.o
    0x20002be8   COMPRESSED   0x00000003   Data   RW         4675    .data               nrf_sdh.o
    0x20002beb   COMPRESSED   0x00000001   Data   RW         4785    .data               nrf_sdh_ble.o
    0x20002bec   COMPRESSED   0x0000000c   Data   RW         5069    .data               lcd_driver.o
    0x20002bf8   COMPRESSED   0x00000004   Data   RW         5227    .data               system_nrf52840.o
    0x20002bfc   COMPRESSED   0x00000004   Data   RW         1271    log_dynamic_data    nrf_ble_gatt.o
    0x20002c00   COMPRESSED   0x00000004   Data   RW         1409    log_dynamic_data    ble_nus.o
    0x20002c04   COMPRESSED   0x00000004   Data   RW         1488    log_dynamic_data    nrf_drv_clock.o
    0x20002c08   COMPRESSED   0x00000004   Data   RW         1679    log_dynamic_data    nrfx_clock.o
    0x20002c0c   COMPRESSED   0x00000004   Data   RW         1841    log_dynamic_data    nrfx_gpiote.o
    0x20002c10   COMPRESSED   0x00000004   Data   RW         2118    log_dynamic_data    nrfx_prs.o
    0x20002c14   COMPRESSED   0x00000004   Data   RW         2196    log_dynamic_data    nrfx_uart.o
    0x20002c18   COMPRESSED   0x00000004   Data   RW         2389    log_dynamic_data    nrfx_uarte.o
    0x20002c1c   COMPRESSED   0x00000004   Data   RW         3587    log_dynamic_data    nrf_fstorage.o
    0x20002c20   COMPRESSED   0x00000004   Data   RW         3679    log_dynamic_data    nrf_fstorage_sd.o
    0x20002c24   COMPRESSED   0x00000004   Data   RW         3861    log_dynamic_data    nrf_pwr_mgmt.o
    0x20002c28   COMPRESSED   0x00000008   Data   RW         4192    log_dynamic_data    nrf_log_frontend.o
    0x20002c30   COMPRESSED   0x00000004   Data   RW         4677    log_dynamic_data    nrf_sdh.o
    0x20002c34   COMPRESSED   0x00000004   Data   RW         4787    log_dynamic_data    nrf_sdh_ble.o
    0x20002c38   COMPRESSED   0x00000004   Data   RW         4833    log_dynamic_data    nrf_sdh_soc.o
    0x20002c3c   COMPRESSED   0x00000004   Data   RW         4947    log_dynamic_data    nrfx_spim.o
    0x20002c40        -       0x000003cc   Zero   RW           18    .bss                main.o
    0x2000300c        -       0x00000020   Zero   RW          583    .bss                bsp.o
    0x2000302c        -       0x00000020   Zero   RW          584    .bss                bsp.o
    0x2000304c        -       0x0000000c   Zero   RW          585    .bss                bsp.o
    0x20003058        -       0x00000020   Zero   RW          586    .bss                bsp.o
    0x20003078        -       0x00000050   Zero   RW          946    .bss                ble_conn_params.o
    0x200030c8        -       0x00000078   Zero   RW         1031    .bss                ble_conn_state.o
    0x20003140        -       0x00000014   Zero   RW         1481    .bss                nrf_drv_clock.o
    0x20003154        -       0x0000006c   Zero   RW         1834    .bss                nrfx_gpiote.o
    0x200031c0        -       0x0000002c   Zero   RW         2189    .bss                nrfx_uart.o
    0x200031ec        -       0x00000024   Zero   RW         2382    .bss                nrfx_uarte.o
    0x20003210        -       0x00000020   Zero   RW         2527    .bss                app_button.o
    0x20003230        -       0x0000010c   Zero   RW         2839    .bss                app_timer.o
    0x2000333c        -       0x00000020   Zero   RW         2994    .bss                app_uart_fifo.o
    0x2000335c        -       0x0000000c   Zero   RW         3075    .bss                app_util_platform.o
    0x20003368        -       0x000000a0   Zero   RW         3672    .bss                nrf_fstorage_sd.o
    0x20003408        -       0x0000000c   Zero   RW         3855    .bss                nrf_pwr_mgmt.o
    0x20003414        -       0x00000040   Zero   RW         4031    .bss                nrf_log_backend_rtt.o
    0x20003454        -       0x000000c0   Zero   RW         4186    .bss                nrf_log_frontend.o
    0x20003514        -       0x00000424   Zero   RW         4187    .bss                nrf_log_frontend.o
    0x20003938        -       0x00000288   Zero   RW         4428    .bss                segger_rtt.o
    0x20003bc0        -       0x00000020   Zero   RW         4862    .bss                nrf_drv_spi.o
    0x20003be0        -       0x00000024   Zero   RW         4940    .bss                nrfx_spim.o
    0x20003c04        -       0x00000200   Zero   RW         5067    .bss                lcd_driver.o
    0x20003e04   COMPRESSED   0x00000004   PAD
    0x20003e08        -       0x00002000   Zero   RW         5215    STACK               arm_startup_nrf52840.o


==============================================================================

Image component sizes


      Code (inc. data)   RO Data    RW Data    ZI Data      Debug   Object Name

       440         36          8         32         32      13186   app_button.o
        22          0          0          0          0       2477   app_error.o
       124         40          0          0          0      30613   app_error_weak.o
       118          0          0          0          0       5090   app_fifo.o
      1510        118          6         20        268      48867   app_timer.o
       524         60         32         28         32      21218   app_uart_fifo.o
       124         14          0          0         12       9578   app_util_platform.o
        36          8        512          0       8192        936   arm_startup_nrf52840.o
      1314          0          0          0          0      38308   ble_advdata.o
      1104          6          0          0          0      13296   ble_advertising.o
       636         44          8          8         80       9355   ble_conn_params.o
       360         10          8          0        120       6911   ble_conn_state.o
        72          0          0          0          0       1676   ble_link_ctx_manager.o
       920          6         32          4          0       8964   ble_nus.o
         8          0          0          0          0       1478   ble_srv_common.o
       440         46          8          0          0      54099   boards.o
      1000         88         44         16        108      15603   bsp.o
       256         10          8          8          0       9136   bsp_btn_ble.o
      1058         98         40         12        512      20189   lcd_driver.o
      1452        296         80         52        972     173192   main.o
       244          0          0          0          0       5713   nrf_atfifo.o
        64          0          0          0          0       3012   nrf_atflags.o
       306          0          0          0          0       8139   nrf_atomic.o
       164          0          0          0          0       3692   nrf_balloc.o
       922        254        205          4          0      37222   nrf_ble_gatt.o
       276          0          0          0          0       4753   nrf_ble_qwr.o
       276         34         30          4         20      37878   nrf_drv_clock.o
       168         18         16          0         32      16419   nrf_drv_spi.o
       200         26          0         20          0      17808   nrf_drv_uart.o
        50          0          0          0          0       3577   nrf_fprintf.o
       850          4         16          0          0       5538   nrf_fprintf_format.o
        80         10         21          4          0       2692   nrf_fstorage.o
       484         42         62         32        160       9805   nrf_fstorage_sd.o
       112         18         18          1         64       5933   nrf_log_backend_rtt.o
       200          0          0          0          0      10847   nrf_log_backend_serial.o
        28          6          0         12          0       3238   nrf_log_default_backends.o
      1490        118         64         24       1252      30209   nrf_log_frontend.o
       566        108        102         64          0       5868   nrf_log_str_formatter.o
       330          0          0          0          0       9727   nrf_memobj.o
        40         12         53         12         12       4541   nrf_pwr_mgmt.o
       552         60        104          7          0      41956   nrf_sdh.o
       756        224        539          5          0       6093   nrf_sdh_ble.o
        60          4         56          4          0       2616   nrf_sdh_soc.o
        78          0          0          0          0       2832   nrf_section_iter.o
        76         10       1319          0          0       2791   nrf_strerror.o
       222         28         14         12          0      41284   nrfx_clock.o
      1378         92         23          4        108      60058   nrfx_gpiote.o
        94         16         12         12          0       3901   nrfx_prs.o
       936         28         17          4         36      22559   nrfx_spim.o
      1406         42         17          4         44      32654   nrfx_uart.o
      1244         44         18          4         36      25145   nrfx_uarte.o
        14          0          0          4          0       2910   retarget.o
       378         34          0          0        648       9101   segger_rtt.o
       476         60          0          4          0       2407   system_nrf52840.o

    ----------------------------------------------------------------------
     26094       2176       3584        424      12744     967090   Object Totals
         0          0         32          0          0          0   (incl. Generated)
        56          4         60          3          4          0   (incl. Padding)

    ----------------------------------------------------------------------

      Code (inc. data)   RO Data    RW Data    ZI Data      Debug   Library Member Name

        86          0          0          0          0          0   __dczerorl2.o
         8          4        133          0          0         68   ctype_o.o
         0          0          0          0          0          0   entry.o
         0          0          0          0          0          0   entry10a.o
         0          0          0          0          0          0   entry11a.o
         8          4          0          0          0          0   entry2.o
         4          0          0          0          0          0   entry5.o
         0          0          0          0          0          0   entry7b.o
         0          0          0          0          0          0   entry8b.o
         8          4          0          0          0          0   entry9a.o
        30          0          0          0          0          0   handlers.o
        36          8          0          0          0         68   init.o
        30          0          0          0          0         68   llshl.o
        32          0          0          0          0         68   llushr.o
        36          0          0          0          0         68   memcpya.o
        36          0          0          0          0        108   memseta.o
        50          8          0          0          0        152   printfb.o
        18          0          0          0          0         68   strcpy.o
        14          0          0          0          0         68   strlen.o
        98          0          0          0          0         92   uldiv.o

    ----------------------------------------------------------------------
       498         28        136          0          0        828   Library Totals
         4          0          3          0          0          0   (incl. Padding)

    ----------------------------------------------------------------------

      Code (inc. data)   RO Data    RW Data    ZI Data      Debug   Library Name

       494         28        133          0          0        828   mc_w.l

    ----------------------------------------------------------------------
       498         28        136          0          0        828   Library Totals

    ----------------------------------------------------------------------

==============================================================================


      Code (inc. data)   RO Data    RW Data    ZI Data      Debug   

     26592       2204       3720        424      12744     935290   Grand Totals
     26592       2204       3720         88      12744     935290   ELF Image Totals (compressed)
     26592       2204       3720         88          0          0   ROM Totals

==============================================================================

    Total RO  Size (Code + RO Data)                30312 (  29.60kB)
    Total RW  Size (RW Data + ZI Data)             13168 (  12.86kB)
    Total ROM Size (Code + RO Data + RW Data)      30400 (  29.69kB)

==============================================================================

