Component: ARM Compiler 5.06 update 1 (build 61) Tool: armlink [4d35a8]

==============================================================================

Section Cross References

    arm_startup_nrf52.o(RESET) refers to arm_startup_nrf52.o(STACK) for __initial_sp
    arm_startup_nrf52.o(RESET) refers to arm_startup_nrf52.o(.text) for Reset_Handler
    arm_startup_nrf52.o(RESET) refers to nrfx_clock.o(i.POWER_CLOCK_IRQHandler) for POWER_CLOCK_IRQHandler
    arm_startup_nrf52.o(RESET) refers to nrfx_prs.o(i.UARTE0_UART0_IRQHandler) for UARTE0_UART0_IRQHandler
    arm_startup_nrf52.o(RESET) refers to nrfx_gpiote.o(i.GPIOTE_IRQHandler) for GPIOTE_IRQHandler
    arm_startup_nrf52.o(RESET) refers to app_timer.o(i.RTC1_IRQHandler) for RTC1_IRQHandler
    arm_startup_nrf52.o(RESET) refers to app_timer.o(i.SWI0_EGU0_IRQHandler) for SWI0_EGU0_IRQHandler
    arm_startup_nrf52.o(RESET) refers to nrf_sdh.o(i.SWI2_EGU2_IRQHandler) for SWI2_EGU2_IRQHandler
    arm_startup_nrf52.o(.text) refers to system_nrf52.o(i.SystemInit) for SystemInit
    arm_startup_nrf52.o(.text) refers to entry.o(.ARM.Collect$$$$00000000) for __main
    system_nrf52.o(i.SystemCoreClockUpdate) refers to system_nrf52.o(.data) for .data
    system_nrf52.o(i.SystemInit) refers to system_nrf52.o(.data) for .data
    main.o(i.assert_nrf_callback) refers to app_error_handler_keil.o(.emb_text) for app_error_handler
    main.o(i.ble_evt_handler) refers to nrf_log_frontend.o(i.nrf_log_frontend_std_0) for nrf_log_frontend_std_0
    main.o(i.ble_evt_handler) refers to bsp.o(i.bsp_indication_set) for bsp_indication_set
    main.o(i.ble_evt_handler) refers to app_error.o(i.app_error_handler_bare) for app_error_handler_bare
    main.o(i.ble_evt_handler) refers to nrf_ble_qwr.o(i.nrf_ble_qwr_conn_handle_assign) for nrf_ble_qwr_conn_handle_assign
    main.o(i.ble_evt_handler) refers to main.o(.data) for .data
    main.o(i.ble_evt_handler) refers to nrf_log_frontend.o(log_dynamic_data) for m_nrf_log_app_logs_data_dynamic
    main.o(i.ble_evt_handler) refers to main.o(.bss) for .bss
    main.o(i.bsp_event_handler) refers to main.o(i.sleep_mode_enter) for sleep_mode_enter
    main.o(i.bsp_event_handler) refers to app_error.o(i.app_error_handler_bare) for app_error_handler_bare
    main.o(i.bsp_event_handler) refers to ble_advertising.o(i.ble_advertising_restart_without_whitelist) for ble_advertising_restart_without_whitelist
    main.o(i.bsp_event_handler) refers to main.o(.data) for .data
    main.o(i.bsp_event_handler) refers to main.o(.bss) for .bss
    main.o(i.conn_params_error_handler) refers to app_error.o(i.app_error_handler_bare) for app_error_handler_bare
    main.o(i.gatt_evt_handler) refers to nrf_log_frontend.o(i.nrf_log_frontend_std_2) for nrf_log_frontend_std_2
    main.o(i.gatt_evt_handler) refers to main.o(.data) for .data
    main.o(i.gatt_evt_handler) refers to nrf_log_frontend.o(log_dynamic_data) for m_nrf_log_app_logs_data_dynamic
    main.o(i.gatt_init) refers to nrf_ble_gatt.o(i.nrf_ble_gatt_init) for nrf_ble_gatt_init
    main.o(i.gatt_init) refers to app_error.o(i.app_error_handler_bare) for app_error_handler_bare
    main.o(i.gatt_init) refers to nrf_ble_gatt.o(i.nrf_ble_gatt_att_mtu_periph_set) for nrf_ble_gatt_att_mtu_periph_set
    main.o(i.gatt_init) refers to main.o(i.gatt_evt_handler) for gatt_evt_handler
    main.o(i.gatt_init) refers to main.o(.bss) for .bss
    main.o(i.main) refers to memcpya.o(.text) for __aeabi_memcpy4
    main.o(i.main) refers to app_uart_fifo.o(i.app_uart_init) for app_uart_init
    main.o(i.main) refers to app_error.o(i.app_error_handler_bare) for app_error_handler_bare
    main.o(i.main) refers to nrf_log_frontend.o(i.nrf_log_init) for nrf_log_init
    main.o(i.main) refers to nrf_log_default_backends.o(i.nrf_log_default_backends_init) for nrf_log_default_backends_init
    main.o(i.main) refers to app_timer.o(i.app_timer_init) for app_timer_init
    main.o(i.main) refers to bsp.o(i.bsp_init) for bsp_init
    main.o(i.main) refers to bsp_btn_ble.o(i.bsp_btn_ble_init) for bsp_btn_ble_init
    main.o(i.main) refers to nrf_pwr_mgmt.o(i.nrf_pwr_mgmt_init) for nrf_pwr_mgmt_init
    main.o(i.main) refers to nrf_sdh.o(i.nrf_sdh_enable_request) for nrf_sdh_enable_request
    main.o(i.main) refers to nrf_sdh_ble.o(i.nrf_sdh_ble_default_cfg_set) for nrf_sdh_ble_default_cfg_set
    main.o(i.main) refers to nrf_sdh_ble.o(i.nrf_sdh_ble_enable) for nrf_sdh_ble_enable
    main.o(i.main) refers to main.o(i.gatt_init) for gatt_init
    main.o(i.main) refers to nrf_ble_qwr.o(i.nrf_ble_qwr_init) for nrf_ble_qwr_init
    main.o(i.main) refers to ble_nus.o(i.ble_nus_init) for ble_nus_init
    main.o(i.main) refers to memseta.o(.text) for __aeabi_memclr4
    main.o(i.main) refers to ble_advertising.o(i.ble_advertising_init) for ble_advertising_init
    main.o(i.main) refers to ble_advertising.o(i.ble_advertising_conn_cfg_tag_set) for ble_advertising_conn_cfg_tag_set
[...]
    __tagsym$$used                           0x20002c1c   Number         0  nrf_log_frontend.o(log_dynamic_data)
    log_dynamic_data                         0x20002c20   Section        4  nrf_sdh.o(log_dynamic_data)
    __tagsym$$used                           0x20002c20   Number         0  nrf_sdh.o(log_dynamic_data)
    log_dynamic_data                         0x20002c24   Section        4  nrf_sdh_ble.o(log_dynamic_data)
    __tagsym$$used                           0x20002c24   Number         0  nrf_sdh_ble.o(log_dynamic_data)
    log_dynamic_data                         0x20002c28   Section        4  nrf_sdh_soc.o(log_dynamic_data)
    __tagsym$$used                           0x20002c28   Number         0  nrf_sdh_soc.o(log_dynamic_data)
    .bss                                     0x20002c2c   Section      972  main.o(.bss)
    data_array                               0x20002c2c   Data         244  main.o(.bss)
    rx_buf                                   0x20002d20   Data         256  main.o(.bss)
    tx_buf                                   0x20002e20   Data         256  main.o(.bss)
    m_gatt                                   0x20002f20   Data          20  main.o(.bss)
    m_qwr                                    0x20002f34   Data          12  main.o(.bss)
    m_advertising                            0x20002f40   Data         184  main.o(.bss)
    .bss                                     0x20002ff8   Section       32  bsp.o(.bss)
    m_bsp_leds_tmr_data                      0x20002ff8   Data          32  bsp.o(.bss)
    .bss                                     0x20003018   Section       32  bsp.o(.bss)
    m_bsp_alert_tmr_data                     0x20003018   Data          32  bsp.o(.bss)
    .bss                                     0x20003038   Section       12  bsp.o(.bss)
    m_events_list                            0x20003038   Data          12  bsp.o(.bss)
    .bss                                     0x20003044   Section       32  bsp.o(.bss)
    m_bsp_button_tmr_data                    0x20003044   Data          32  bsp.o(.bss)
    .bss                                     0x20003064   Section       80  ble_conn_params.o(.bss)
    m_timer_data                             0x20003064   Data          32  ble_conn_params.o(.bss)
    m_conn_params_instances                  0x20003084   Data          20  ble_conn_params.o(.bss)
    m_conn_params_config                     0x20003098   Data          28  ble_conn_params.o(.bss)
    .bss                                     0x200030b4   Section      120  ble_conn_state.o(.bss)
    m_bcs                                    0x200030b4   Data         120  ble_conn_state.o(.bss)
    .bss                                     0x2000312c   Section       20  nrf_drv_clock.o(.bss)
    m_clock_cb                               0x2000312c   Data          20  nrf_drv_clock.o(.bss)
    .bss                                     0x20003140   Section       92  nrfx_gpiote.o(.bss)
    m_cb                                     0x20003140   Data          92  nrfx_gpiote.o(.bss)
    .bss                                     0x2000319c   Section       44  nrfx_uart.o(.bss)
    m_cb                                     0x2000319c   Data          44  nrfx_uart.o(.bss)
    .bss                                     0x200031c8   Section       36  nrfx_uarte.o(.bss)
    m_cb                                     0x200031c8   Data          36  nrfx_uarte.o(.bss)
    .bss                                     0x200031ec   Section       32  app_button.o(.bss)
    m_detection_delay_timer_id_data          0x200031ec   Data          32  app_button.o(.bss)
    .bss                                     0x2000320c   Section      268  app_timer.o(.bss)
    m_op_queue                               0x2000320c   Data         268  app_timer.o(.bss)
    .bss                                     0x20003318   Section       32  app_uart_fifo.o(.bss)
    m_rx_fifo                                0x20003318   Data          16  app_uart_fifo.o(.bss)
    m_tx_fifo                                0x20003328   Data          16  app_uart_fifo.o(.bss)
    .bss                                     0x20003338   Section       12  app_util_platform.o(.bss)
    .bss                                     0x20003344   Section      160  nrf_fstorage_sd.o(.bss)
    m_fifo_data                              0x20003344   Data         140  nrf_fstorage_sd.o(.bss)
    m_flags                                  0x200033d0   Data          20  nrf_fstorage_sd.o(.bss)
    .bss                                     0x200033e4   Section       12  nrf_pwr_mgmt.o(.bss)
    m_handlers_iter                          0x200033e4   Data          12  nrf_pwr_mgmt.o(.bss)
    .bss                                     0x200033f0   Section       64  nrf_log_backend_rtt.o(.bss)
    m_string_buff                            0x200033f0   Data          64  nrf_log_backend_rtt.o(.bss)
    .bss                                     0x20003430   Section      192  nrf_log_frontend.o(.bss)
    log_mempool_nrf_balloc_pool_mem          0x20003430   Data         192  nrf_log_frontend.o(.bss)
    .bss                                     0x200034f0   Section     1060  nrf_log_frontend.o(.bss)
    m_log_data                               0x200034f0   Data        1060  nrf_log_frontend.o(.bss)
    .bss                                     0x20003914   Section      648  segger_rtt.o(.bss)
    _acUpBuffer                              0x2000398c   Data         512  segger_rtt.o(.bss)
    _acDownBuffer                            0x20003b8c   Data          16  segger_rtt.o(.bss)
    STACK                                    0x20003ba0   Section     8192  arm_startup_nrf52.o(STACK)

    Global Symbols

    Symbol Name                              Value     Ov Type        Size  Object(Section)

    BuildAttributes$$THM_ISAv4$E$P$D$K$B$S$7EM$VFPi3$EXTD16$VFPS$VFMA$PE$A:L22UL41UL21$X:L11$S22US41US21$IEEE1$IW$USESV6$~STKCKD$USESV7$~SHL$OSPACE$ROPI$EBA8$MICROLIB$REQ8$EABIv2 0x00000000   Number         0  anon$$obj.o ABSOLUTE
    __ARM_use_no_argv                        0x00000000   Number         0  main.o ABSOLUTE
    __cpp_initialize__aeabi_                  - Undefined Weak Reference
    __cxa_finalize                            - Undefined Weak Reference
    _clock_init                               - Undefined Weak Reference
    _microlib_exit                            - Undefined Weak Reference
    fs_data$$Base                             - Undefined Reference
    fs_data$$Limit                            - Undefined Reference
    pwr_mgmt_data0$$Base                      - Undefined Reference
    pwr_mgmt_data0$$Limit                     - Undefined Reference
    pwr_mgmt_data1$$Base                      - Undefined Reference
    pwr_mgmt_data1$$Limit                     - Undefined Reference
    pwr_mgmt_data2$$Base                      - Undefined Reference
    pwr_mgmt_data2$$Limit                     - Undefined Reference
    sdh_req_observers1$$Base                  - Undefined Reference
    sdh_req_observers1$$Limit                 - Undefined Reference
    sdh_stack_observers1$$Base                - Undefined Reference
    sdh_stack_observers1$$Limit               - Undefined Reference
    sdh_state_observers1$$Base                - Undefined Reference
    sdh_state_observers1$$Limit               - Undefined Reference
    __Vectors_Size                           0x00000200   Number         0  arm_startup_nrf52.o ABSOLUTE
    __Vectors                                0x00026000   Data           4  arm_startup_nrf52.o(RESET)
    __Vectors_End                            0x00026200   Data           0  arm_startup_nrf52.o(RESET)
    __main                                   0x00026201   Thumb Code     0  entry.o(.ARM.Collect$$$$00000000)
    _main_stk                                0x00026201   Thumb Code     0  entry2.o(.ARM.Collect$$$$00000001)
    _main_scatterload                        0x00026205   Thumb Code     0  entry5.o(.ARM.Collect$$$$00000004)
    __main_after_scatterload                 0x00026209   Thumb Code     0  entry5.o(.ARM.Collect$$$$00000004)
    _main_clock                              0x00026209   Thumb Code     0  entry7b.o(.ARM.Collect$$$$00000008)
    _main_cpp_init                           0x00026209   Thumb Code     0  entry8b.o(.ARM.Collect$$$$0000000A)
    _main_init                               0x00026209   Thumb Code     0  entry9a.o(.ARM.Collect$$$$0000000B)
    __rt_final_cpp                           0x00026211   Thumb Code     0  entry10a.o(.ARM.Collect$$$$0000000D)
    __rt_final_exit                          0x00026211   Thumb Code     0  entry11a.o(.ARM.Collect$$$$0000000F)
    __asm___12_nrf_atfifo_c_51f461e1__nrf_atfifo_wspace_req 0x00026215   Thumb Code    56  nrf_atfifo.o(.emb_text)
    __asm___12_nrf_atfifo_c_51f461e1__nrf_atfifo_wspace_close 0x0002624d   Thumb Code    18  nrf_atfifo.o(.emb_text)
    __asm___12_nrf_atfifo_c_51f461e1__nrf_atfifo_rspace_req 0x0002625f   Thumb Code    58  nrf_atfifo.o(.emb_text)
    __asm___12_nrf_atfifo_c_51f461e1__nrf_atfifo_rspace_close 0x00026299   Thumb Code    18  nrf_atfifo.o(.emb_text)
    __asm___12_nrf_atfifo_c_51f461e1__nrf_atfifo_space_clear 0x000262ab   Thumb Code    50  nrf_atfifo.o(.emb_text)
    __asm___12_nrf_atomic_c_85ca2469__nrf_atomic_internal_mov 0x000262dd   Thumb Code    24  nrf_atomic.o(.emb_text)
    __asm___12_nrf_atomic_c_85ca2469__nrf_atomic_internal_orr 0x000262f5   Thumb Code    26  nrf_atomic.o(.emb_text)
    __asm___12_nrf_atomic_c_85ca2469__nrf_atomic_internal_and 0x0002630f   Thumb Code    26  nrf_atomic.o(.emb_text)
    __asm___12_nrf_atomic_c_85ca2469__nrf_atomic_internal_eor 0x00026329   Thumb Code    26  nrf_atomic.o(.emb_text)
    __asm___12_nrf_atomic_c_85ca2469__nrf_atomic_internal_add 0x00026343   Thumb Code    26  nrf_atomic.o(.emb_text)
    __asm___12_nrf_atomic_c_85ca2469__nrf_atomic_internal_sub 0x0002635d   Thumb Code    26  nrf_atomic.o(.emb_text)
    __asm___12_nrf_atomic_c_85ca2469__nrf_atomic_internal_cmp_exch 0x00026377   Thumb Code    42  nrf_atomic.o(.emb_text)
    __asm___12_nrf_atomic_c_85ca2469__nrf_atomic_internal_sub_hs 0x000263a1   Thumb Code    30  nrf_atomic.o(.emb_text)
    Reset_Handler                            0x000263c1   Thumb Code     8  arm_startup_nrf52.o(.text)
    NMI_Handler                              0x000263c9   Thumb Code     2  arm_startup_nrf52.o(.text)
    HardFault_Handler                        0x000263cb   Thumb Code     2  arm_startup_nrf52.o(.text)
    MemoryManagement_Handler                 0x000263cd   Thumb Code     2  arm_startup_nrf52.o(.text)
    BusFault_Handler                         0x000263cf   Thumb Code     2  arm_startup_nrf52.o(.text)
    UsageFault_Handler                       0x000263d1   Thumb Code     2  arm_startup_nrf52.o(.text)
    SVC_Handler                              0x000263d3   Thumb Code     2  arm_startup_nrf52.o(.text)
    DebugMon_Handler                         0x000263d5   Thumb Code     2  arm_startup_nrf52.o(.text)
    PendSV_Handler                           0x000263d7   Thumb Code     2  arm_startup_nrf52.o(.text)
    SysTick_Handler                          0x000263d9   Thumb Code     2  arm_startup_nrf52.o(.text)
    CCM_AAR_IRQHandler                       0x000263db   Thumb Code     0  arm_startup_nrf52.o(.text)
    COMP_LPCOMP_IRQHandler                   0x000263db   Thumb Code     0  arm_startup_nrf52.o(.text)
    ECB_IRQHandler                           0x000263db   Thumb Code     0  arm_startup_nrf52.o(.text)
    FPU_IRQHandler                           0x000263db   Thumb Code     0  arm_startup_nrf52.o(.text)
    I2S_IRQHandler                           0x000263db   Thumb Code     0  arm_startup_nrf52.o(.text)
    MWU_IRQHandler                           0x000263db   Thumb Code     0  arm_startup_nrf52.o(.text)
    NFCT_IRQHandler                          0x000263db   Thumb Code     0  arm_startup_nrf52.o(.text)
    PDM_IRQHandler                           0x000263db   Thumb Code     0  arm_startup_nrf52.o(.text)
    PWM0_IRQHandler                          0x000263db   Thumb Code     0  arm_startup_nrf52.o(.text)
    PWM1_IRQHandler                          0x000263db   Thumb Code     0  arm_startup_nrf52.o(.text)
    PWM2_IRQHandler                          0x000263db   Thumb Code     0  arm_startup_nrf52.o(.text)
    QDEC_IRQHandler                          0x000263db   Thumb Code     0  arm_startup_nrf52.o(.text)
    RADIO_IRQHandler                         0x000263db   Thumb Code     0  arm_startup_nrf52.o(.text)
    RNG_IRQHandler                           0x000263db   Thumb Code     0  arm_startup_nrf52.o(.text)
    RTC0_IRQHandler                          0x000263db   Thumb Code     0  arm_startup_nrf52.o(.text)
    RTC2_IRQHandler                          0x000263db   Thumb Code     0  arm_startup_nrf52.o(.text)
    SAADC_IRQHandler                         0x000263db   Thumb Code     0  arm_startup_nrf52.o(.text)
    SPIM0_SPIS0_TWIM0_TWIS0_SPI0_TWI0_IRQHandler 0x000263db   Thumb Code     0  arm_startup_nrf52.o(.text)
    SPIM1_SPIS1_TWIM1_TWIS1_SPI1_TWI1_IRQHandler 0x000263db   Thumb Code     0  arm_startup_nrf52.o(.text)
    SPIM2_SPIS2_SPI2_IRQHandler              0x000263db   Thumb Code     0  arm_startup_nrf52.o(.text)
    SWI1_EGU1_IRQHandler                     0x000263db   Thumb Code     0  arm_startup_nrf52.o(.text)
    SWI3_EGU3_IRQHandler                     0x000263db   Thumb Code     0  arm_startup_nrf52.o(.text)
    SWI4_EGU4_IRQHandler                     0x000263db   Thumb Code     0  arm_startup_nrf52.o(.text)
    SWI5_EGU5_IRQHandler                     0x000263db   Thumb Code     0  arm_startup_nrf52.o(.text)
    TEMP_IRQHandler                          0x000263db   Thumb Code     0  arm_startup_nrf52.o(.text)
    TIMER0_IRQHandler                        0x000263db   Thumb Code     0  arm_startup_nrf52.o(.text)
    TIMER1_IRQHandler                        0x000263db   Thumb Code     0  arm_startup_nrf52.o(.text)
    TIMER2_IRQHandler                        0x000263db   Thumb Code     0  arm_startup_nrf52.o(.text)
    TIMER3_IRQHandler                        0x000263db   Thumb Code     0  arm_startup_nrf52.o(.text)
    TIMER4_IRQHandler                        0x000263db   Thumb Code     0  arm_startup_nrf52.o(.text)
    WDT_IRQHandler                           0x000263db   Thumb Code     0  arm_startup_nrf52.o(.text)
    __aeabi_uldivmod                         0x000263e5   Thumb Code    98  uldiv.o(.text)
    __aeabi_llsl                             0x00026447   Thumb Code    30  llshl.o(.text)
    _ll_shift_l                              0x00026447   Thumb Code     0  llshl.o(.text)
    __rt_ctype_table                         0x00026465   Thumb Code     4  ctype_o.o(.text)
    __aeabi_memcpy                           0x0002646d   Thumb Code    36  memcpya.o(.text)
    __aeabi_memcpy4                          0x0002646d   Thumb Code     0  memcpya.o(.text)
    __aeabi_memcpy8                          0x0002646d   Thumb Code     0  memcpya.o(.text)
    __aeabi_memset                           0x00026491   Thumb Code    14  memseta.o(.text)
    __aeabi_memset4                          0x00026491   Thumb Code     0  memseta.o(.text)
    __aeabi_memset8                          0x00026491   Thumb Code     0  memseta.o(.text)
    __aeabi_memclr                           0x0002649f   Thumb Code     4  memseta.o(.text)
    __aeabi_memclr4                          0x0002649f   Thumb Code     0  memseta.o(.text)
    __aeabi_memclr8                          0x0002649f   Thumb Code     0  memseta.o(.text)
    _memset$wrapper                          0x000264a3   Thumb Code    18  memseta.o(.text)
    strlen                                   0x000264b5   Thumb Code    14  strlen.o(.text)
    strcpy                                   0x000264c3   Thumb Code    18  strcpy.o(.text)
    __aeabi_llsr                             0x000264d5   Thumb Code    32  llushr.o(.text)
    _ll_ushift_r                             0x000264d5   Thumb Code     0  llushr.o(.text)
    __scatterload                            0x000264f5   Thumb Code    28  init.o(.text)
    __scatterload_rt2                        0x000264f5   Thumb Code     0  init.o(.text)
    __decompress                             0x00026519   Thumb Code     0  __dczerorl2.o(.text)
    __decompress1                            0x00026519   Thumb Code    86  __dczerorl2.o(.text)
    GPIOTE_IRQHandler                        0x00026571   Thumb Code   346  nrfx_gpiote.o(i.GPIOTE_IRQHandler)
    POWER_CLOCK_IRQHandler                   0x00026739   Thumb Code    82  nrfx_clock.o(i.POWER_CLOCK_IRQHandler)
    RTC1_IRQHandler                          0x00026791   Thumb Code    32  app_timer.o(i.RTC1_IRQHandler)
    SEGGER_RTT_Init                          0x000267b5   Thumb Code     4  segger_rtt.o(i.SEGGER_RTT_Init)
    SEGGER_RTT_WriteNoLock                   0x000267b9   Thumb Code    86  segger_rtt.o(i.SEGGER_RTT_WriteNoLock)
    SWI0_EGU0_IRQHandler                     0x00026815   Thumb Code     4  app_timer.o(i.SWI0_EGU0_IRQHandler)
    SWI2_EGU2_IRQHandler                     0x00026819   Thumb Code     4  nrf_sdh.o(i.SWI2_EGU2_IRQHandler)
    SystemInit                               0x0002681d   Thumb Code   724  system_nrf52.o(i.SystemInit)
    UARTE0_UART0_IRQHandler                  0x00026b35   Thumb Code     6  nrfx_prs.o(i.UARTE0_UART0_IRQHandler)
    __0printf$bare                           0x00026c5d   Thumb Code     8  printfb.o(i.__0printf$bare)
    __1printf$bare                           0x00026c5d   Thumb Code     0  printfb.o(i.__0printf$bare)
    __2printf                                0x00026c5d   Thumb Code     0  printfb.o(i.__0printf$bare)
    __scatterload_copy                       0x00026c6d   Thumb Code    14  handlers.o(i.__scatterload_copy)
    __scatterload_null                       0x00026c7b   Thumb Code     2  handlers.o(i.__scatterload_null)
    __scatterload_zeroinit                   0x00026c7d   Thumb Code    14  handlers.o(i.__scatterload_zeroinit)
    app_button_enable                        0x00026d35   Thumb Code    32  app_button.o(i.app_button_enable)
    app_button_init                          0x00026d59   Thumb Code   102  app_button.o(i.app_button_init)
    app_error_fault_handler                  0x00026dd1   Thumb Code    82  app_error_weak.o(i.app_error_fault_handler)
    app_error_handler_bare                   0x00026e4d   Thumb Code    22  app_error.o(i.app_error_handler_bare)
    app_fifo_get                             0x00026e63   Thumb Code    22  app_fifo.o(i.app_fifo_get)
    app_fifo_init                            0x00026e79   Thumb Code    32  app_fifo.o(i.app_fifo_init)
    app_fifo_put                             0x00026e99   Thumb Code    26  app_fifo.o(i.app_fifo_put)
    app_timer_create                         0x00026eb5   Thumb Code    32  app_timer.o(i.app_timer_create)
    app_timer_init                           0x00026ed9   Thumb Code    70  app_timer.o(i.app_timer_init)
    app_timer_start                          0x00026f2d   Thumb Code   128  app_timer.o(i.app_timer_start)
    app_timer_stop                           0x00026fb5   Thumb Code    26  app_timer.o(i.app_timer_stop)
    app_uart_get                             0x00026fd5   Thumb Code    42  app_uart_fifo.o(i.app_uart_get)
    app_uart_init                            0x00027009   Thumb Code   148  app_uart_fifo.o(i.app_uart_init)
    app_uart_put                             0x000270ad   Thumb Code    70  app_uart_fifo.o(i.app_uart_put)
    app_util_critical_region_enter           0x00027101   Thumb Code    64  app_util_platform.o(i.app_util_critical_region_enter)
    app_util_critical_region_exit            0x00027149   Thumb Code    46  app_util_platform.o(i.app_util_critical_region_exit)
    blcm_link_ctx_get                        0x0002728d   Thumb Code    72  ble_link_ctx_manager.o(i.blcm_link_ctx_get)
    ble_advdata_encode                       0x000272d5   Thumb Code   386  ble_advdata.o(i.ble_advdata_encode)
    ble_advdata_parse                        0x00027457   Thumb Code    32  ble_advdata.o(i.ble_advdata_parse)
    ble_advdata_search                       0x00027477   Thumb Code    56  ble_advdata.o(i.ble_advdata_search)
    ble_advertising_conn_cfg_tag_set         0x000274af   Thumb Code     6  ble_advertising.o(i.ble_advertising_conn_cfg_tag_set)
    ble_advertising_init                     0x000274b5   Thumb Code   250  ble_advertising.o(i.ble_advertising_init)
    ble_advertising_on_ble_evt               0x000275af   Thumb Code   106  ble_advertising.o(i.ble_advertising_on_ble_evt)
    ble_advertising_on_sys_evt               0x00027619   Thumb Code    48  ble_advertising.o(i.ble_advertising_on_sys_evt)
    ble_advertising_restart_without_whitelist 0x00027649   Thumb Code    58  ble_advertising.o(i.ble_advertising_restart_without_whitelist)
    ble_advertising_start                    0x00027683   Thumb Code   566  ble_advertising.o(i.ble_advertising_start)
    ble_conn_params_init                     0x000278b9   Thumb Code    90  ble_conn_params.o(i.ble_conn_params_init)
    ble_conn_state_conn_idx                  0x00027921   Thumb Code    18  ble_conn_state.o(i.ble_conn_state_conn_idx)
    ble_conn_state_valid                     0x00027935   Thumb Code    16  ble_conn_state.o(i.ble_conn_state_valid)
    ble_nus_data_send                        0x00027ce9   Thumb Code   102  ble_nus.o(i.ble_nus_data_send)
    ble_nus_init                             0x00027d51   Thumb Code    84  ble_nus.o(i.ble_nus_init)
    ble_nus_on_ble_evt                       0x00027da9   Thumb Code   112  ble_nus.o(i.ble_nus_on_ble_evt)
    ble_srv_is_notification_enabled          0x00027e19   Thumb Code     8  ble_srv_common.o(i.ble_srv_is_notification_enabled)
    bsp_board_button_idx_to_pin              0x00027e21   Thumb Code     6  boards.o(i.bsp_board_button_idx_to_pin)
    bsp_board_button_state_get               0x00027e2d   Thumb Code    28  boards.o(i.bsp_board_button_state_get)
    bsp_board_init                           0x00027e4d   Thumb Code    80  boards.o(i.bsp_board_init)
    bsp_board_led_invert                     0x00027ea1   Thumb Code    32  boards.o(i.bsp_board_led_invert)
    bsp_board_led_off                        0x00027ec5   Thumb Code    10  boards.o(i.bsp_board_led_off)
    bsp_board_led_on                         0x00027ed5   Thumb Code    10  boards.o(i.bsp_board_led_on)
    bsp_board_led_state_get                  0x00027ee5   Thumb Code    28  boards.o(i.bsp_board_led_state_get)
    bsp_board_leds_off                       0x00027f05   Thumb Code    18  boards.o(i.bsp_board_leds_off)
    bsp_board_leds_on                        0x00027f17   Thumb Code    18  boards.o(i.bsp_board_leds_on)
    bsp_board_pin_to_button_idx              0x00027f29   Thumb Code    30  boards.o(i.bsp_board_pin_to_button_idx)
    bsp_btn_ble_init                         0x00027f4d   Thumb Code    40  bsp_btn_ble.o(i.bsp_btn_ble_init)
    bsp_btn_ble_sleep_mode_prepare           0x00027f79   Thumb Code    30  bsp_btn_ble.o(i.bsp_btn_ble_sleep_mode_prepare)
    bsp_button_is_pressed                    0x00028029   Thumb Code    12  bsp.o(i.bsp_button_is_pressed)
    bsp_event_handler                        0x00028035   Thumb Code    66  main.o(i.bsp_event_handler)
    bsp_event_to_button_action_assign        0x00028081   Thumb Code    64  bsp.o(i.bsp_event_to_button_action_assign)
    bsp_indication_set                       0x000280c5   Thumb Code    20  bsp.o(i.bsp_indication_set)
    bsp_init                                 0x000280dd   Thumb Code   128  bsp.o(i.bsp_init)
    bsp_wakeup_button_enable                 0x00028329   Thumb Code     6  bsp.o(i.bsp_wakeup_button_enable)
    buffer_is_empty                          0x000283e1   Thumb Code    16  nrf_log_frontend.o(i.buffer_is_empty)
    conn_handle_list_get                     0x00028561   Thumb Code    62  ble_conn_state.o(i.conn_handle_list_get)
    fputc                                    0x000288bf   Thumb Code    14  retarget.o(i.fputc)
    gatt_evt_handler                         0x000288cd   Thumb Code    48  main.o(i.gatt_evt_handler)
    gatt_init                                0x00028921   Thumb Code    38  main.o(i.gatt_init)
    main                                     0x00028d91   Thumb Code   476  main.o(i.main)
    nrf_atfifo_item_free                     0x00029195   Thumb Code    22  nrf_atfifo.o(i.nrf_atfifo_item_free)
    nrf_atfifo_item_get                      0x000291ab   Thumb Code    22  nrf_atfifo.o(i.nrf_atfifo_item_get)
    nrf_atflags_clear                        0x000291c1   Thumb Code    22  nrf_atflags.o(i.nrf_atflags_clear)
    nrf_atflags_get                          0x000291d7   Thumb Code    22  nrf_atflags.o(i.nrf_atflags_get)
    nrf_atflags_set                          0x000291ed   Thumb Code    20  nrf_atflags.o(i.nrf_atflags_set)
    nrf_atomic_flag_clear_fetch              0x00029201   Thumb Code     6  nrf_atomic.o(i.nrf_atomic_flag_clear_fetch)
    nrf_atomic_flag_set                      0x00029207   Thumb Code     6  nrf_atomic.o(i.nrf_atomic_flag_set)
    nrf_atomic_u32_add                       0x0002920d   Thumb Code    12  nrf_atomic.o(i.nrf_atomic_u32_add)
    nrf_atomic_u32_and                       0x00029219   Thumb Code    12  nrf_atomic.o(i.nrf_atomic_u32_and)
    nrf_atomic_u32_fetch_and                 0x00029225   Thumb Code    10  nrf_atomic.o(i.nrf_atomic_u32_fetch_and)
    nrf_atomic_u32_fetch_store               0x0002922f   Thumb Code    10  nrf_atomic.o(i.nrf_atomic_u32_fetch_store)
    nrf_atomic_u32_or                        0x00029239   Thumb Code    12  nrf_atomic.o(i.nrf_atomic_u32_or)
    nrf_atomic_u32_sub                       0x00029245   Thumb Code    12  nrf_atomic.o(i.nrf_atomic_u32_sub)
    nrf_balloc_alloc                         0x00029251   Thumb Code    68  nrf_balloc.o(i.nrf_balloc_alloc)
    nrf_balloc_free                          0x00029295   Thumb Code    48  nrf_balloc.o(i.nrf_balloc_free)
    nrf_balloc_init                          0x000292c5   Thumb Code    48  nrf_balloc.o(i.nrf_balloc_init)
    nrf_ble_gatt_att_mtu_periph_set          0x00029319   Thumb Code    24  nrf_ble_gatt.o(i.nrf_ble_gatt_att_mtu_periph_set)
    nrf_ble_gatt_init                        0x00029331   Thumb Code    34  nrf_ble_gatt.o(i.nrf_ble_gatt_init)
    nrf_ble_gatt_on_ble_evt                  0x00029355   Thumb Code   266  nrf_ble_gatt.o(i.nrf_ble_gatt_on_ble_evt)
    nrf_ble_qwr_conn_handle_assign           0x0002949d   Thumb Code    22  nrf_ble_qwr.o(i.nrf_ble_qwr_conn_handle_assign)
    nrf_ble_qwr_init                         0x000294b3   Thumb Code    36  nrf_ble_qwr.o(i.nrf_ble_qwr_init)
    nrf_ble_qwr_on_ble_evt                   0x000294d7   Thumb Code   182  nrf_ble_qwr.o(i.nrf_ble_qwr_on_ble_evt)
    nrf_drv_clock_init                       0x000295ad   Thumb Code    48  nrf_drv_clock.o(i.nrf_drv_clock_init)
    nrf_drv_clock_lfclk_release              0x000295e5   Thumb Code    42  nrf_drv_clock.o(i.nrf_drv_clock_lfclk_release)
    nrf_drv_uart_init                        0x00029615   Thumb Code    90  nrf_drv_uart.o(i.nrf_drv_uart_init)
    nrf_fprintf                              0x000296bd   Thumb Code    26  nrf_fprintf.o(i.nrf_fprintf)
    nrf_fprintf_buffer_flush                 0x000296d7   Thumb Code    24  nrf_fprintf.o(i.nrf_fprintf_buffer_flush)
    nrf_fprintf_fmt                          0x000296ef   Thumb Code   474  nrf_fprintf_format.o(i.nrf_fprintf_fmt)
    nrf_fstorage_is_busy                     0x000298c9   Thumb Code    70  nrf_fstorage.o(i.nrf_fstorage_is_busy)
    nrf_fstorage_sdh_req_handler             0x00029919   Thumb Code    18  nrf_fstorage_sd.o(i.nrf_fstorage_sdh_req_handler)
    nrf_fstorage_sdh_state_handler           0x00029931   Thumb Code    28  nrf_fstorage_sd.o(i.nrf_fstorage_sdh_state_handler)
    nrf_fstorage_sys_evt_handler             0x00029951   Thumb Code   154  nrf_fstorage_sd.o(i.nrf_fstorage_sys_evt_handler)
    nrf_log_backend_add                      0x00029b55   Thumb Code    74  nrf_log_frontend.o(i.nrf_log_backend_add)
    nrf_log_backend_rtt_init                 0x00029ba7   Thumb Code     4  nrf_log_backend_rtt.o(i.nrf_log_backend_rtt_init)
    nrf_log_backend_serial_put               0x00029bc5   Thumb Code   200  nrf_log_backend_serial.o(i.nrf_log_backend_serial_put)
    nrf_log_color_id_get                     0x00029c8d   Thumb Code    42  nrf_log_frontend.o(i.nrf_log_color_id_get)
    nrf_log_default_backends_init            0x00029cbd   Thumb Code    22  nrf_log_default_backends.o(i.nrf_log_default_backends_init)
    nrf_log_frontend_dequeue                 0x00029cd9   Thumb Code   510  nrf_log_frontend.o(i.nrf_log_frontend_dequeue)
    nrf_log_frontend_std_0                   0x00029ef9   Thumb Code     8  nrf_log_frontend.o(i.nrf_log_frontend_std_0)
    nrf_log_frontend_std_1                   0x00029f01   Thumb Code    14  nrf_log_frontend.o(i.nrf_log_frontend_std_1)
    nrf_log_frontend_std_2                   0x00029f0f   Thumb Code    16  nrf_log_frontend.o(i.nrf_log_frontend_std_2)
    nrf_log_hexdump_entry_process            0x00029f21   Thumb Code   146  nrf_log_str_formatter.o(i.nrf_log_hexdump_entry_process)
    nrf_log_init                             0x00029fcd   Thumb Code    66  nrf_log_frontend.o(i.nrf_log_init)
    nrf_log_module_cnt_get                   0x0002a025   Thumb Code    10  nrf_log_frontend.o(i.nrf_log_module_cnt_get)
    nrf_log_module_name_get                  0x0002a039   Thumb Code    24  nrf_log_frontend.o(i.nrf_log_module_name_get)
    nrf_log_panic                            0x0002a055   Thumb Code    34  nrf_log_frontend.o(i.nrf_log_panic)
    nrf_log_std_entry_process                0x0002a07d   Thumb Code   182  nrf_log_str_formatter.o(i.nrf_log_std_entry_process)
    nrf_memobj_alloc                         0x0002a133   Thumb Code    96  nrf_memobj.o(i.nrf_memobj_alloc)
    nrf_memobj_free                          0x0002a193   Thumb Code    50  nrf_memobj.o(i.nrf_memobj_free)
    nrf_memobj_get                           0x0002a1c5   Thumb Code     8  nrf_memobj.o(i.nrf_memobj_get)
    nrf_memobj_pool_init                     0x0002a1cd   Thumb Code     4  nrf_memobj.o(i.nrf_memobj_pool_init)
    nrf_memobj_put                           0x0002a1d1   Thumb Code    30  nrf_memobj.o(i.nrf_memobj_put)
    nrf_memobj_read                          0x0002a1ef   Thumb Code    12  nrf_memobj.o(i.nrf_memobj_read)
    nrf_memobj_write                         0x0002a1fb   Thumb Code    12  nrf_memobj.o(i.nrf_memobj_write)
    nrf_pwr_mgmt_init                        0x0002a209   Thumb Code    28  nrf_pwr_mgmt.o(i.nrf_pwr_mgmt_init)
    nrf_pwr_mgmt_run                         0x0002a231   Thumb Code    64  nrf_pwr_mgmt.o(i.nrf_pwr_mgmt_run)
    nrf_sdh_ble_app_ram_start_get            0x0002a279   Thumb Code    16  nrf_sdh_ble.o(i.nrf_sdh_ble_app_ram_start_get)
    nrf_sdh_ble_default_cfg_set              0x0002a28d   Thumb Code   312  nrf_sdh_ble.o(i.nrf_sdh_ble_default_cfg_set)
    nrf_sdh_ble_enable                       0x0002a3e1   Thumb Code   116  nrf_sdh_ble.o(i.nrf_sdh_ble_enable)
    nrf_sdh_disable_request                  0x0002a56d   Thumb Code    80  nrf_sdh.o(i.nrf_sdh_disable_request)
    nrf_sdh_enable_request                   0x0002a5c1   Thumb Code   130  nrf_sdh.o(i.nrf_sdh_enable_request)
    nrf_sdh_evts_poll                        0x0002a651   Thumb Code    32  nrf_sdh.o(i.nrf_sdh_evts_poll)
    nrf_sdh_is_enabled                       0x0002a675   Thumb Code     6  nrf_sdh.o(i.nrf_sdh_is_enabled)
    nrf_sdh_request_continue                 0x0002a681   Thumb Code    22  nrf_sdh.o(i.nrf_sdh_request_continue)
    nrf_section_iter_init                    0x0002a6d9   Thumb Code    10  nrf_section_iter.o(i.nrf_section_iter_init)
    nrf_section_iter_next                    0x0002a707   Thumb Code    32  nrf_section_iter.o(i.nrf_section_iter_next)
    nrf_strerror_find                        0x0002a729   Thumb Code    52  nrf_strerror.o(i.nrf_strerror_find)
    nrf_strerror_get                         0x0002a761   Thumb Code    14  nrf_strerror.o(i.nrf_strerror_get)
    nrfx_clock_enable                        0x0002a7ad   Thumb Code    36  nrfx_clock.o(i.nrfx_clock_enable)
    nrfx_clock_init                          0x0002a7d9   Thumb Code    26  nrfx_clock.o(i.nrfx_clock_init)
    nrfx_clock_lfclk_stop                    0x0002a7f9   Thumb Code    20  nrfx_clock.o(i.nrfx_clock_lfclk_stop)
    nrfx_gpiote_in_event_enable              0x0002a825   Thumb Code   156  nrfx_gpiote.o(i.nrfx_gpiote_in_event_enable)
    nrfx_gpiote_in_init                      0x0002a8c9   Thumb Code   194  nrfx_gpiote.o(i.nrfx_gpiote_in_init)
    nrfx_gpiote_in_is_set                    0x0002a999   Thumb Code    20  nrfx_gpiote.o(i.nrfx_gpiote_in_is_set)
    nrfx_gpiote_init                         0x0002a9ad   Thumb Code    98  nrfx_gpiote.o(i.nrfx_gpiote_init)
    nrfx_gpiote_is_init                      0x0002aa1d   Thumb Code    14  nrfx_gpiote.o(i.nrfx_gpiote_is_init)
    nrfx_prs_acquire                         0x0002aa41   Thumb Code    58  nrfx_prs.o(i.nrfx_prs_acquire)
    nrfx_uart_0_irq_handler                  0x0002aa7d   Thumb Code     8  nrfx_uart.o(i.nrfx_uart_0_irq_handler)
    nrfx_uart_init                           0x0002aa8d   Thumb Code   200  nrfx_uart.o(i.nrfx_uart_init)
    nrfx_uart_rx                             0x0002ab61   Thumb Code   230  nrfx_uart.o(i.nrfx_uart_rx)
    nrfx_uart_tx                             0x0002ac4d   Thumb Code   160  nrfx_uart.o(i.nrfx_uart_tx)
    nrfx_uart_tx_in_progress                 0x0002acf1   Thumb Code    26  nrfx_uart.o(i.nrfx_uart_tx_in_progress)
    nrfx_uarte_0_irq_handler                 0x0002ad11   Thumb Code     8  nrfx_uarte.o(i.nrfx_uarte_0_irq_handler)
    nrfx_uarte_init                          0x0002ad21   Thumb Code   100  nrfx_uarte.o(i.nrfx_uarte_init)
    nrfx_uarte_rx                            0x0002ad8d   Thumb Code   256  nrfx_uarte.o(i.nrfx_uarte_rx)
    nrfx_uarte_tx                            0x0002ae91   Thumb Code   138  nrfx_uarte.o(i.nrfx_uarte_tx)
    nrfx_uarte_tx_in_progress                0x0002af21   Thumb Code    22  nrfx_uarte.o(i.nrfx_uarte_tx_in_progress)
    uart_event_handle                        0x0002bb99   Thumb Code   104  main.o(i.uart_event_handle)
    nrf_log_backend_rtt_api                  0x0002c3f8   Data          12  nrf_log_backend_rtt.o(.constdata)
    m_ram_start                              0x0002c490   Data           4  nrf_sdh_ble.o(.constdata)
    __ctype_table                            0x0002c4bc   Data         129  ctype_o.o(.constdata)
    Region$$Table$$Base                      0x0002ccb4   Number         0  anon$$obj.o(Region$$Table)
    Region$$Table$$Limit                     0x0002ccd4   Number         0  anon$$obj.o(Region$$Table)
    log_const_data$$Base                     0x0002ccd4   Number         0  nrf_ble_gatt.o(log_const_data)
    m_nrf_log_nrf_ble_gatt_logs_data_const   0x0002ccd4   Data           8  nrf_ble_gatt.o(log_const_data)
    m_nrf_log_ble_nus_logs_data_const        0x0002ccdc   Data           8  ble_nus.o(log_const_data)
    m_nrf_log_clock_logs_data_const          0x0002cce4   Data           8  nrf_drv_clock.o(log_const_data)
    m_nrf_log_CLOCK_logs_data_const          0x0002ccec   Data           8  nrfx_clock.o(log_const_data)
    m_nrf_log_GPIOTE_logs_data_const         0x0002ccf4   Data           8  nrfx_gpiote.o(log_const_data)
    m_nrf_log_PRS_logs_data_const            0x0002ccfc   Data           8  nrfx_prs.o(log_const_data)
    m_nrf_log_UART_logs_data_const           0x0002cd04   Data           8  nrfx_uart.o(log_const_data)
    m_nrf_log_UARTE_logs_data_const          0x0002cd0c   Data           8  nrfx_uarte.o(log_const_data)
    m_nrf_log_nrf_fstorage_logs_data_const   0x0002cd14   Data           8  nrf_fstorage.o(log_const_data)
    m_nrf_log_atfifo_m_fifo_logs_data_const  0x0002cd1c   Data           8  nrf_fstorage_sd.o(log_const_data)
    m_nrf_log_pwr_mgmt_logs_data_const       0x0002cd24   Data           8  nrf_pwr_mgmt.o(log_const_data)
    m_nrf_log_balloc_log_mempool_logs_data_const 0x0002cd2c   Data           8  nrf_log_frontend.o(log_const_data)
    m_nrf_log_app_logs_data_const            0x0002cd34   Data           8  nrf_log_frontend.o(log_const_data)
    m_nrf_log_nrf_sdh_logs_data_const        0x0002cd3c   Data           8  nrf_sdh.o(log_const_data)
    m_nrf_log_nrf_sdh_ble_logs_data_const    0x0002cd44   Data           8  nrf_sdh_ble.o(log_const_data)
    m_nrf_log_nrf_sdh_soc_logs_data_const    0x0002cd4c   Data           8  nrf_sdh_soc.o(log_const_data)
    log_const_data$$Limit                    0x0002cd54   Number         0  nrf_sdh_soc.o(log_const_data)
    log_mempool                              0x0002cd54   Data          24  nrf_log_frontend.o(nrf_balloc)
    sdh_ble_observers0$$Base                 0x0002cd6c   Number         0  ble_conn_state.o(sdh_ble_observers0)
    sdh_ble_observers0$$Limit                0x0002cd74   Number         0  ble_conn_state.o(sdh_ble_observers0)
    sdh_ble_observers1$$Base                 0x0002cd74   Number         0  main.o(sdh_ble_observers1)
    sdh_ble_observers1$$Limit                0x0002cd94   Number         0  ble_conn_params.o(sdh_ble_observers1)
    sdh_ble_observers2$$Base                 0x0002cd94   Number         0  main.o(sdh_ble_observers2)
    sdh_ble_observers2$$Limit                0x0002cda4   Number         0  main.o(sdh_ble_observers2)
    sdh_ble_observers3$$Base                 0x0002cda4   Number         0  main.o(sdh_ble_observers3)
    m_req_obs                                0x0002cdac   Data           8  nrf_fstorage_sd.o(sdh_req_observers0)
    sdh_ble_observers3$$Limit                0x0002cdac   Number         0  main.o(sdh_ble_observers3)
    sdh_req_observers0$$Base                 0x0002cdac   Number         0  nrf_fstorage_sd.o(sdh_req_observers0)
    sdh_req_observers0$$Limit                0x0002cdb4   Number         0  nrf_fstorage_sd.o(sdh_req_observers0)
    sdh_soc_observers0$$Base                 0x0002cdb4   Number         0  nrf_drv_clock.o(sdh_soc_observers0)
    sdh_soc_observers0$$Limit                0x0002cdc4   Number         0  nrf_fstorage_sd.o(sdh_soc_observers0)
    sdh_soc_observers1$$Base                 0x0002cdc4   Number         0  main.o(sdh_soc_observers1)
    sdh_soc_observers1$$Limit                0x0002cdcc   Number         0  main.o(sdh_soc_observers1)
    sdh_stack_observers0$$Base               0x0002cdcc   Number         0  nrf_sdh_ble.o(sdh_stack_observers0)
    sdh_stack_observers0$$Limit              0x0002cddc   Number         0  nrf_sdh_soc.o(sdh_stack_observers0)
    sdh_state_observers0$$Base               0x0002cddc   Number         0  nrf_drv_clock.o(sdh_state_observers0)
    sdh_state_observers0$$Limit              0x0002cdec   Number         0  nrf_fstorage_sd.o(sdh_state_observers0)
    Image$$RW_IRAM1$$Base                    0x20002a98   Number         0  anon$$obj.o ABSOLUTE
    SystemCoreClock                          0x20002a98   Data           4  system_nrf52.o(.data)
    nrf_drv_uart_use_easy_dma                0x20002af0   Data           1  nrf_drv_uart.o(.data)
    __stdout                                 0x20002b84   Data           4  retarget.o(.data)
    log_dynamic_data$$Base                   0x20002bec   Number         0  nrf_ble_gatt.o(log_dynamic_data)
    m_nrf_log_nrf_ble_gatt_logs_data_dynamic 0x20002bec   Data           4  nrf_ble_gatt.o(log_dynamic_data)
    m_nrf_log_ble_nus_logs_data_dynamic      0x20002bf0   Data           4  ble_nus.o(log_dynamic_data)
    m_nrf_log_clock_logs_data_dynamic        0x20002bf4   Data           4  nrf_drv_clock.o(log_dynamic_data)
    m_nrf_log_CLOCK_logs_data_dynamic        0x20002bf8   Data           4  nrfx_clock.o(log_dynamic_data)
    m_nrf_log_GPIOTE_logs_data_dynamic       0x20002bfc   Data           4  nrfx_gpiote.o(log_dynamic_data)
    m_nrf_log_PRS_logs_data_dynamic          0x20002c00   Data           4  nrfx_prs.o(log_dynamic_data)
    m_nrf_log_UART_logs_data_dynamic         0x20002c04   Data           4  nrfx_uart.o(log_dynamic_data)
    m_nrf_log_UARTE_logs_data_dynamic        0x20002c08   Data           4  nrfx_uarte.o(log_dynamic_data)
    m_nrf_log_nrf_fstorage_logs_data_dynamic 0x20002c0c   Data           4  nrf_fstorage.o(log_dynamic_data)
    m_nrf_log_atfifo_m_fifo_logs_data_dynamic 0x20002c10   Data           4  nrf_fstorage_sd.o(log_dynamic_data)
    m_nrf_log_pwr_mgmt_logs_data_dynamic     0x20002c14   Data           4  nrf_pwr_mgmt.o(log_dynamic_data)
    m_nrf_log_balloc_log_mempool_logs_data_dynamic 0x20002c18   Data           4  nrf_log_frontend.o(log_dynamic_data)
    m_nrf_log_app_logs_data_dynamic          0x20002c1c   Data           4  nrf_log_frontend.o(log_dynamic_data)
    m_nrf_log_nrf_sdh_logs_data_dynamic      0x20002c20   Data           4  nrf_sdh.o(log_dynamic_data)
    m_nrf_log_nrf_sdh_ble_logs_data_dynamic  0x20002c24   Data           4  nrf_sdh_ble.o(log_dynamic_data)
    m_nrf_log_nrf_sdh_soc_logs_data_dynamic  0x20002c28   Data           4  nrf_sdh_soc.o(log_dynamic_data)
    nrf_nvic_state                           0x20003338   Data          12  app_util_platform.o(.bss)
    _SEGGER_RTT                              0x20003914   Data         120  segger_rtt.o(.bss)
    __initial_sp                             0x20005ba0   Data           0  arm_startup_nrf52.o(STACK)



==============================================================================

Memory Map of the image

  Image Entry point : 0x00026201

  Load Region LR_IROM1 (Base: 0x00026000, Size: 0x00006f80, Max: 0x0005a000, ABSOLUTE, COMPRESSED[0x00006e44])

    Execution Region ER_IROM1 (Base: 0x00026000, Size: 0x00006dec, Max: 0x0005a000, ABSOLUTE)

    Base Addr    Size         Type   Attr      Idx    E Section Name        Object

    0x00026000   0x00000200   Data   RO            3    RESET               arm_startup_nrf52.o
    0x00026200   0x00000000   Code   RO         4602  * .ARM.Collect$$$$00000000  mc_w.l(entry.o)
    0x00026200   0x00000004   Code   RO         4909    .ARM.Collect$$$$00000001  mc_w.l(entry2.o)
    0x00026204   0x00000004   Code   RO         4912    .ARM.Collect$$$$00000004  mc_w.l(entry5.o)
    0x00026208   0x00000000   Code   RO         4914    .ARM.Collect$$$$00000008  mc_w.l(entry7b.o)
    0x00026208   0x00000000   Code   RO         4916    .ARM.Collect$$$$0000000A  mc_w.l(entry8b.o)
    0x00026208   0x00000008   Code   RO         4917    .ARM.Collect$$$$0000000B  mc_w.l(entry9a.o)
    0x00026210   0x00000000   Code   RO         4919    .ARM.Collect$$$$0000000D  mc_w.l(entry10a.o)
    0x00026210   0x00000000   Code   RO         4921    .ARM.Collect$$$$0000000F  mc_w.l(entry11a.o)
    0x00026210   0x00000004   Code   RO         4910    .ARM.Collect$$$$00002712  mc_w.l(entry2.o)
    0x00026214   0x000000c8   Code   RO         3005    .emb_text           nrf_atfifo.o
    0x000262dc   0x000000e2   Code   RO         3136    .emb_text           nrf_atomic.o
    0x000263be   0x00000002   PAD
    0x000263c0   0x00000024   Code   RO            4    .text               arm_startup_nrf52.o
    0x000263e4   0x00000062   Code   RO         4605    .text               mc_w.l(uldiv.o)
    0x00026446   0x0000001e   Code   RO         4607    .text               mc_w.l(llshl.o)
    0x00026464   0x00000008   Code   RO         4609    .text               mc_w.l(ctype_o.o)
    0x0002646c   0x00000024   Code   RO         4637    .text               mc_w.l(memcpya.o)
    0x00026490   0x00000024   Code   RO         4639    .text               mc_w.l(memseta.o)
    0x000264b4   0x0000000e   Code   RO         4641    .text               mc_w.l(strlen.o)
    0x000264c2   0x00000012   Code   RO         4645    .text               mc_w.l(strcpy.o)
    0x000264d4   0x00000020   Code   RO         4925    .text               mc_w.l(llushr.o)
    0x000264f4   0x00000024   Code   RO         4938    .text               mc_w.l(init.o)
    0x00026518   0x00000056   Code   RO         4952    .text               mc_w.l(__dczerorl2.o)
    0x0002656e   0x00000002   PAD
    0x00026570   0x00000164   Code   RO         1722    i.GPIOTE_IRQHandler  nrfx_gpiote.o
    0x000266d4   0x00000016   Code   RO         2656    i.NVIC_ClearPendingIRQ  app_timer.o
    0x000266ea   0x00000016   Code   RO         2657    i.NVIC_EnableIRQ    app_timer.o
    0x00026700   0x00000016   Code   RO         2658    i.NVIC_SetPendingIRQ  app_timer.o
    0x00026716   0x00000020   Code   RO         2659    i.NVIC_SetPriority  app_timer.o
    0x00026736   0x00000002   PAD
    0x00026738   0x00000058   Code   RO         1594    i.POWER_CLOCK_IRQHandler  nrfx_clock.o
    0x00026790   0x00000024   Code   RO         2660    i.RTC1_IRQHandler   app_timer.o
    0x000267b4   0x00000004   Code   RO         4159    i.SEGGER_RTT_Init   segger_rtt.o
    0x000267b8   0x0000005c   Code   RO         4173    i.SEGGER_RTT_WriteNoLock  segger_rtt.o
    0x00026814   0x00000004   Code   RO         2661    i.SWI0_EGU0_IRQHandler  app_timer.o
    0x00026818   0x00000004   Code   RO         4402    i.SWI2_EGU2_IRQHandler  nrf_sdh.o
    0x0002681c   0x00000318   Code   RO           13    i.SystemInit        system_nrf52.o
    0x00026b34   0x0000000c   Code   RO         2013    i.UARTE0_UART0_IRQHandler  nrfx_prs.o
    0x00026b40   0x00000068   Code   RO         4177    i._DoInit           segger_rtt.o
    0x00026ba8   0x00000016   Code   RO         4178    i._GetAvailWriteSpace  segger_rtt.o
    0x00026bbe   0x0000005a   Code   RO         4180    i._WriteBlocking    segger_rtt.o
    0x00026c18   0x00000042   Code   RO         4181    i._WriteNoCheck     segger_rtt.o
    0x00026c5a   0x00000002   PAD
    0x00026c5c   0x00000010   Code   RO         4650    i.__0printf$bare    mc_w.l(printfb.o)
    0x00026c6c   0x0000000e   Code   RO         4946    i.__scatterload_copy  mc_w.l(handlers.o)
    0x00026c7a   0x00000002   Code   RO         4947    i.__scatterload_null  mc_w.l(handlers.o)
    0x00026c7c   0x0000000e   Code   RO         4948    i.__scatterload_zeroinit  mc_w.l(handlers.o)
    0x00026c8a   0x00000002   PAD
    0x00026c8c   0x00000024   Code   RO         4403    i.__sd_nvic_app_accessible_irq  nrf_sdh.o
    0x00026cb0   0x00000016   Code   RO         4404    i.__sd_nvic_is_app_accessible_priority  nrf_sdh.o
    0x00026cc6   0x00000022   Code   RO         4657    i._printf_core      mc_w.l(printfb.o)
    0x00026ce8   0x00000046   Code   RO          674    i.advertising_buttons_configure  bsp_btn_ble.o
    0x00026d2e   0x00000006   Code   RO          561    i.alert_timer_handler  bsp.o
    0x00026d34   0x00000024   Code   RO         2393    i.app_button_enable  app_button.o
    0x00026d58   0x00000078   Code   RO         2394    i.app_button_init   app_button.o
    0x00026dd0   0x0000007c   Code   RO         2505    i.app_error_fault_handler  app_error_weak.o
    0x00026e4c   0x00000016   Code   RO         2453    i.app_error_handler_bare  app_error.o
    0x00026e62   0x00000016   Code   RO         2541    i.app_fifo_get      app_fifo.o
    0x00026e78   0x00000020   Code   RO         2542    i.app_fifo_init     app_fifo.o
    0x00026e98   0x0000001a   Code   RO         2544    i.app_fifo_put      app_fifo.o
    0x00026eb2   0x00000002   PAD
    0x00026eb4   0x00000024   Code   RO         2664    i.app_timer_create  app_timer.o
    0x00026ed8   0x00000054   Code   RO         2665    i.app_timer_init    app_timer.o
    0x00026f2c   0x00000088   Code   RO         2668    i.app_timer_start   app_timer.o
    0x00026fb4   0x00000020   Code   RO         2669    i.app_timer_stop    app_timer.o
    0x00026fd4   0x00000034   Code   RO         2827    i.app_uart_get      app_uart_fifo.o
    0x00027008   0x000000a4   Code   RO         2828    i.app_uart_init     app_uart_fifo.o
    0x000270ac   0x00000054   Code   RO         2829    i.app_uart_put      app_uart_fifo.o
    0x00027100   0x00000048   Code   RO         2904    i.app_util_critical_region_enter  app_util_platform.o
    0x00027148   0x00000034   Code   RO         2905    i.app_util_critical_region_exit  app_util_platform.o
    0x0002717c   0x00000088   Code   RO         2060    i.apply_config      nrfx_uart.o
    0x00027204   0x00000088   Code   RO         2244    i.apply_config      nrfx_uarte.o
    0x0002728c   0x00000048   Code   RO         1133    i.blcm_link_ctx_get  ble_link_ctx_manager.o
    0x000272d4   0x00000182   Code   RO          717    i.ble_advdata_encode  ble_advdata.o
    0x00027456   0x00000020   Code   RO          719    i.ble_advdata_parse  ble_advdata.o
    0x00027476   0x00000038   Code   RO          720    i.ble_advdata_search  ble_advdata.o
    0x000274ae   0x00000006   Code   RO          819    i.ble_advertising_conn_cfg_tag_set  ble_advertising.o
    0x000274b4   0x000000fa   Code   RO          820    i.ble_advertising_init  ble_advertising.o
    0x000275ae   0x0000006a   Code   RO          822    i.ble_advertising_on_ble_evt  ble_advertising.o
    0x00027618   0x00000030   Code   RO          823    i.ble_advertising_on_sys_evt  ble_advertising.o
    0x00027648   0x0000003a   Code   RO          825    i.ble_advertising_restart_without_whitelist  ble_advertising.o
    0x00027682   0x00000236   Code   RO          826    i.ble_advertising_start  ble_advertising.o
    0x000278b8   0x00000068   Code   RO          909    i.ble_conn_params_init  ble_conn_params.o
    0x00027920   0x00000012   Code   RO          980    i.ble_conn_state_conn_idx  ble_conn_state.o
    0x00027932   0x00000002   PAD
    0x00027934   0x00000014   Code   RO          993    i.ble_conn_state_valid  ble_conn_state.o
    0x00027948   0x00000060   Code   RO          723    i.ble_device_addr_encode  ble_advdata.o
    0x000279a8   0x000000d0   Code   RO           83    i.ble_evt_handler   main.o
    0x00027a78   0x00000070   Code   RO          675    i.ble_evt_handler   bsp_btn_ble.o
    0x00027ae8   0x000000fc   Code   RO          911    i.ble_evt_handler   ble_conn_params.o
    0x00027be4   0x00000104   Code   RO          994    i.ble_evt_handler   ble_conn_state.o
    0x00027ce8   0x00000066   Code   RO         1346    i.ble_nus_data_send  ble_nus.o
    0x00027d4e   0x00000002   PAD
    0x00027d50   0x00000058   Code   RO         1347    i.ble_nus_init      ble_nus.o
    0x00027da8   0x00000070   Code   RO         1348    i.ble_nus_on_ble_evt  ble_nus.o
    0x00027e18   0x00000008   Code   RO         1155    i.ble_srv_is_notification_enabled  ble_srv_common.o
    0x00027e20   0x0000000c   Code   RO          435    i.bsp_board_button_idx_to_pin  boards.o
    0x00027e2c   0x00000020   Code   RO          436    i.bsp_board_button_state_get  boards.o
    0x00027e4c   0x00000054   Code   RO          437    i.bsp_board_init    boards.o
    0x00027ea0   0x00000024   Code   RO          439    i.bsp_board_led_invert  boards.o
    0x00027ec4   0x00000010   Code   RO          440    i.bsp_board_led_off  boards.o
    0x00027ed4   0x00000010   Code   RO          441    i.bsp_board_led_on  boards.o
    0x00027ee4   0x00000020   Code   RO          442    i.bsp_board_led_state_get  boards.o
    0x00027f04   0x00000012   Code   RO          443    i.bsp_board_leds_off  boards.o
    0x00027f16   0x00000012   Code   RO          444    i.bsp_board_leds_on  boards.o
    0x00027f28   0x00000024   Code   RO          445    i.bsp_board_pin_to_button_idx  boards.o
    0x00027f4c   0x0000002c   Code   RO          676    i.bsp_btn_ble_init  bsp_btn_ble.o
    0x00027f78   0x0000001e   Code   RO          677    i.bsp_btn_ble_sleep_mode_prepare  bsp_btn_ble.o
    0x00027f96   0x00000002   PAD
    0x00027f98   0x00000090   Code   RO          562    i.bsp_button_event_handler  bsp.o
    0x00028028   0x0000000c   Code   RO          563    i.bsp_button_is_pressed  bsp.o
    0x00028034   0x0000004c   Code   RO           84    i.bsp_event_handler  main.o
    0x00028080   0x00000044   Code   RO          566    i.bsp_event_to_button_action_assign  bsp.o
    0x000280c4   0x00000018   Code   RO          567    i.bsp_indication_set  bsp.o
    0x000280dc   0x00000094   Code   RO          568    i.bsp_init          bsp.o
    0x00028170   0x000001b8   Code   RO          569    i.bsp_led_indication  bsp.o
    0x00028328   0x00000006   Code   RO          571    i.bsp_wakeup_button_enable  bsp.o
    0x0002832e   0x00000002   PAD
    0x00028330   0x00000090   Code   RO         3921    i.buf_prealloc      nrf_log_frontend.o
    0x000283c0   0x0000001e   Code   RO         3336    i.buffer_add        nrf_fprintf_format.o
    0x000283de   0x00000002   PAD
    0x000283e0   0x00000014   Code   RO         3922    i.buffer_is_empty   nrf_log_frontend.o
    0x000283f4   0x00000008   Code   RO          572    i.button_timer_handler  bsp.o
    0x000283fc   0x0000001c   Code   RO         1723    i.channel_free      nrfx_gpiote.o
    0x00028418   0x00000048   Code   RO         1724    i.channel_port_alloc  nrfx_gpiote.o
    0x00028460   0x00000010   Code   RO         1725    i.channel_port_get  nrfx_gpiote.o
    0x00028470   0x00000028   Code   RO         1407    i.clock_clk_started_notify  nrf_drv_clock.o
    0x00028498   0x0000001c   Code   RO         1408    i.clock_irq_handler  nrf_drv_clock.o
    0x000284b4   0x000000ac   Code   RO         2671    i.compare_reg_update  app_timer.o
    0x00028560   0x0000003e   Code   RO          995    i.conn_handle_list_get  ble_conn_state.o
    0x0002859e   0x00000088   Code   RO          724    i.conn_int_encode   ble_advdata.o
    0x00028626   0x00000004   Code   RO           85    i.conn_params_error_handler  main.o
    0x0002862a   0x00000002   PAD
    0x0002862c   0x00000048   Code   RO          912    i.conn_params_negotiation  ble_conn_params.o
    0x00028674   0x000000bc   Code   RO         1211    i.data_length_update  nrf_ble_gatt.o
    0x00028730   0x00000098   Code   RO         2396    i.detection_delay_timeout_handler  app_button.o
    0x000287c8   0x00000014   Code   RO         3924    i.dropped_sat16_get  nrf_log_frontend.o
    0x000287dc   0x00000040   Code   RO         2672    i.elapsed_ticks_acquire  app_timer.o
    0x0002881c   0x00000054   Code   RO         3453    i.event_send        nrf_fstorage_sd.o
    0x00028870   0x00000014   Code   RO         2547    i.fifo_get          app_fifo.o
    0x00028884   0x00000012   Code   RO         2548    i.fifo_put          app_fifo.o
    0x00028896   0x00000028   Code   RO          828    i.flags_set         ble_advertising.o
    0x000288be   0x0000000e   Code   RO         3764    i.fputc             retarget.o
    0x000288cc   0x00000054   Code   RO           86    i.gatt_evt_handler  main.o
    0x00028920   0x00000030   Code   RO           87    i.gatt_init         main.o
    0x00028950   0x00000084   Code   RO         2397    i.gpiote_event_handler  app_button.o
    0x000289d4   0x00000014   Code   RO          913    i.instance_get      ble_conn_params.o
    0x000289e8   0x000000a6   Code   RO         3337    i.int_print         nrf_fprintf_format.o
    0x00028a8e   0x00000002   PAD
    0x00028a90   0x00000080   Code   RO         2245    i.interrupts_enable  nrfx_uarte.o
    0x00028b10   0x0000004c   Code   RO         3925    i.invalid_packets_pushed_str_omit  nrf_log_frontend.o
    0x00028b5c   0x00000044   Code   RO          914    i.is_conn_params_ok  ble_conn_params.o
    0x00028ba0   0x00000030   Code   RO          573    i.leds_off          bsp.o
    0x00028bd0   0x00000014   Code   RO          574    i.leds_timer_handler  bsp.o
    0x00028be4   0x00000018   Code   RO         1212    i.link_init         nrf_ble_gatt.o
    0x00028bfc   0x000000f8   Code   RO         2673    i.list_insertions_handler  app_timer.o
    0x00028cf4   0x0000009c   Code   RO         3926    i.log_skip          nrf_log_frontend.o
    0x00028d90   0x0000025c   Code   RO           88    i.main              main.o
    0x00028fec   0x00000064   Code   RO          725    i.manuf_specific_data_encode  ble_advdata.o
    0x00029050   0x00000076   Code   RO         3563    i.memobj_op         nrf_memobj.o
    0x000290c6   0x00000002   PAD
    0x000290c8   0x00000030   Code   RO         3927    i.module_idx_get    nrf_log_frontend.o
    0x000290f8   0x0000009c   Code   RO          726    i.name_encode       ble_advdata.o
    0x00029194   0x00000016   Code   RO         3011    i.nrf_atfifo_item_free  nrf_atfifo.o
    0x000291aa   0x00000016   Code   RO         3012    i.nrf_atfifo_item_get  nrf_atfifo.o
    0x000291c0   0x00000016   Code   RO         3074    i.nrf_atflags_clear  nrf_atflags.o
    0x000291d6   0x00000016   Code   RO         3079    i.nrf_atflags_get   nrf_atflags.o
    0x000291ec   0x00000014   Code   RO         3081    i.nrf_atflags_set   nrf_atflags.o
    0x00029200   0x00000006   Code   RO         3138    i.nrf_atomic_flag_clear_fetch  nrf_atomic.o
    0x00029206   0x00000006   Code   RO         3139    i.nrf_atomic_flag_set  nrf_atomic.o
    0x0002920c   0x0000000c   Code   RO         3141    i.nrf_atomic_u32_add  nrf_atomic.o
    0x00029218   0x0000000c   Code   RO         3142    i.nrf_atomic_u32_and  nrf_atomic.o
    0x00029224   0x0000000a   Code   RO         3145    i.nrf_atomic_u32_fetch_and  nrf_atomic.o
    0x0002922e   0x0000000a   Code   RO         3147    i.nrf_atomic_u32_fetch_store  nrf_atomic.o
    0x00029238   0x0000000c   Code   RO         3151    i.nrf_atomic_u32_or  nrf_atomic.o
    0x00029244   0x0000000c   Code   RO         3153    i.nrf_atomic_u32_sub  nrf_atomic.o
    0x00029250   0x00000044   Code   RO         3268    i.nrf_balloc_alloc  nrf_balloc.o
    0x00029294   0x00000030   Code   RO         3269    i.nrf_balloc_free   nrf_balloc.o
    0x000292c4   0x00000030   Code   RO         3270    i.nrf_balloc_init   nrf_balloc.o
    0x000292f4   0x00000010   Code   RO         1726    i.nrf_bitmask_bit_is_set  nrfx_gpiote.o
    0x00029304   0x00000014   Code   RO         1727    i.nrf_bitmask_bit_set  nrfx_gpiote.o
    0x00029318   0x00000018   Code   RO         1214    i.nrf_ble_gatt_att_mtu_periph_set  nrf_ble_gatt.o
    0x00029330   0x00000022   Code   RO         1218    i.nrf_ble_gatt_init  nrf_ble_gatt.o
    0x00029352   0x00000002   PAD
    0x00029354   0x00000148   Code   RO         1219    i.nrf_ble_gatt_on_ble_evt  nrf_ble_gatt.o
    0x0002949c   0x00000016   Code   RO         1309    i.nrf_ble_qwr_conn_handle_assign  nrf_ble_qwr.o
    0x000294b2   0x00000024   Code   RO         1310    i.nrf_ble_qwr_init  nrf_ble_qwr.o
    0x000294d6   0x000000b6   Code   RO         1311    i.nrf_ble_qwr_on_ble_evt  nrf_ble_qwr.o
    0x0002958c   0x0000000e   Code   RO         1595    i.nrf_clock_event_check  nrfx_clock.o
    0x0002959a   0x00000010   Code   RO         1596    i.nrf_clock_event_clear  nrfx_clock.o
    0x000295aa   0x00000002   PAD
    0x000295ac   0x00000038   Code   RO         1415    i.nrf_drv_clock_init  nrf_drv_clock.o
    0x000295e4   0x00000030   Code   RO         1419    i.nrf_drv_clock_lfclk_release  nrf_drv_clock.o
    0x00029614   0x00000068   Code   RO         1546    i.nrf_drv_uart_init  nrf_drv_uart.o
    0x0002967c   0x00000020   Code   RO         2830    i.nrf_drv_uart_rx   app_uart_fifo.o
    0x0002969c   0x00000020   Code   RO         2831    i.nrf_drv_uart_tx   app_uart_fifo.o
    0x000296bc   0x0000001a   Code   RO         3301    i.nrf_fprintf       nrf_fprintf.o
    0x000296d6   0x00000018   Code   RO         3302    i.nrf_fprintf_buffer_flush  nrf_fprintf.o
    0x000296ee   0x000001da   Code   RO         3338    i.nrf_fprintf_fmt   nrf_fprintf_format.o
    0x000298c8   0x00000050   Code   RO         3376    i.nrf_fstorage_is_busy  nrf_fstorage.o
    0x00029918   0x00000018   Code   RO         3456    i.nrf_fstorage_sdh_req_handler  nrf_fstorage_sd.o
    0x00029930   0x00000020   Code   RO         3457    i.nrf_fstorage_sdh_state_handler  nrf_fstorage_sd.o
    0x00029950   0x000000a4   Code   RO         3458    i.nrf_fstorage_sys_evt_handler  nrf_fstorage_sd.o
    0x000299f4   0x00000024   Code   RO          447    i.nrf_gpio_cfg      boards.o
    0x00029a18   0x00000024   Code   RO         1728    i.nrf_gpio_cfg      nrfx_gpiote.o
    0x00029a3c   0x00000024   Code   RO         2061    i.nrf_gpio_cfg      nrfx_uart.o
    0x00029a60   0x00000024   Code   RO         2246    i.nrf_gpio_cfg      nrfx_uarte.o
    0x00029a84   0x00000012   Code   RO         2063    i.nrf_gpio_cfg_input  nrfx_uart.o
    0x00029a96   0x00000012   Code   RO         2248    i.nrf_gpio_cfg_input  nrfx_uarte.o
    0x00029aa8   0x00000014   Code   RO         2064    i.nrf_gpio_cfg_output  nrfx_uart.o
    0x00029abc   0x00000014   Code   RO         2249    i.nrf_gpio_cfg_output  nrfx_uarte.o
    0x00029ad0   0x00000022   Code   RO         1730    i.nrf_gpio_cfg_sense_set  nrfx_gpiote.o
    0x00029af2   0x00000016   Code   RO          448    i.nrf_gpio_pin_write  boards.o
    0x00029b08   0x00000028   Code   RO         1731    i.nrf_gpio_ports_read  nrfx_gpiote.o
    0x00029b30   0x00000014   Code   RO         1732    i.nrf_gpiote_event_clear  nrfx_gpiote.o
    0x00029b44   0x00000010   Code   RO         1733    i.nrf_gpiote_event_is_set  nrfx_gpiote.o
    0x00029b54   0x00000050   Code   RO         3928    i.nrf_log_backend_add  nrf_log_frontend.o
    0x00029ba4   0x00000002   Code   RO         3797    i.nrf_log_backend_rtt_flush  nrf_log_backend_rtt.o
    0x00029ba6   0x00000004   Code   RO         3798    i.nrf_log_backend_rtt_init  nrf_log_backend_rtt.o
    0x00029baa   0x00000002   Code   RO         3799    i.nrf_log_backend_rtt_panic_set  nrf_log_backend_rtt.o
    0x00029bac   0x00000018   Code   RO         3800    i.nrf_log_backend_rtt_put  nrf_log_backend_rtt.o
    0x00029bc4   0x000000c8   Code   RO         3862    i.nrf_log_backend_serial_put  nrf_log_backend_serial.o
    0x00029c8c   0x00000030   Code   RO         3930    i.nrf_log_color_id_get  nrf_log_frontend.o
    0x00029cbc   0x0000001c   Code   RO         3892    i.nrf_log_default_backends_init  nrf_log_default_backends.o
    0x00029cd8   0x00000220   Code   RO         3931    i.nrf_log_frontend_dequeue  nrf_log_frontend.o
    0x00029ef8   0x00000008   Code   RO         3933    i.nrf_log_frontend_std_0  nrf_log_frontend.o
    0x00029f00   0x0000000e   Code   RO         3934    i.nrf_log_frontend_std_1  nrf_log_frontend.o
    0x00029f0e   0x00000010   Code   RO         3935    i.nrf_log_frontend_std_2  nrf_log_frontend.o
    0x00029f1e   0x00000002   PAD
    0x00029f20   0x000000ac   Code   RO         4104    i.nrf_log_hexdump_entry_process  nrf_log_str_formatter.o
    0x00029fcc   0x00000058   Code   RO         3940    i.nrf_log_init      nrf_log_frontend.o
    0x0002a024   0x00000014   Code   RO         3941    i.nrf_log_module_cnt_get  nrf_log_frontend.o
    0x0002a038   0x0000001c   Code   RO         3944    i.nrf_log_module_name_get  nrf_log_frontend.o
    0x0002a054   0x00000028   Code   RO         3945    i.nrf_log_panic     nrf_log_frontend.o
    0x0002a07c   0x000000b6   Code   RO         4105    i.nrf_log_std_entry_process  nrf_log_str_formatter.o
    0x0002a132   0x00000060   Code   RO         3564    i.nrf_memobj_alloc  nrf_memobj.o
    0x0002a192   0x00000032   Code   RO         3565    i.nrf_memobj_free   nrf_memobj.o
    0x0002a1c4   0x00000008   Code   RO         3566    i.nrf_memobj_get    nrf_memobj.o
    0x0002a1cc   0x00000004   Code   RO         3567    i.nrf_memobj_pool_init  nrf_memobj.o
    0x0002a1d0   0x0000001e   Code   RO         3568    i.nrf_memobj_put    nrf_memobj.o
    0x0002a1ee   0x0000000c   Code   RO         3569    i.nrf_memobj_read   nrf_memobj.o
    0x0002a1fa   0x0000000c   Code   RO         3570    i.nrf_memobj_write  nrf_memobj.o
    0x0002a206   0x00000002   PAD
    0x0002a208   0x00000028   Code   RO         3638    i.nrf_pwr_mgmt_init  nrf_pwr_mgmt.o
    0x0002a230   0x00000044   Code   RO         3639    i.nrf_pwr_mgmt_run  nrf_pwr_mgmt.o
    0x0002a274   0x00000004   Code   RO           89    i.nrf_qwr_error_handler  main.o
    0x0002a278   0x00000014   Code   RO         4529    i.nrf_sdh_ble_app_ram_start_get  nrf_sdh_ble.o
    0x0002a28c   0x00000154   Code   RO         4530    i.nrf_sdh_ble_default_cfg_set  nrf_sdh_ble.o
    0x0002a3e0   0x0000012c   Code   RO         4531    i.nrf_sdh_ble_enable  nrf_sdh_ble.o
    0x0002a50c   0x00000060   Code   RO         4532    i.nrf_sdh_ble_evts_poll  nrf_sdh_ble.o
    0x0002a56c   0x00000054   Code   RO         4405    i.nrf_sdh_disable_request  nrf_sdh.o
    0x0002a5c0   0x00000090   Code   RO         4406    i.nrf_sdh_enable_request  nrf_sdh.o
    0x0002a650   0x00000024   Code   RO         4407    i.nrf_sdh_evts_poll  nrf_sdh.o
    0x0002a674   0x0000000c   Code   RO         4408    i.nrf_sdh_is_enabled  nrf_sdh.o
    0x0002a680   0x0000001c   Code   RO         4410    i.nrf_sdh_request_continue  nrf_sdh.o
    0x0002a69c   0x0000003c   Code   RO         4576    i.nrf_sdh_soc_evts_poll  nrf_sdh_soc.o
    0x0002a6d8   0x0000000a   Code   RO         3703    i.nrf_section_iter_init  nrf_section_iter.o
    0x0002a6e2   0x00000024   Code   RO         3704    i.nrf_section_iter_item_set  nrf_section_iter.o
    0x0002a706   0x00000020   Code   RO         3705    i.nrf_section_iter_next  nrf_section_iter.o
    0x0002a726   0x00000002   PAD
    0x0002a728   0x00000038   Code   RO         3734    i.nrf_strerror_find  nrf_strerror.o
    0x0002a760   0x00000014   Code   RO         3735    i.nrf_strerror_get  nrf_strerror.o
    0x0002a774   0x0000000a   Code   RO         2065    i.nrf_uart_event_check  nrfx_uart.o
    0x0002a77e   0x0000000c   Code   RO         2066    i.nrf_uart_event_clear  nrfx_uart.o
    0x0002a78a   0x0000000c   Code   RO         2067    i.nrf_uart_int_enable_check  nrfx_uart.o
    0x0002a796   0x0000000a   Code   RO         2250    i.nrf_uarte_event_check  nrfx_uarte.o
    0x0002a7a0   0x0000000c   Code   RO         2251    i.nrf_uarte_event_clear  nrfx_uarte.o
    0x0002a7ac   0x0000002c   Code   RO         1601    i.nrfx_clock_enable  nrfx_clock.o
    0x0002a7d8   0x00000020   Code   RO         1604    i.nrfx_clock_init   nrfx_clock.o
    0x0002a7f8   0x0000001c   Code   RO         1607    i.nrfx_clock_lfclk_stop  nrfx_clock.o
    0x0002a814   0x00000010   Code   RO         2674    i.nrfx_coredep_delay_us  app_timer.o
    0x0002a824   0x000000a4   Code   RO         1738    i.nrfx_gpiote_in_event_enable  nrfx_gpiote.o
    0x0002a8c8   0x000000d0   Code   RO         1739    i.nrfx_gpiote_in_init  nrfx_gpiote.o
    0x0002a998   0x00000014   Code   RO         1740    i.nrfx_gpiote_in_is_set  nrfx_gpiote.o
    0x0002a9ac   0x00000070   Code   RO         1742    i.nrfx_gpiote_init  nrfx_gpiote.o
    0x0002aa1c   0x00000014   Code   RO         1743    i.nrfx_gpiote_is_init  nrfx_gpiote.o
    0x0002aa30   0x00000010   Code   RO         2252    i.nrfx_is_in_ram    nrfx_uarte.o
    0x0002aa40   0x0000003a   Code   RO         2014    i.nrfx_prs_acquire  nrfx_prs.o
    0x0002aa7a   0x00000002   PAD
    0x0002aa7c   0x00000010   Code   RO         2068    i.nrfx_uart_0_irq_handler  nrfx_uart.o
    0x0002aa8c   0x000000d4   Code   RO         2070    i.nrfx_uart_init    nrfx_uart.o
    0x0002ab60   0x000000ec   Code   RO         2071    i.nrfx_uart_rx      nrfx_uart.o
    0x0002ac4c   0x000000a4   Code   RO         2076    i.nrfx_uart_tx      nrfx_uart.o
    0x0002acf0   0x00000020   Code   RO         2078    i.nrfx_uart_tx_in_progress  nrfx_uart.o
    0x0002ad10   0x00000010   Code   RO         2253    i.nrfx_uarte_0_irq_handler  nrfx_uarte.o
    0x0002ad20   0x0000006c   Code   RO         2255    i.nrfx_uarte_init   nrfx_uarte.o
    0x0002ad8c   0x00000104   Code   RO         2256    i.nrfx_uarte_rx     nrfx_uarte.o
    0x0002ae90   0x00000090   Code   RO         2259    i.nrfx_uarte_tx     nrfx_uarte.o
    0x0002af20   0x0000001c   Code   RO         2261    i.nrfx_uarte_tx_in_progress  nrfx_uarte.o
    0x0002af3c   0x00000090   Code   RO           90    i.nus_data_handler  main.o
    0x0002afcc   0x00000024   Code   RO           91    i.on_adv_evt        main.o
    0x0002aff0   0x0000001c   Code   RO           92    i.on_conn_params_evt  main.o
    0x0002b00c   0x0000006a   Code   RO         1349    i.on_connect        ble_nus.o
    0x0002b076   0x00000002   PAD
    0x0002b078   0x000000a0   Code   RO         1220    i.on_connected_evt  nrf_ble_gatt.o
    0x0002b118   0x000000a4   Code   RO         1221    i.on_exchange_mtu_request_evt  nrf_ble_gatt.o
    0x0002b1bc   0x00000084   Code   RO         1350    i.on_write          ble_nus.o
    0x0002b240   0x00000012   Code   RO          829    i.phy_is_valid      ble_advertising.o
    0x0002b252   0x00000002   PAD
    0x0002b254   0x00000018   Code   RO         1759    i.pin_in_use_by_port  nrfx_gpiote.o
    0x0002b26c   0x00000018   Code   RO         1760    i.pin_in_use_by_te  nrfx_gpiote.o
    0x0002b284   0x0000003c   Code   RO         4107    i.postfix_process   nrf_log_str_formatter.o
    0x0002b2c0   0x00000098   Code   RO         4108    i.prefix_process    nrf_log_str_formatter.o
    0x0002b358   0x00000018   Code   RO         2016    i.prs_box_get       nrfx_prs.o
    0x0002b370   0x00000014   Code   RO         3459    i.queue_free        nrf_fstorage_sd.o
    0x0002b384   0x000000a0   Code   RO         3460    i.queue_process     nrf_fstorage_sd.o
    0x0002b424   0x0000003c   Code   RO         2675    i.rtc1_stop         app_timer.o
    0x0002b460   0x00000032   Code   RO         2080    i.rx_byte           nrfx_uart.o
    0x0002b492   0x000000a2   Code   RO         1351    i.rx_char_add       ble_nus.o
    0x0002b534   0x00000016   Code   RO         2081    i.rx_done_event     nrfx_uart.o
    0x0002b54a   0x00000018   Code   RO         2263    i.rx_done_event     nrfx_uarte.o
    0x0002b562   0x00000020   Code   RO         2082    i.rx_enable         nrfx_uart.o
    0x0002b582   0x00000042   Code   RO         4413    i.sd_nvic_SetPriority  nrf_sdh.o
    0x0002b5c4   0x00000050   Code   RO         1422    i.sd_state_evt_handler  nrf_drv_clock.o
    0x0002b614   0x00000030   Code   RO         4414    i.sdh_request_observer_notify  nrf_sdh.o
    0x0002b644   0x0000002c   Code   RO         4415    i.sdh_state_observer_notify  nrf_sdh.o
    0x0002b670   0x00000010   Code   RO          915    i.send_error_evt    ble_conn_params.o
    0x0002b680   0x00000050   Code   RO         3801    i.serial_tx         nrf_log_backend_rtt.o
    0x0002b6d0   0x00000088   Code   RO          727    i.service_data_encode  ble_advdata.o
    0x0002b758   0x00000028   Code   RO           93    i.sleep_mode_enter  main.o
    0x0002b780   0x00000018   Code   RO         1423    i.soc_evt_handler   nrf_drv_clock.o
    0x0002b798   0x00000038   Code   RO         4416    i.softdevice_evt_irq_disable  nrf_sdh.o
    0x0002b7d0   0x00000050   Code   RO         4417    i.softdevices_evt_irq_enable  nrf_sdh.o
    0x0002b820   0x0000008c   Code   RO         3947    i.std_n             nrf_log_frontend.o
    0x0002b8ac   0x00000080   Code   RO         2676    i.timer_list_handler  app_timer.o
    0x0002b92c   0x0000003c   Code   RO         2677    i.timer_list_insert  app_timer.o
    0x0002b968   0x00000060   Code   RO         2678    i.timer_list_remove  app_timer.o
    0x0002b9c8   0x00000048   Code   RO         2679    i.timer_stop_op_schedule  app_timer.o
    0x0002ba10   0x00000074   Code   RO         2680    i.timer_timeouts_check  app_timer.o
    0x0002ba84   0x00000020   Code   RO         2083    i.tx_byte           nrfx_uart.o
    0x0002baa4   0x000000da   Code   RO         1352    i.tx_char_add       ble_nus.o
    0x0002bb7e   0x0000001a   Code   RO         2084    i.tx_done_event     nrfx_uart.o
    0x0002bb98   0x00000070   Code   RO           94    i.uart_event_handle  main.o
    0x0002bc08   0x000000a0   Code   RO         2832    i.uart_event_handler  app_uart_fifo.o
    0x0002bca8   0x00000030   Code   RO         1547    i.uart_evt_handler  nrf_drv_uart.o
    0x0002bcd8   0x00000128   Code   RO         2085    i.uart_irq_handler  nrfx_uart.o
    0x0002be00   0x00000030   Code   RO         1548    i.uarte_evt_handler  nrf_drv_uart.o
    0x0002be30   0x000000f4   Code   RO         2264    i.uarte_irq_handler  nrfx_uarte.o
    0x0002bf24   0x0000000a   Code   RO          728    i.uint16_encode     ble_advdata.o
    0x0002bf2e   0x00000002   PAD
    0x0002bf30   0x000000b4   Code   RO         3339    i.unsigned_print    nrf_fprintf_format.o
    0x0002bfe4   0x00000068   Code   RO          916    i.update_timeout_handler  ble_conn_params.o
    0x0002c04c   0x00000018   Code   RO          830    i.use_whitelist     ble_advertising.o
    0x0002c064   0x00000024   Code   RO         1312    i.user_mem_reply    nrf_ble_qwr.o
    0x0002c088   0x00000030   Code   RO         2681    i.user_op_alloc     app_timer.o
    0x0002c0b8   0x00000030   Code   RO          729    i.uuid_list_encode  ble_advdata.o
    0x0002c0e8   0x0000009e   Code   RO          730    i.uuid_list_sized_encode  ble_advdata.o
    0x0002c186   0x0000003a   Code   RO          575    i.wakeup_button_cfg  bsp.o
    0x0002c1c0   0x00000018   Data   RO           96    .constdata          main.o
    0x0002c1d8   0x00000008   Data   RO          449    .constdata          boards.o
    0x0002c1e0   0x0000002c   Data   RO          580    .constdata          bsp.o
    0x0002c20c   0x00000016   Data   RO         1222    .constdata          nrf_ble_gatt.o
    0x0002c222   0x00000002   PAD
    0x0002c224   0x00000010   Data   RO         1353    .constdata          ble_nus.o
    0x0002c234   0x00000004   Data   RO         1762    .constdata          nrfx_gpiote.o
    0x0002c238   0x00000004   Data   RO         2088    .constdata          nrfx_uart.o
    0x0002c23c   0x00000004   Data   RO         2267    .constdata          nrfx_uarte.o
    0x0002c240   0x00000008   Data   RO         2399    .constdata          app_button.o
    0x0002c248   0x00000008   PAD
    0x0002c250   0x00000006   Data   RO         2683    .constdata          app_timer.o
    0x0002c256   0x00000002   PAD
    0x0002c258   0x00000020   Data   RO         2834    .constdata          app_uart_fifo.o
    0x0002c278   0x00000010   Data   RO         3340    .constdata          nrf_fprintf_format.o
    0x0002c288   0x00000010   Data   RO         3468    .constdata          nrf_fstorage_sd.o
    0x0002c298   0x00000018   Data   RO         3643    .constdata          nrf_pwr_mgmt.o
    0x0002c2b0   0x0000000c   Data   RO         3644    .constdata          nrf_pwr_mgmt.o
    0x0002c2bc   0x0000013c   Data   RO         3736    .constdata          nrf_strerror.o
    0x0002c3f8   0x0000000c   Data   RO         3803    .constdata          nrf_log_backend_rtt.o
    0x0002c404   0x0000000c   PAD
    0x0002c410   0x00000006   Data   RO         3804    .constdata          nrf_log_backend_rtt.o
    0x0002c416   0x00000002   PAD
    0x0002c418   0x00000010   Data   RO         4418    .constdata          nrf_sdh.o
    0x0002c428   0x00000028   Data   RO         4419    .constdata          nrf_sdh.o
    0x0002c450   0x00000010   Data   RO         4420    .constdata          nrf_sdh.o
    0x0002c460   0x00000010   Data   RO         4421    .constdata          nrf_sdh.o
    0x0002c470   0x00000020   Data   RO         4533    .constdata          nrf_sdh_ble.o
    0x0002c490   0x00000010   Data   RO         4534    .constdata          nrf_sdh_ble.o
    0x0002c4a0   0x00000010   Data   RO         4577    .constdata          nrf_sdh_soc.o
    0x0002c4b0   0x0000000c   Data   RO         4578    .constdata          nrf_sdh_soc.o
    0x0002c4bc   0x00000081   Data   RO         4610    .constdata          mc_w.l(ctype_o.o)
    0x0002c53d   0x00000003   PAD
    0x0002c540   0x00000004   Data   RO         4611    .constdata          mc_w.l(ctype_o.o)
    0x0002c544   0x000000a2   Data   RO         1223    .conststring        nrf_ble_gatt.o
    0x0002c5e6   0x00000002   PAD
    0x0002c5e8   0x000003eb   Data   RO         3737    .conststring        nrf_strerror.o
    0x0002c9d3   0x00000001   PAD
    0x0002c9d4   0x00000066   Data   RO         4109    .conststring        nrf_log_str_formatter.o
    0x0002ca3a   0x00000002   PAD
    0x0002ca3c   0x000001cf   Data   RO         4535    .conststring        nrf_sdh_ble.o
    0x0002cc0b   0x00000001   PAD
    0x0002cc0c   0x0000000d   Data   RO         1224    .conststrlit        nrf_ble_gatt.o
    0x0002cc19   0x00000003   PAD
    0x0002cc1c   0x00000008   Data   RO         1354    .conststrlit        ble_nus.o
    0x0002cc24   0x00000006   Data   RO         1429    .conststrlit        nrf_drv_clock.o
    0x0002cc2a   0x00000002   PAD
    0x0002cc2c   0x00000006   Data   RO         1611    .conststrlit        nrfx_clock.o
    0x0002cc32   0x00000002   PAD
    0x0002cc34   0x00000007   Data   RO         1766    .conststrlit        nrfx_gpiote.o
    0x0002cc3b   0x00000001   PAD
    0x0002cc3c   0x00000004   Data   RO         2018    .conststrlit        nrfx_prs.o
    0x0002cc40   0x00000005   Data   RO         2091    .conststrlit        nrfx_uart.o
    0x0002cc45   0x00000003   PAD
    0x0002cc48   0x00000006   Data   RO         2270    .conststrlit        nrfx_uarte.o
    0x0002cc4e   0x00000002   PAD
    0x0002cc50   0x0000000d   Data   RO         3384    .conststrlit        nrf_fstorage.o
    0x0002cc5d   0x00000003   PAD
    0x0002cc60   0x0000000e   Data   RO         3470    .conststrlit        nrf_fstorage_sd.o
    0x0002cc6e   0x00000002   PAD
    0x0002cc70   0x00000009   Data   RO         3645    .conststrlit        nrf_pwr_mgmt.o
    0x0002cc79   0x00000003   PAD
    0x0002cc7c   0x00000018   Data   RO         3950    .conststrlit        nrf_log_frontend.o
    0x0002cc94   0x00000008   Data   RO         4422    .conststrlit        nrf_sdh.o
    0x0002cc9c   0x0000000c   Data   RO         4536    .conststrlit        nrf_sdh_ble.o
    0x0002cca8   0x0000000c   Data   RO         4579    .conststrlit        nrf_sdh_soc.o
    0x0002ccb4   0x00000020   Data   RO         4944    Region$$Table       anon$$obj.o
    0x0002ccd4   0x00000008   Data   RO         1225    log_const_data      nrf_ble_gatt.o
    0x0002ccdc   0x00000008   Data   RO         1355    log_const_data      ble_nus.o
    0x0002cce4   0x00000008   Data   RO         1430    log_const_data      nrf_drv_clock.o
    0x0002ccec   0x00000008   Data   RO         1613    log_const_data      nrfx_clock.o
    0x0002ccf4   0x00000008   Data   RO         1767    log_const_data      nrfx_gpiote.o
    0x0002ccfc   0x00000008   Data   RO         2020    log_const_data      nrfx_prs.o
    0x0002cd04   0x00000008   Data   RO         2092    log_const_data      nrfx_uart.o
    0x0002cd0c   0x00000008   Data   RO         2271    log_const_data      nrfx_uarte.o
    0x0002cd14   0x00000008   Data   RO         3385    log_const_data      nrf_fstorage.o
    0x0002cd1c   0x00000008   Data   RO         3473    log_const_data      nrf_fstorage_sd.o
    0x0002cd24   0x00000008   Data   RO         3647    log_const_data      nrf_pwr_mgmt.o
    0x0002cd2c   0x00000010   Data   RO         3953    log_const_data      nrf_log_frontend.o
    0x0002cd3c   0x00000008   Data   RO         4424    log_const_data      nrf_sdh.o
    0x0002cd44   0x00000008   Data   RO         4538    log_const_data      nrf_sdh_ble.o
    0x0002cd4c   0x00000008   Data   RO         4580    log_const_data      nrf_sdh_soc.o
    0x0002cd54   0x00000018   Data   RO         3955    nrf_balloc          nrf_log_frontend.o
    0x0002cd6c   0x00000008   Data   RO          999    sdh_ble_observers0  ble_conn_state.o
    0x0002cd74   0x00000010   Data   RO          100    sdh_ble_observers1  main.o
    0x0002cd84   0x00000008   Data   RO          679    sdh_ble_observers1  bsp_btn_ble.o
    0x0002cd8c   0x00000008   Data   RO          919    sdh_ble_observers1  ble_conn_params.o
    0x0002cd94   0x00000010   Data   RO          101    sdh_ble_observers2  main.o
    0x0002cda4   0x00000008   Data   RO          102    sdh_ble_observers3  main.o
    0x0002cdac   0x00000008   Data   RO         3475    sdh_req_observers0  nrf_fstorage_sd.o
    0x0002cdb4   0x00000008   Data   RO         1432    sdh_soc_observers0  nrf_drv_clock.o
    0x0002cdbc   0x00000008   Data   RO         3476    sdh_soc_observers0  nrf_fstorage_sd.o
    0x0002cdc4   0x00000008   Data   RO          103    sdh_soc_observers1  main.o
    0x0002cdcc   0x00000008   Data   RO         4540    sdh_stack_observers0  nrf_sdh_ble.o
    0x0002cdd4   0x00000008   Data   RO         4582    sdh_stack_observers0  nrf_sdh_soc.o
    0x0002cddc   0x00000008   Data   RO         1433    sdh_state_observers0  nrf_drv_clock.o
    0x0002cde4   0x00000008   Data   RO         3477    sdh_state_observers0  nrf_fstorage_sd.o


    Execution Region RW_IRAM1 (Base: 0x20002a98, Size: 0x00003108, Max: 0x0000d568, ABSOLUTE, COMPRESSED[0x00000058])

    Base Addr    Size         Type   Attr      Idx    E Section Name        Object

    0x20002a98   0x00000004   Data   RW           14    .data               system_nrf52.o
    0x20002a9c   0x00000008   Data   RW           97    .data               main.o
    0x20002aa4   0x00000028   Data   RW           98    .data               main.o
    0x20002acc   0x00000004   Data   RW           99    .data               main.o
    0x20002ad0   0x00000010   Data   RW          581    .data               bsp.o
    0x20002ae0   0x00000008   Data   RW          678    .data               bsp_btn_ble.o
    0x20002ae8   0x00000008   Data   RW          918    .data               ble_conn_params.o
    0x20002af0   0x0000000c   Data   RW         1549    .data               nrf_drv_uart.o
    0x20002afc   0x00000008   Data   RW         1612    .data               nrfx_clock.o
    0x20002b04   0x00000008   Data   RW         2019    .data               nrfx_prs.o
    0x20002b0c   0x00000004   PAD
    0x20002b10   0x00000020   Data   RW         2400    .data               app_button.o
    0x20002b30   0x00000014   Data   RW         2684    .data               app_timer.o
    0x20002b44   0x0000001c   Data   RW         2835    .data               app_uart_fifo.o
    0x20002b60   0x00000014   Data   RW         3471    .data               nrf_fstorage_sd.o
    0x20002b74   0x00000008   Data   RW         3472    .data               nrf_fstorage_sd.o
    0x20002b7c   0x00000008   Data   RW         3646    .data               nrf_pwr_mgmt.o
    0x20002b84   0x00000004   Data   RW         3765    .data               retarget.o
    0x20002b88   0x00000001   Data   RW         3805    .data               nrf_log_backend_rtt.o
    0x20002b89   0x00000003   PAD
    0x20002b8c   0x0000000c   Data   RW         3893    .data               nrf_log_default_backends.o
    0x20002b98   0x00000008   Data   RW         3951    .data               nrf_log_frontend.o
    0x20002ba0   0x00000008   Data   RW         3952    .data               nrf_log_frontend.o
    0x20002ba8   0x00000040   Data   RW         4110    .data               nrf_log_str_formatter.o
    0x20002be8   0x00000003   Data   RW         4423    .data               nrf_sdh.o
    0x20002beb   0x00000001   Data   RW         4537    .data               nrf_sdh_ble.o
    0x20002bec   0x00000004   Data   RW         1226    log_dynamic_data    nrf_ble_gatt.o
    0x20002bf0   0x00000004   Data   RW         1356    log_dynamic_data    ble_nus.o
    0x20002bf4   0x00000004   Data   RW         1431    log_dynamic_data    nrf_drv_clock.o
    0x20002bf8   0x00000004   Data   RW         1614    log_dynamic_data    nrfx_clock.o
    0x20002bfc   0x00000004   Data   RW         1768    log_dynamic_data    nrfx_gpiote.o
    0x20002c00   0x00000004   Data   RW         2021    log_dynamic_data    nrfx_prs.o
    0x20002c04   0x00000004   Data   RW         2093    log_dynamic_data    nrfx_uart.o
    0x20002c08   0x00000004   Data   RW         2272    log_dynamic_data    nrfx_uarte.o
    0x20002c0c   0x00000004   Data   RW         3386    log_dynamic_data    nrf_fstorage.o
    0x20002c10   0x00000004   Data   RW         3474    log_dynamic_data    nrf_fstorage_sd.o
    0x20002c14   0x00000004   Data   RW         3648    log_dynamic_data    nrf_pwr_mgmt.o
    0x20002c18   0x00000008   Data   RW         3954    log_dynamic_data    nrf_log_frontend.o
    0x20002c20   0x00000004   Data   RW         4425    log_dynamic_data    nrf_sdh.o
    0x20002c24   0x00000004   Data   RW         4539    log_dynamic_data    nrf_sdh_ble.o
    0x20002c28   0x00000004   Data   RW         4581    log_dynamic_data    nrf_sdh_soc.o
    0x20002c2c   0x000003cc   Zero   RW           95    .bss                main.o
    0x20002ff8   0x00000020   Zero   RW          576    .bss                bsp.o
    0x20003018   0x00000020   Zero   RW          577    .bss                bsp.o
    0x20003038   0x0000000c   Zero   RW          578    .bss                bsp.o
    0x20003044   0x00000020   Zero   RW          579    .bss                bsp.o
    0x20003064   0x00000050   Zero   RW          917    .bss                ble_conn_params.o
    0x200030b4   0x00000078   Zero   RW          998    .bss                ble_conn_state.o
    0x2000312c   0x00000014   Zero   RW         1424    .bss                nrf_drv_clock.o
    0x20003140   0x0000005c   Zero   RW         1761    .bss                nrfx_gpiote.o
    0x2000319c   0x0000002c   Zero   RW         2086    .bss                nrfx_uart.o
    0x200031c8   0x00000024   Zero   RW         2265    .bss                nrfx_uarte.o
    0x200031ec   0x00000020   Zero   RW         2398    .bss                app_button.o
    0x2000320c   0x0000010c   Zero   RW         2682    .bss                app_timer.o
    0x20003318   0x00000020   Zero   RW         2833    .bss                app_uart_fifo.o
    0x20003338   0x0000000c   Zero   RW         2910    .bss                app_util_platform.o
    0x20003344   0x000000a0   Zero   RW         3467    .bss                nrf_fstorage_sd.o
    0x200033e4   0x0000000c   Zero   RW         3642    .bss                nrf_pwr_mgmt.o
    0x200033f0   0x00000040   Zero   RW         3802    .bss                nrf_log_backend_rtt.o
    0x20003430   0x000000c0   Zero   RW         3948    .bss                nrf_log_frontend.o
    0x200034f0   0x00000424   Zero   RW         3949    .bss                nrf_log_frontend.o
    0x20003914   0x00000288   Zero   RW         4182    .bss                segger_rtt.o
    0x20003b9c   0x00000004   PAD
    0x20003ba0   0x00002000   Zero   RW            1    STACK               arm_startup_nrf52.o


==============================================================================

Image component sizes


      Code (inc. data)   RO Data    RW Data    ZI Data      Debug   Object Name

       440         36          8         32         32      12966   app_button.o
        22          0          0          0          0       2433   app_error.o
       124         42          0          0          0       3886   app_error_weak.o
       118          0          0          0          0       4942   app_fifo.o
      1506        118          6         20        268      47887   app_timer.o
       524         60         32         28         32      20934   app_uart_fifo.o
       124         14          0          0         12       6390   app_util_platform.o
        36          8        512          0       8192        968   arm_startup_nrf52.o
      1314          0          0          0          0      37992   ble_advdata.o
      1116          6          0          0          0      13036   ble_advertising.o
       636         44          8          8         80       9155   ble_conn_params.o
       360         10          8          0        120       6763   ble_conn_state.o
        72          0          0          0          0       1628   ble_link_ctx_manager.o
       920          4         32          4          0       8760   ble_nus.o
         8          0          0          0          0       1438   ble_srv_common.o
       358         40          8          0          0      18427   boards.o
       982         82         44         16        108      15223   bsp.o
       256         10          8          8          0       4744   bsp_btn_ble.o
      1388        288         72         52        972     161276   main.o
       244          0          0          0          0       5613   nrf_atfifo.o
        64          0          0          0          0       2924   nrf_atflags.o
       306          0          0          0          0       7919   nrf_atomic.o
       164          0          0          0          0       3604   nrf_balloc.o
       922        254        205          4          0      36878   nrf_ble_gatt.o
       276          0          0          0          0       4653   nrf_ble_qwr.o
       276         34         30          4         20      37322   nrf_drv_clock.o
       200         26          0         12          0      17584   nrf_drv_uart.o
        50          0          0          0          0       3493   nrf_fprintf.o
       850          4         16          0          0       5430   nrf_fprintf_format.o
        80         10         21          4          0       2628   nrf_fstorage.o
       484         42         62         32        160       9613   nrf_fstorage_sd.o
       112         18         18          1         64       6253   nrf_log_backend_rtt.o
       200          0          0          0          0      10755   nrf_log_backend_serial.o
        28          6          0         12          0       3154   nrf_log_default_backends.o
      1490        118         64         24       1252      29753   nrf_log_frontend.o
       566        108        102         64          0       5736   nrf_log_str_formatter.o
       330          0          0          0          0       9535   nrf_memobj.o
       108         16         53         12         12      33167   nrf_pwr_mgmt.o
       660         60        104          7          0      42936   nrf_sdh.o
       756        224        539          5          0       5957   nrf_sdh_ble.o
        60          4         56          4          0       2548   nrf_sdh_soc.o
        78          0          0          0          0       2740   nrf_section_iter.o
        76         10       1319          0          0       2703   nrf_strerror.o
       222         28         14         12          0      40940   nrfx_clock.o
      1226         92         19          4         92      58146   nrfx_gpiote.o
        94         16         12         12          0       3797   nrfx_prs.o
      1362         36         17          4         44      31026   nrfx_uart.o
      1200         38         18          4         36      23661   nrfx_uarte.o
        14          0          0          4          0       2842   retarget.o
       378         34          0          0        648       8909   segger_rtt.o
       792         68          0          4          0      62950   system_nrf52.o

    ----------------------------------------------------------------------
     24014       2008       3492        404      12148     904017   Object Totals
         0          0         32          0          0          0   (incl. Generated)
        42          0         53          7          4          0   (incl. Padding)

    ----------------------------------------------------------------------

      Code (inc. data)   RO Data    RW Data    ZI Data      Debug   Library Member Name

        86          0          0          0          0          0   __dczerorl2.o
         8          4        133          0          0         68   ctype_o.o
         0          0          0          0          0          0   entry.o
         0          0          0          0          0          0   entry10a.o
         0          0          0          0          0          0   entry11a.o
         8          4          0          0          0          0   entry2.o
         4          0          0          0          0          0   entry5.o
         0          0          0          0          0          0   entry7b.o
         0          0          0          0          0          0   entry8b.o
         8          4          0          0          0          0   entry9a.o
        30          0          0          0          0          0   handlers.o
        36          8          0          0          0         68   init.o
        30          0          0          0          0         68   llshl.o
        32          0          0          0          0         68   llushr.o
        36          0          0          0          0         68   memcpya.o
        36          0          0          0          0        108   memseta.o
        50          8          0          0          0        152   printfb.o
        18          0          0          0          0         68   strcpy.o
        14          0          0          0          0         68   strlen.o
        98          0          0          0          0         92   uldiv.o

    ----------------------------------------------------------------------
       498         28        136          0          0        828   Library Totals
         4          0          3          0          0          0   (incl. Padding)

    ----------------------------------------------------------------------

      Code (inc. data)   RO Data    RW Data    ZI Data      Debug   Library Name

       494         28        133          0          0        828   mc_w.l

    ----------------------------------------------------------------------
       498         28        136          0          0        828   Library Totals

    ----------------------------------------------------------------------

==============================================================================


      Code (inc. data)   RO Data    RW Data    ZI Data      Debug   

     24512       2036       3628        404      12148     875417   Grand Totals
     24512       2036       3628         88      12148     875417   ELF Image Totals (compressed)
     24512       2036       3628         88          0          0   ROM Totals

==============================================================================

    Total RO  Size (Code + RO Data)                28140 (  27.48kB)
    Total RW  Size (RW Data + ZI Data)             12552 (  12.26kB)
    Total ROM Size (Code + RO Data + RW Data)      28228 (  27.57kB)

==============================================================================

